[11-13-30.932]U-Boot 2016.03 (Jul 31 2026 - 17:18:08 +0800)
[11-13-30.932]
[11-13-30.932]CPU:   Freescale i.MX6ULL rev1.1 69 MHz (running at 396 MHz)
[11-13-30.958]CPU:   Industrial temperature grade (-40C to 105C) at 46C
[11-13-30.958]Reset cause: POR
[11-13-30.958]Board: MX6ULL EMMC LZY
[11-13-30.958]I2C:   ready
[11-13-30.958]DRAM:  512 MiB
[11-13-31.035]MMC:   FSL_SDHC: 0, FSL_SDHC: 1
[11-13-31.143]Display: TFT7016 (1024x600)
[11-13-31.143]Video: 1024x600x24
[11-13-31.158]In:    serial
[11-13-31.158]Out:   serial
[11-13-31.158]Err:   serial
[11-13-31.251]switch to partitions #0, OK
[11-13-31.251]mmc0 is current device
[11-13-31.435]Net:   FEC1
[11-13-31.435]Normal Boot
[11-13-34.445]Hit any key to stop autoboot:  0 
[11-13-34.445]BOOTMARK:TFTP_KERNEL_START
[11-13-34.692]FEC1 Waiting for PHY auto negotiation to complete. done
[11-13-34.787]Using FEC1 device
[11-13-34.787]TFTP from server 192.168.10.111; our IP address is 192.168.10.11
[11-13-34.787]Filename 'zImage'.
[11-13-34.799]Load address: 0x80800000
[11-13-40.178]Loading: #################################################################
[11-13-40.502]         #################################################################
[11-13-40.872]         #################################################################
[11-13-41.227]         #################################################################
[11-13-41.565]         #################################################################
[11-13-41.890]         ###########################################################
[11-13-41.890]         774.4 KiB/s
[11-13-41.890]done
[11-13-41.890]Bytes transferred = 5624992 (55d4a0 hex)
[11-13-41.890]BOOTMARK:TFTP_KERNEL_END
[11-13-41.905]BOOTMARK:TFTP_DTB_START
[11-13-42.001]Using FEC1 device
[11-13-42.001]TFTP from server 192.168.10.111; our IP address is 192.168.10.11
[11-13-42.001]Filename 'imx6ull-emmc-lzy.dtb'.
[11-13-42.013]Load address: 0x83000000
[11-13-42.033]Loading: ###
[11-13-42.033]         2 MiB/s
[11-13-42.033]done
[11-13-42.033]Bytes transferred = 40370 (9db2 hex)
[11-13-42.033]BOOTMARK:TFTP_DTB_END
[11-13-42.033]BOOTMARK:KERNEL_START
[11-13-42.044]Kernel image @ 0x80800000 [ 0x000000 - 0x55d4a0 ]
[11-13-42.044]## Flattened Device Tree blob at 83000000
[11-13-42.060]   Booting using the fdt blob at 0x83000000
[11-13-42.060]   Using Device Tree in place at 83000000, end 8300cdb1
[11-13-42.075]
[11-13-42.075]Starting kernel ...
[11-13-42.075]
[11-13-42.981]Booting Linux on physical CPU 0x0
[11-13-42.991]Linux version 4.1.15+ (lzy@lzy) (gcc version 4.9.4 (Linaro GCC 4.9-2017.01) ) #9 SMP PREEMPT Thu Sep 17 18:47:51 CST 2026
[11-13-42.991]CPU: ARMv7 Processor [410fc075] revision 5 (ARMv7), cr=10c5387d
[11-13-43.002]CPU: PIPT / VIPT nonaliasing data cache, VIPT aliasing instruction cache
[11-13-43.002]Machine model: Freescale i.MX6 ULL 14x14 EVK Board
[11-13-43.013]Reserved memory: created CMA memory pool at 0x98000000, size 128 MiB
[11-13-43.022]Reserved memory: initialized node linux,cma, compatible id shared-dma-pool
[11-13-43.022]Memory policy: Data cache writealloc
[11-13-43.033]PERCPU: Embedded 12 pages/cpu @97b8e000 s16768 r8192 d24192 u49152
[11-13-43.033]Built 1 zonelists in Zone order, mobility grouping on.  Total pages: 130048
[11-13-43.052]Kernel command line: console=tty1 console=ttymxc0,115200 root=/dev/nfs rw nfsroot=192.168.10.111:/home/lzy/linux/nfs/rootfs,proto=tcp,nfsvers=3 ip=192.168.10.11:192.168.10.111:192.168.10.1:255.255.255.0::eth0:off
[11-13-43.064]PID hash table entries: 2048 (order: 1, 8192 bytes)
[11-13-43.064]Dentry cache hash table entries: 65536 (order: 6, 262144 bytes)
[11-13-43.074]Inode-cache hash table entries: 32768 (order: 5, 131072 bytes)
[11-13-43.084]Memory: 377612K/524288K available (7002K kernel code, 327K rwdata, 2412K rodata, 432K init, 426K bss, 15604K reserved, 131072K cma-reserved, 0K highmem)
[11-13-43.084]Virtual kernel memory layout:
[11-13-43.094]    vector  : 0xffff0000 - 0xffff1000   (   4 kB)
[11-13-43.095]    fixmap  : 0xffc00000 - 0xfff00000   (3072 kB)
[11-13-43.106]    vmalloc : 0xa0800000 - 0xff000000   (1512 MB)
[11-13-43.106]    lowmem  : 0x80000000 - 0xa0000000   ( 512 MB)
[11-13-43.114]    pkmap   : 0x7fe00000 - 0x80000000   (   2 MB)
[11-13-43.114]    modules : 0x7f000000 - 0x7fe00000   (  14 MB)
[11-13-43.114]      .text : 0x80008000 - 0x80939bac   (9415 kB)
[11-13-43.126]      .init : 0x8093a000 - 0x809a6000   ( 432 kB)
[11-13-43.126]      .data : 0x809a6000 - 0x809f7ec0   ( 328 kB)
[11-13-43.136]       .bss : 0x809fa000 - 0x80a64ab4   ( 427 kB)
[11-13-43.136]SLUB: HWalign=64, Order=0-3, MinObjects=0, CPUs=1, Nodes=1
[11-13-43.145]Preemptible hierarchical RCU implementation.
[11-13-43.145]        Additional per-CPU info printed with stalls.
[11-13-43.145]        RCU restricting CPUs from NR_CPUS=4 to nr_cpu_ids=1.
[11-13-43.156]RCU: Adjusting geometry for rcu_fanout_leaf=16, nr_cpu_ids=1
[11-13-43.156]NR_IRQS:16 nr_irqs:16 16
[11-13-43.156]mxc_clocksource_init 3000000
[11-13-43.167]Switching to timer-based delay loop, resolution 333ns
[11-13-43.176]sched_clock: 32 bits at 3000kHz, resolution 333ns, wraps every 715827882841ns
[11-13-43.176]clocksource mxc_timer1: mask: 0xffffffff max_cycles: 0xffffffff, max_idle_ns: 637086815595 ns
[11-13-43.187]Console: colour dummy device 80x30
[11-13-43.187]console [tty1] enabled
[11-13-43.197]Calibrating delay loop (skipped), value calculated using timer frequency.. 6.00 BogoMIPS (lpj=30000)
[11-13-43.197]pid_max: default: 32768 minimum: 301
[11-13-43.206]Mount-cache hash table entries: 1024 (order: 0, 4096 bytes)
[11-13-43.206]Mountpoint-cache hash table entries: 1024 (order: 0, 4096 bytes)
[11-13-43.218]CPU: Testing write buffer coherency: ok
[11-13-43.218]/cpus/cpu@0 missing clock-frequency property
[11-13-43.218]CPU0: thread -1, cpu 0, socket 0, mpidr 80000000
[11-13-43.229]Setting up static identity map for 0x80008280 - 0x800082d8
[11-13-43.230]Brought up 1 CPUs
[11-13-43.230]SMP: Total of 1 processors activated (6.00 BogoMIPS).
[11-13-43.240]CPU: All CPU(s) started in SVC mode.
[11-13-43.240]devtmpfs: initialized
[11-13-43.240]device-tree: Duplicate name in lcdif@021c8000, renamed to "display#1"
[11-13-43.251]VFP support v0.3: implementor 41 architecture 2 part 30 variant 7 rev 5
[11-13-43.263]clocksource jiffies: mask: 0xffffffff max_cycles: 0xffffffff, max_idle_ns: 19112604462750000 ns
[11-13-43.263]pinctrl core: initialized pinctrl subsystem
[11-13-43.263]NET: Registered protocol family 16
[11-13-43.273]DMA: preallocated 256 KiB pool for atomic coherent allocations
[11-13-43.273]cpuidle: using governor ladder
[11-13-43.282]cpuidle: using governor menu
[11-13-43.282]hw-breakpoint: found 5 (+1 reserved) breakpoint and 4 watchpoint registers.
[11-13-43.293]hw-breakpoint: maximum watchpoint size is 8 bytes.
[11-13-43.304]imx6ul-pinctrl 20e0000.iomuxc: Invalid fsl,pins property in node /soc/aips-bus@02000000/iomuxc@020e0000/imx6ul-evk/gpio-leds
[11-13-43.313]imx6ul-pinctrl 20e0000.iomuxc: Invalid fsl,pins property in node /soc/aips-bus@02000000/iomuxc@020e0000/imx6ul-evk/gpio-keys
[11-13-43.324]imx6ul-pinctrl 20e0000.iomuxc: Invalid fsl,pins property in node /soc/aips-bus@02000000/iomuxc@020e0000/imx6ul-evk/hdmigrp-1
[11-13-43.334]imx6ul-pinctrl 20e0000.iomuxc: Invalid fsl,pins property in node /soc/aips-bus@02000000/iomuxc@020e0000/imx6ul-evk/ts_int_pin_mux
[11-13-43.344]imx6ul-pinctrl 20e0000.iomuxc: initialized IMX pinctrl driver
[11-13-43.355]imx6ul-pinctrl 2290000.iomuxc-snvs: Invalid fsl,pins property in node /soc/aips-bus@02200000/iomuxc-snvs@02290000/imx6ul-evk/lcdifresetgrp
[11-13-43.365]imx6ul-pinctrl 2290000.iomuxc-snvs: Invalid fsl,pins property in node /soc/aips-bus@02200000/iomuxc-snvs@02290000/imx6ul-evk/ts_reset_pin_mux
[11-13-43.375]imx6ul-pinctrl 2290000.iomuxc-snvs: initialized IMX pinctrl driver
[11-13-43.375]mxs-dma 1804000.dma-apbh: initialized
[11-13-43.375]SCSI subsystem initialized
[11-13-43.375]usbcore: registered new interface driver usbfs
[11-13-43.386]usbcore: registered new interface driver hub
[11-13-43.386]usbcore: registered new device driver usb
[11-13-43.386]i2c i2c-0: IMX I2C adapter registered
[11-13-43.396]i2c i2c-0: can't use DMA
[11-13-43.397]i2c i2c-1: IMX I2C adapter registered
[11-13-43.397]i2c i2c-1: can't use DMA
[11-13-43.397]Linux video capture interface: v2.00
[11-13-43.408]pps_core: LinuxPPS API ver. 1 registered
[11-13-43.408]pps_core: Software ver. 5.3.6 - Copyright 2005-2007 Rodolfo Giometti <giometti@linux.it>
[11-13-43.419]PTP clock support registered
[11-13-43.419]Advanced Linux Sound Architecture Driver Initialized.
[11-13-43.419]Switched to clocksource mxc_timer1
[11-13-43.431]NET: Registered protocol family 2
[11-13-43.431]TCP established hash table entries: 4096 (order: 2, 16384 bytes)
[11-13-43.442]TCP bind hash table entries: 4096 (order: 3, 32768 bytes)
[11-13-43.442]TCP: Hash tables configured (established 4096 bind 4096)
[11-13-43.450]UDP hash table entries: 256 (order: 1, 8192 bytes)
[11-13-43.451]UDP-Lite hash table entries: 256 (order: 1, 8192 bytes)
[11-13-43.451]NET: Registered protocol family 1
[11-13-43.461]RPC: Registered named UNIX socket transport module.
[11-13-43.462]RPC: Registered udp transport module.
[11-13-43.473]RPC: Registered tcp transport module.
[11-13-43.473]RPC: Registered tcp NFSv4.1 backchannel transport module.
[11-13-43.473]imx rpmsg driver is registered.
[11-13-43.481]Bus freq driver module loaded
[11-13-43.481]futex hash table entries: 256 (order: 2, 16384 bytes)
[11-13-43.481]VFS: Disk quotas dquot_6.6.0
[11-13-43.493]VFS: Dquot-cache hash table entries: 1024 (order 0, 4096 bytes)
[11-13-43.493]NFS: Registering the id_resolver key type
[11-13-43.493]Key type id_resolver registered
[11-13-43.503]Key type id_legacy registered
[11-13-43.503]jffs2: version 2.2. (NAND) © 2001-2006 Red Hat, Inc.
[11-13-43.512]fuse init (API version 7.23)
[11-13-43.512]io scheduler noop registered
[11-13-43.512]io scheduler deadline registered
[11-13-43.512]io scheduler cfq registered (default)
[11-13-43.523]imx-weim 21b8000.weim: Driver registered.
[11-13-43.523]backlight supply power not found, using dummy regulator
[11-13-43.533]21c8000.lcdif supply lcd not found, using dummy regulator
[11-13-43.534]mxsfb 21c8000.lcdif: failed to find mxc display driver 
[11-13-43.543]Console: switching to colour frame buffer device 128x37
[11-13-43.543]mxsfb 21c8000.lcdif: initialized
[11-13-43.553]imx-sdma 20ec000.sdma: no event needs to be remapped
[11-13-43.553]imx-sdma 20ec000.sdma: loaded firmware 3.3
[11-13-43.553]imx-sdma 20ec000.sdma: initialized
[11-13-43.564]2020000.serial: ttymxc0 at MMIO 0x2020000 (irq = 19, base_baud = 5000000) is a IMX
[11-13-43.564]console [ttymxc0] enabled
[11-13-43.584]21ec000.serial: ttymxc2 at MMIO 0x21ec000 (irq = 233, base_baud = 5000000) is a IMX
[11-13-43.584]imx sema4 driver is registered.
[11-13-43.593][drm] Initialized drm 1.1.0 20060810
[11-13-43.609][drm] Initialized vivante 1.0.0 20120216 on minor 0
[11-13-43.639]brd: module loaded
[11-13-43.666]loop: module loaded
[11-13-43.666]fsl-quadspi 21e0000.qspi: unrecognized JEDEC id bytes: ff, ff, ff
[11-13-43.670]fsl-quadspi 21e0000.qspi: Freescale QuadSPI probe failed
[11-13-43.686]spi_imx 2010000.ecspi: probed
[11-13-43.701]20b4000.ethernet supply phy not found, using dummy regulator
[11-13-44.069]pps pps0: new PPS source ptp0
[11-13-44.085]libphy: fec_enet_mii_bus: probed
[11-13-44.085]fec 20b4000.ethernet eth0: registered PHC device 0
[11-13-44.100]2188000.ethernet supply phy not found, using dummy regulator
[11-13-44.470]pps pps1: new PPS source ptp1
[11-13-44.486]fec 2188000.ethernet eth1: registered PHC device 1
[11-13-44.486]ehci_hcd: USB 2.0 'Enhanced' Host Controller (EHCI) Driver
[11-13-44.505]ehci-mxc: Freescale On-Chip EHCI Host driver
[11-13-44.505]ohci_hcd: USB 1.1 'Open' Host Controller (OHCI) Driver
[11-13-44.527]usbcore: registered new interface driver usb-storage
[11-13-44.527]2184800.usbmisc supply vbus-wakeup not found, using dummy regulator
[11-13-44.534]2184000.usb supply vbus not found, using dummy regulator
[11-13-44.562]2184200.usb supply vbus not found, using dummy regulator
[11-13-44.562]ci_hdrc ci_hdrc.1: EHCI Host Controller
[11-13-44.579]ci_hdrc ci_hdrc.1: new USB bus registered, assigned bus number 1
[11-13-44.610]ci_hdrc ci_hdrc.1: USB 2.0 started, EHCI 1.00
[11-13-44.610]hub 1-0:1.0: USB hub found
[11-13-44.610]hub 1-0:1.0: 1 port detected
[11-13-44.625]Mass Storage Function, version: 2009/09/11
[11-13-44.625]LUN: removable file: (no medium)
[11-13-44.642]no file given for LUN0
[11-13-44.642]g_mass_storage ci_hdrc.0: failed to start g_mass_storage: -22
[11-13-44.656]mousedev: PS/2 mouse device common for all mice
[11-13-44.673]input: 20cc000.snvs:snvs-powerkey as /devices/platform/soc/2000000.aips-bus/20cc000.snvs/20cc000.snvs:snvs-powerkey/input/input0
[11-13-44.949]usb 1-1: new high-speed USB device number 2 using ci_hdrc
[11-13-45.010]input: edt-ft5426 as /devices/platform/soc/2100000.aips-bus/21a4000.i2c/i2c-1/1-0038/input/input1
[11-13-45.025]snvs_rtc 20cc000.snvs:snvs-rtc-lp: rtc core: registered 20cc000.snvs:snvs-r as rtc0
[11-13-45.025]i2c /dev entries driver
[11-13-45.047]IR NEC protocol handler initialized
[11-13-45.048]IR RC5(x/sz) protocol handler initialized
[11-13-45.048]IR RC6 protocol handler initialized
[11-13-45.067]IR JVC protocol handler initialized
[11-13-45.067]IR Sony protocol handler initialized
[11-13-45.067]IR SANYO protocol handler initialized
[11-13-45.072]IR Sharp protocol handler initialized
[11-13-45.088]IR MCE Keyboard/mouse protocol handler initialized
[11-13-45.088]IR XMP protocol handler initialized
[11-13-45.103]hub 1-1:1.0: USB hub found
[11-13-45.103]pxp-v4l2 pxp_v4l2: initialized
[11-13-45.119]hub 1-1:1.0: 4 ports detected
[11-13-45.119]imx2-wdt 20bc000.wdog: use WDOG_B to reboot.
[11-13-45.147]imx2-wdt 20bc000.wdog: timeout 60 sec (nowayout=0)
[11-13-45.148]sdhci: Secure Digital Host Controller Interface driver
[11-13-45.165]sdhci: Copyright(c) Pierre Ossman
[11-13-45.165]sdhci-pltfm: SDHCI platform and OF driver helper
[11-13-45.181]/soc/aips-bus@02100000/usdhc@02190000: voltage-ranges unspecified
[11-13-45.181]sdhci-esdhc-imx 2190000.usdhc: Got CD GPIO
[11-13-45.195]sdhci-esdhc-imx 2190000.usdhc: No vqmmc regulator found
[11-13-45.241]mmc0: SDHCI controller on 2190000.usdhc [2190000.usdhc] using ADMA
[11-13-45.257]/soc/aips-bus@02100000/usdhc@02194000: voltage-ranges unspecified
[11-13-45.273]sdhci-esdhc-imx 2194000.usdhc: No vmmc regulator found
[11-13-45.288]sdhci-esdhc-imx 2194000.usdhc: No vqmmc regulator found
[11-13-45.332]mmc0: host does not support reading read-only switch, assuming write-enable
[11-13-45.350]mmc1: SDHCI controller on 2194000.usdhc [2194000.usdhc] using ADMA
[11-13-45.350]mmc0: new high speed SDHC card at address 0001
[11-13-45.381]usbcore: registered new interface driver usbhid
[11-13-45.381]mmcblk0: mmc0:0001 SD 29.1 GiB 
[11-13-45.381]usbhid: USB HID core driver
[11-13-45.381] mmcblk0: p1
[11-13-45.411]wm8960 1-001a: Failed to issue reset
[11-13-45.427]wm8960: probe of 1-001a failed with error -5
[11-13-45.457]fsl-asrc 2034000.asrc: driver registered
[11-13-45.472]imx-wm8960 sound: wm8960-hifi <-> 202c000.sai mapping ok
[11-13-45.495]imx-wm8960 sound: snd-soc-dummy-dai <-> 2034000.asrc mapping ok
[11-13-45.495]imx-wm8960 sound: wm8960-hifi <-> 202c000.sai mapping ok
[11-13-45.505]mmc1: MAN_BKOPS_EN bit is not set
[11-13-45.534]mmc1: new DDR MMC card at address 0001
[11-13-45.534]mmcblk1: mmc1:0001 8GTF4R 7.28 GiB 
[11-13-45.549]mmcblk1boot0: mmc1:0001 8GTF4R partition 1 4.00 MiB
[11-13-45.549]mmcblk1boot1: mmc1:0001 8GTF4R partition 2 4.00 MiB
[11-13-45.565]mmcblk1rpmb: mmc1:0001 8GTF4R partition 3 512 KiB
[11-13-45.565] mmcblk1: p1 p2
[11-13-45.641]NET: Registered protocol family 10
[11-13-45.641]sit: IPv6 over IPv4 tunneling driver
[11-13-45.672]NET: Registered protocol family 17
[11-13-45.672]lib80211: common routines for IEEE802.11 drivers
[11-13-45.672]Key type dns_resolver registered
[11-13-45.687]Registering SWP/SWPB emulation handler
[11-13-45.702]gpio-keys gpio_keys@0: Found button without gpios or irqs
[11-13-45.702]gpio-keys: probe of gpio_keys@0 failed with error -22
[11-13-45.718]snvs_rtc 20cc000.snvs:snvs-rtc-lp: setting system clock to 1970-01-01 00:00:00 UTC (0)
[11-13-45.810]fec 20b4000.ethernet eth0: Freescale FEC PHY driver [Generic PHY] (mii_bus:phy_addr=20b4000.ethernet:01, irq=-1)
[11-13-45.857]IPv6: ADDRCONF(NETDEV_UP): eth0: link is not ready
[11-13-49.815]fec 20b4000.ethernet eth0: Link is Up - 100Mbps/Full - flow control rx/tx
[11-13-49.830]IPv6: ADDRCONF(NETDEV_CHANGE): eth0: link becomes ready
[11-13-49.845]IP-Config: Complete:
[11-13-49.861]     device=eth0, hwaddr=b8:ae:1d:01:00:00, ipaddr=192.168.10.11, mask=255.255.255.0, gw=192.168.10.1
[11-13-49.861]     host=192.168.10.11, domain=, nis-domain=(none)
[11-13-49.880]     bootserver=192.168.10.111, rootserver=192.168.10.111, rootpath=
[11-13-49.880]audio-pwr: disabling
[11-13-49.880]can-3v3: disabling
[11-13-49.880]ALSA device list:
[11-13-49.893]  #0: wm8960-audio
[11-13-50.917]VFS: Mounted root (nfs filesystem) on device 0:15.
[11-13-50.917]devtmpfs: mounted
[11-13-50.922]Freeing unused kernel memory: 432K (8093a000 - 809a6000)
[11-13-51.230]cut: /proc/uptime: No such file or directory
[11-13-51.230]BOOTMARK:USERSPACE_START uptime=
[11-13-51.460]ALSA: Restoring mixer setting......
[11-13-51.490]BOOTMARK:CONSOLE_READY uptime=9.05
[11-13-51.521]
[11-26-48.448]Please press Enter to activate this console. 
[11-26-48.448]
