[11-36-29.888]U-Boot 2016.03 (Jul 31 2026 - 17:18:08 +0800)
[11-36-29.888]
[11-36-29.888]CPU:   Freescale i.MX6ULL rev1.1 69 MHz (running at 396 MHz)
[11-36-29.921]CPU:   Industrial temperature grade (-40C to 105C) at 52C
[11-36-29.921]Reset cause: POR
[11-36-29.921]Board: MX6ULL EMMC LZY
[11-36-29.921]I2C:   ready
[11-36-29.921]DRAM:  512 MiB
[11-36-29.998]MMC:   FSL_SDHC: 0, FSL_SDHC: 1
[11-36-30.090]Display: TFT7016 (1024x600)
[11-36-30.121]Video: 1024x600x24
[11-36-30.121]In:    serial
[11-36-30.121]Out:   serial
[11-36-30.121]Err:   serial
[11-36-30.198]switch to partitions #0, OK
[11-36-30.198]mmc0 is current device
[11-36-30.398]Net:   FEC1
[11-36-30.398]Normal Boot
[11-36-33.396]Hit any key to stop autoboot:  0 
[11-36-33.396]BOOTMARK:TFTP_KERNEL_START
[11-36-33.565]FEC1 Waiting for PHY auto negotiation to complete. done
[11-36-33.656]Using FEC1 device
[11-36-33.672]TFTP from server 192.168.10.111; our IP address is 192.168.10.11
[11-36-33.672]Filename 'zImage'.
[11-36-33.672]Load address: 0x80800000
[11-36-39.107]Loading: #################################################################
[11-36-39.463]         #################################################################
[11-36-39.847]         #################################################################
[11-36-40.200]         #################################################################
[11-36-40.586]         #################################################################
[11-36-40.909]         ###########################################################
[11-36-40.909]         758.8 KiB/s
[11-36-40.909]done
[11-36-40.909]Bytes transferred = 5624992 (55d4a0 hex)
[11-36-40.909]BOOTMARK:TFTP_KERNEL_END
[11-36-40.924]BOOTMARK:TFTP_DTB_START
[11-36-41.016]Using FEC1 device
[11-36-41.032]TFTP from server 192.168.10.111; our IP address is 192.168.10.11
[11-36-41.032]Filename 'imx6ull-emmc-lzy.dtb'.
[11-36-41.032]Load address: 0x83000000
[11-36-41.048]Loading: ###
[11-36-41.048]         2.3 MiB/s
[11-36-41.048]done
[11-36-41.048]Bytes transferred = 40370 (9db2 hex)
[11-36-41.056]BOOTMARK:TFTP_DTB_END
[11-36-41.056]BOOTMARK:KERNEL_START
[11-36-41.056]Kernel image @ 0x80800000 [ 0x000000 - 0x55d4a0 ]
[11-36-41.077]## Flattened Device Tree blob at 83000000
[11-36-41.078]   Booting using the fdt blob at 0x83000000
[11-36-41.078]   Using Device Tree in place at 83000000, end 8300cdb1
[11-36-41.078]
[11-36-41.094]Starting kernel ...
[11-36-41.094]
[11-36-41.989]Booting Linux on physical CPU 0x0
[11-36-42.002]Linux version 4.1.15+ (lzy@lzy) (gcc version 4.9.4 (Linaro GCC 4.9-2017.01) ) #9 SMP PREEMPT Thu Sep 17 18:47:51 CST 2026
[11-36-42.002]CPU: ARMv7 Processor [410fc075] revision 5 (ARMv7), cr=10c5387d
[11-36-42.012]CPU: PIPT / VIPT nonaliasing data cache, VIPT aliasing instruction cache
[11-36-42.012]Machine model: Freescale i.MX6 ULL 14x14 EVK Board
[11-36-42.024]Reserved memory: created CMA memory pool at 0x98000000, size 128 MiB
[11-36-42.024]Reserved memory: initialized node linux,cma, compatible id shared-dma-pool
[11-36-42.035]Memory policy: Data cache writealloc
[11-36-42.035]PERCPU: Embedded 12 pages/cpu @97b8e000 s16768 r8192 d24192 u49152
[11-36-42.046]Built 1 zonelists in Zone order, mobility grouping on.  Total pages: 130048
[11-36-42.057]Kernel command line: console=tty1 console=ttymxc0,115200 root=/dev/nfs rw nfsroot=192.168.10.111:/home/lzy/linux/nfs/rootfs,proto=tcp,nfsvers=3 ip=192.168.10.11:192.168.10.111:192.168.10.1:255.255.255.0::eth0:off
[11-36-42.068]PID hash table entries: 2048 (order: 1, 8192 bytes)
[11-36-42.068]Dentry cache hash table entries: 65536 (order: 6, 262144 bytes)
[11-36-42.080]Inode-cache hash table entries: 32768 (order: 5, 131072 bytes)
[11-36-42.090]Memory: 377612K/524288K available (7002K kernel code, 327K rwdata, 2412K rodata, 432K init, 426K bss, 15604K reserved, 131072K cma-reserved, 0K highmem)
[11-36-42.099]Virtual kernel memory layout:
[11-36-42.099]    vector  : 0xffff0000 - 0xffff1000   (   4 kB)
[11-36-42.099]    fixmap  : 0xffc00000 - 0xfff00000   (3072 kB)
[11-36-42.110]    vmalloc : 0xa0800000 - 0xff000000   (1512 MB)
[11-36-42.110]    lowmem  : 0x80000000 - 0xa0000000   ( 512 MB)
[11-36-42.122]    pkmap   : 0x7fe00000 - 0x80000000   (   2 MB)
[11-36-42.122]    modules : 0x7f000000 - 0x7fe00000   (  14 MB)
[11-36-42.130]      .text : 0x80008000 - 0x80939bac   (9415 kB)
[11-36-42.130]      .init : 0x8093a000 - 0x809a6000   ( 432 kB)
[11-36-42.130]      .data : 0x809a6000 - 0x809f7ec0   ( 328 kB)
[11-36-42.141]       .bss : 0x809fa000 - 0x80a64ab4   ( 427 kB)
[11-36-42.141]SLUB: HWalign=64, Order=0-3, MinObjects=0, CPUs=1, Nodes=1
[11-36-42.152]Preemptible hierarchical RCU implementation.
[11-36-42.152]        Additional per-CPU info printed with stalls.
[11-36-42.161]        RCU restricting CPUs from NR_CPUS=4 to nr_cpu_ids=1.
[11-36-42.161]RCU: Adjusting geometry for rcu_fanout_leaf=16, nr_cpu_ids=1
[11-36-42.161]NR_IRQS:16 nr_irqs:16 16
[11-36-42.172]mxc_clocksource_init 3000000
[11-36-42.172]Switching to timer-based delay loop, resolution 333ns
[11-36-42.182]sched_clock: 32 bits at 3000kHz, resolution 333ns, wraps every 715827882841ns
[11-36-42.191]clocksource mxc_timer1: mask: 0xffffffff max_cycles: 0xffffffff, max_idle_ns: 637086815595 ns
[11-36-42.191]Console: colour dummy device 80x30
[11-36-42.191]console [tty1] enabled
[11-36-42.203]Calibrating delay loop (skipped), value calculated using timer frequency.. 6.00 BogoMIPS (lpj=30000)
[11-36-42.203]pid_max: default: 32768 minimum: 301
[11-36-42.213]Mount-cache hash table entries: 1024 (order: 0, 4096 bytes)
[11-36-42.213]Mountpoint-cache hash table entries: 1024 (order: 0, 4096 bytes)
[11-36-42.222]CPU: Testing write buffer coherency: ok
[11-36-42.222]/cpus/cpu@0 missing clock-frequency property
[11-36-42.234]CPU0: thread -1, cpu 0, socket 0, mpidr 80000000
[11-36-42.234]Setting up static identity map for 0x80008280 - 0x800082d8
[11-36-42.234]Brought up 1 CPUs
[11-36-42.245]SMP: Total of 1 processors activated (6.00 BogoMIPS).
[11-36-42.245]CPU: All CPU(s) started in SVC mode.
[11-36-42.245]devtmpfs: initialized
[11-36-42.253]device-tree: Duplicate name in lcdif@021c8000, renamed to "display#1"
[11-36-42.253]VFP support v0.3: implementor 41 architecture 2 part 30 variant 7 rev 5
[11-36-42.264]clocksource jiffies: mask: 0xffffffff max_cycles: 0xffffffff, max_idle_ns: 19112604462750000 ns
[11-36-42.276]pinctrl core: initialized pinctrl subsystem
[11-36-42.276]NET: Registered protocol family 16
[11-36-42.284]DMA: preallocated 256 KiB pool for atomic coherent allocations
[11-36-42.284]cpuidle: using governor ladder
[11-36-42.284]cpuidle: using governor menu
[11-36-42.295]hw-breakpoint: found 5 (+1 reserved) breakpoint and 4 watchpoint registers.
[11-36-42.296]hw-breakpoint: maximum watchpoint size is 8 bytes.
[11-36-42.307]imx6ul-pinctrl 20e0000.iomuxc: Invalid fsl,pins property in node /soc/aips-bus@02000000/iomuxc@020e0000/imx6ul-evk/gpio-leds
[11-36-42.315]imx6ul-pinctrl 20e0000.iomuxc: Invalid fsl,pins property in node /soc/aips-bus@02000000/iomuxc@020e0000/imx6ul-evk/gpio-keys
[11-36-42.326]imx6ul-pinctrl 20e0000.iomuxc: Invalid fsl,pins property in node /soc/aips-bus@02000000/iomuxc@020e0000/imx6ul-evk/hdmigrp-1
[11-36-42.345]imx6ul-pinctrl 20e0000.iomuxc: Invalid fsl,pins property in node /soc/aips-bus@02000000/iomuxc@020e0000/imx6ul-evk/ts_int_pin_mux
[11-36-42.345]imx6ul-pinctrl 20e0000.iomuxc: initialized IMX pinctrl driver
[11-36-42.357]imx6ul-pinctrl 2290000.iomuxc-snvs: Invalid fsl,pins property in node /soc/aips-bus@02200000/iomuxc-snvs@02290000/imx6ul-evk/lcdifresetgrp
[11-36-42.367]imx6ul-pinctrl 2290000.iomuxc-snvs: Invalid fsl,pins property in node /soc/aips-bus@02200000/iomuxc-snvs@02290000/imx6ul-evk/ts_reset_pin_mux
[11-36-42.376]imx6ul-pinctrl 2290000.iomuxc-snvs: initialized IMX pinctrl driver
[11-36-42.376]mxs-dma 1804000.dma-apbh: initialized
[11-36-42.387]SCSI subsystem initialized
[11-36-42.387]usbcore: registered new interface driver usbfs
[11-36-42.387]usbcore: registered new interface driver hub
[11-36-42.398]usbcore: registered new device driver usb
[11-36-42.398]i2c i2c-0: IMX I2C adapter registered
[11-36-42.398]i2c i2c-0: can't use DMA
[11-36-42.407]i2c i2c-1: IMX I2C adapter registered
[11-36-42.407]i2c i2c-1: can't use DMA
[11-36-42.407]Linux video capture interface: v2.00
[11-36-42.418]pps_core: LinuxPPS API ver. 1 registered
[11-36-42.418]pps_core: Software ver. 5.3.6 - Copyright 2005-2007 Rodolfo Giometti <giometti@linux.it>
[11-36-42.418]PTP clock support registered
[11-36-42.429]Advanced Linux Sound Architecture Driver Initialized.
[11-36-42.429]Switched to clocksource mxc_timer1
[11-36-42.437]NET: Registered protocol family 2
[11-36-42.437]TCP established hash table entries: 4096 (order: 2, 16384 bytes)
[11-36-42.449]TCP bind hash table entries: 4096 (order: 3, 32768 bytes)
[11-36-42.449]TCP: Hash tables configured (established 4096 bind 4096)
[11-36-42.460]UDP hash table entries: 256 (order: 1, 8192 bytes)
[11-36-42.460]UDP-Lite hash table entries: 256 (order: 1, 8192 bytes)
[11-36-42.460]NET: Registered protocol family 1
[11-36-42.469]RPC: Registered named UNIX socket transport module.
[11-36-42.469]RPC: Registered udp transport module.
[11-36-42.480]RPC: Registered tcp transport module.
[11-36-42.480]RPC: Registered tcp NFSv4.1 backchannel transport module.
[11-36-42.480]imx rpmsg driver is registered.
[11-36-42.480]Bus freq driver module loaded
[11-36-42.491]futex hash table entries: 256 (order: 2, 16384 bytes)
[11-36-42.491]VFS: Disk quotas dquot_6.6.0
[11-36-42.503]VFS: Dquot-cache hash table entries: 1024 (order 0, 4096 bytes)
[11-36-42.503]NFS: Registering the id_resolver key type
[11-36-42.503]Key type id_resolver registered
[11-36-42.503]Key type id_legacy registered
[11-36-42.517]jffs2: version 2.2. (NAND) © 2001-2006 Red Hat, Inc.
[11-36-42.517]fuse init (API version 7.23)
[11-36-42.517]io scheduler noop registered
[11-36-42.517]io scheduler deadline registered
[11-36-42.528]io scheduler cfq registered (default)
[11-36-42.528]imx-weim 21b8000.weim: Driver registered.
[11-36-42.528]backlight supply power not found, using dummy regulator
[11-36-42.536]21c8000.lcdif supply lcd not found, using dummy regulator
[11-36-42.545]mxsfb 21c8000.lcdif: failed to find mxc display driver 
[11-36-42.545]Console: switching to colour frame buffer device 128x37
[11-36-42.556]mxsfb 21c8000.lcdif: initialized
[11-36-42.556]imx-sdma 20ec000.sdma: no event needs to be remapped
[11-36-42.556]imx-sdma 20ec000.sdma: loaded firmware 3.3
[11-36-42.567]imx-sdma 20ec000.sdma: initialized
[11-36-42.582]2020000.serial: ttymxc0 at MMIO 0x2020000 (irq = 19, base_baud = 5000000) is a IMX
[11-36-42.582]console [ttymxc0] enabled
[11-36-42.582]21ec000.serial: ttymxc2 at MMIO 0x21ec000 (irq = 233, base_baud = 5000000) is a IMX
[11-36-42.597]imx sema4 driver is registered.
[11-36-42.598][drm] Initialized drm 1.1.0 20060810
[11-36-42.614][drm] Initialized vivante 1.0.0 20120216 on minor 0
[11-36-42.644]brd: module loaded
[11-36-42.659]loop: module loaded
[11-36-42.685]fsl-quadspi 21e0000.qspi: unrecognized JEDEC id bytes: ff, ff, ff
[11-36-42.685]fsl-quadspi 21e0000.qspi: Freescale QuadSPI probe failed
[11-36-42.691]spi_imx 2010000.ecspi: probed
[11-36-42.706]20b4000.ethernet supply phy not found, using dummy regulator
[11-36-43.075]pps pps0: new PPS source ptp0
[11-36-43.100]libphy: fec_enet_mii_bus: probed
[11-36-43.100]fec 20b4000.ethernet eth0: registered PHC device 0
[11-36-43.108]2188000.ethernet supply phy not found, using dummy regulator
[11-36-43.476]pps pps1: new PPS source ptp1
[11-36-43.496]fec 2188000.ethernet eth1: registered PHC device 1
[11-36-43.496]ehci_hcd: USB 2.0 'Enhanced' Host Controller (EHCI) Driver
[11-36-43.507]ehci-mxc: Freescale On-Chip EHCI Host driver
[11-36-43.523]ohci_hcd: USB 1.1 'Open' Host Controller (OHCI) Driver
[11-36-43.523]usbcore: registered new interface driver usb-storage
[11-36-43.551]2184800.usbmisc supply vbus-wakeup not found, using dummy regulator
[11-36-43.551]2184000.usb supply vbus not found, using dummy regulator
[11-36-43.568]2184200.usb supply vbus not found, using dummy regulator
[11-36-43.569]ci_hdrc ci_hdrc.1: EHCI Host Controller
[11-36-43.584]ci_hdrc ci_hdrc.1: new USB bus registered, assigned bus number 1
[11-36-43.620]ci_hdrc ci_hdrc.1: USB 2.0 started, EHCI 1.00
[11-36-43.620]hub 1-0:1.0: USB hub found
[11-36-43.620]hub 1-0:1.0: 1 port detected
[11-36-43.641]Mass Storage Function, version: 2009/09/11
[11-36-43.642]LUN: removable file: (no medium)
[11-36-43.642]no file given for LUN0
[11-36-43.645]g_mass_storage ci_hdrc.0: failed to start g_mass_storage: -22
[11-36-43.661]mousedev: PS/2 mouse device common for all mice
[11-36-43.677]input: 20cc000.snvs:snvs-powerkey as /devices/platform/soc/2000000.aips-bus/20cc000.snvs/20cc000.snvs:snvs-powerkey/input/input0
[11-36-43.952]usb 1-1: new high-speed USB device number 2 using ci_hdrc
[11-36-44.013]input: edt-ft5426 as /devices/platform/soc/2100000.aips-bus/21a4000.i2c/i2c-1/1-0038/input/input1
[11-36-44.028]snvs_rtc 20cc000.snvs:snvs-rtc-lp: rtc core: registered 20cc000.snvs:snvs-r as rtc0
[11-36-44.028]i2c /dev entries driver
[11-36-44.054]IR NEC protocol handler initialized
[11-36-44.054]IR RC5(x/sz) protocol handler initialized
[11-36-44.054]IR RC6 protocol handler initialized
[11-36-44.060]IR JVC protocol handler initialized
[11-36-44.081]IR Sony protocol handler initialized
[11-36-44.081]IR SANYO protocol handler initialized
[11-36-44.081]IR Sharp protocol handler initialized
[11-36-44.105]IR MCE Keyboard/mouse protocol handler initialized
[11-36-44.105]IR XMP protocol handler initialized
[11-36-44.105]hub 1-1:1.0: USB hub found
[11-36-44.121]pxp-v4l2 pxp_v4l2: initialized
[11-36-44.121]hub 1-1:1.0: 4 ports detected
[11-36-44.136]imx2-wdt 20bc000.wdog: use WDOG_B to reboot.
[11-36-44.136]imx2-wdt 20bc000.wdog: timeout 60 sec (nowayout=0)
[11-36-44.151]sdhci: Secure Digital Host Controller Interface driver
[11-36-44.151]sdhci: Copyright(c) Pierre Ossman
[11-36-44.171]sdhci-pltfm: SDHCI platform and OF driver helper
[11-36-44.171]/soc/aips-bus@02100000/usdhc@02190000: voltage-ranges unspecified
[11-36-44.197]sdhci-esdhc-imx 2190000.usdhc: Got CD GPIO
[11-36-44.198]sdhci-esdhc-imx 2190000.usdhc: No vqmmc regulator found
[11-36-44.243]mmc0: SDHCI controller on 2190000.usdhc [2190000.usdhc] using ADMA
[11-36-44.259]/soc/aips-bus@02100000/usdhc@02194000: voltage-ranges unspecified
[11-36-44.274]sdhci-esdhc-imx 2194000.usdhc: No vmmc regulator found
[11-36-44.289]sdhci-esdhc-imx 2194000.usdhc: No vqmmc regulator found
[11-36-44.330]mmc0: host does not support reading read-only switch, assuming write-enable
[11-36-44.336]mmc1: SDHCI controller on 2194000.usdhc [2194000.usdhc] using ADMA
[11-36-44.351]mmc0: new high speed SDHC card at address 0001
[11-36-44.366]usbcore: registered new interface driver usbhid
[11-36-44.366]mmcblk0: mmc0:0001 SD 29.1 GiB 
[11-36-44.381]usbhid: USB HID core driver
[11-36-44.382] mmcblk0: p1
[11-36-44.427]wm8960 1-001a: Failed to issue reset
[11-36-44.427]wm8960: probe of 1-001a failed with error -5
[11-36-44.458]fsl-asrc 2034000.asrc: driver registered
[11-36-44.473]imx-wm8960 sound: wm8960-hifi <-> 202c000.sai mapping ok
[11-36-44.492]imx-wm8960 sound: snd-soc-dummy-dai <-> 2034000.asrc mapping ok
[11-36-44.492]imx-wm8960 sound: wm8960-hifi <-> 202c000.sai mapping ok
[11-36-44.504]mmc1: MAN_BKOPS_EN bit is not set
[11-36-44.537]mmc1: new DDR MMC card at address 0001
[11-36-44.537]mmcblk1: mmc1:0001 8GTF4R 7.28 GiB 
[11-36-44.566]mmcblk1boot0: mmc1:0001 8GTF4R partition 1 4.00 MiB
[11-36-44.566]mmcblk1boot1: mmc1:0001 8GTF4R partition 2 4.00 MiB
[11-36-44.566]mmcblk1rpmb: mmc1:0001 8GTF4R partition 3 512 KiB
[11-36-44.566] mmcblk1: p1 p2
[11-36-44.641]NET: Registered protocol family 10
[11-36-44.642]sit: IPv6 over IPv4 tunneling driver
[11-36-44.672]NET: Registered protocol family 17
[11-36-44.672]lib80211: common routines for IEEE802.11 drivers
[11-36-44.672]Key type dns_resolver registered
[11-36-44.687]Registering SWP/SWPB emulation handler
[11-36-44.700]gpio-keys gpio_keys@0: Found button without gpios or irqs
[11-36-44.700]gpio-keys: probe of gpio_keys@0 failed with error -22
[11-36-44.718]snvs_rtc 20cc000.snvs:snvs-rtc-lp: setting system clock to 1970-01-01 00:22:59 UTC (1379)
[11-36-44.810]fec 20b4000.ethernet eth0: Freescale FEC PHY driver [Generic PHY] (mii_bus:phy_addr=20b4000.ethernet:01, irq=-1)
[11-36-44.855]IPv6: ADDRCONF(NETDEV_UP): eth0: link is not ready
[11-36-48.815]fec 20b4000.ethernet eth0: Link is Up - 100Mbps/Full - flow control rx/tx
[11-36-48.830]IPv6: ADDRCONF(NETDEV_CHANGE): eth0: link becomes ready
[11-36-48.845]IP-Config: Complete:
[11-36-48.862]     device=eth0, hwaddr=b8:ae:1d:01:00:00, ipaddr=192.168.10.11, mask=255.255.255.0, gw=192.168.10.1
[11-36-48.862]     host=192.168.10.11, domain=, nis-domain=(none)
[11-36-48.877]     bootserver=192.168.10.111, rootserver=192.168.10.111, rootpath=
[11-36-48.877]audio-pwr: disabling
[11-36-48.877]can-3v3: disabling
[11-36-48.877]ALSA device list:
[11-36-48.892]  #0: wm8960-audio
[11-36-49.905]VFS: Mounted root (nfs filesystem) on device 0:15.
[11-36-49.905]devtmpfs: mounted
[11-36-49.922]Freeing unused kernel memory: 432K (8093a000 - 809a6000)
[11-36-50.198]cut: /proc/uptime: No such file or directory
[11-36-50.214]BOOTMARK:USERSPACE_START uptime=
[11-36-50.428]ALSA: Restoring mixer setting......
[11-36-50.474]BOOTMARK:CONSOLE_READY uptime=9.02
[11-36-50.489]
[11-37-46.802]Please press Enter to activate this console. random: nonblocking pool is initialized
[11-41-33.633]
[11-41-33.633]
