[13-02-09.885]U-Boot 2016.03 (Jul 31 2026 - 17:18:08 +0800)
[13-02-09.885]
[13-02-09.885]CPU:   Freescale i.MX6ULL rev1.1 69 MHz (running at 396 MHz)
[13-02-09.910]CPU:   Industrial temperature grade (-40C to 105C) at 51C
[13-02-09.910]Reset cause: POR
[13-02-09.910]Board: MX6ULL EMMC LZY
[13-02-09.910]I2C:   ready
[13-02-09.910]DRAM:  512 MiB
[13-02-09.985]MMC:   FSL_SDHC: 0, FSL_SDHC: 1
[13-02-10.093]Display: TFT7016 (1024x600)
[13-02-10.093]Video: 1024x600x24
[13-02-10.108]In:    serial
[13-02-10.108]Out:   serial
[13-02-10.108]Err:   serial
[13-02-10.200]switch to partitions #0, OK
[13-02-10.200]mmc0 is current device
[13-02-10.400]Net:   FEC1
[13-02-10.400]Normal Boot
[13-02-13.410]Hit any key to stop autoboot:  0 
[13-02-13.410]BOOTMARK:TFTP_KERNEL_START
[13-02-13.640]FEC1 Waiting for PHY auto negotiation to complete. done
[13-02-13.740]Using FEC1 device
[13-02-13.740]TFTP from server 192.168.10.111; our IP address is 192.168.10.11
[13-02-13.740]Filename 'zImage'.
[13-02-13.749]Load address: 0x80800000
[13-02-19.216]Loading: #################################################################
[13-02-19.538]         #################################################################
[13-02-19.877]         #################################################################
[13-02-20.230]         #################################################################
[13-02-20.566]         #################################################################
[13-02-20.904]         ###########################################################
[13-02-20.904]         769.5 KiB/s
[13-02-20.904]done
[13-02-20.904]Bytes transferred = 5624992 (55d4a0 hex)
[13-02-20.904]BOOTMARK:TFTP_KERNEL_END
[13-02-20.904]BOOTMARK:TFTP_DTB_START
[13-02-21.000]Using FEC1 device
[13-02-21.000]TFTP from server 192.168.10.111; our IP address is 192.168.10.11
[13-02-21.000]Filename 'imx6ull-emmc-lzy.dtb'.
[13-02-21.012]Load address: 0x83000000
[13-02-21.026]Loading: ###
[13-02-21.026]         2.1 MiB/s
[13-02-21.026]done
[13-02-21.035]Bytes transferred = 40370 (9db2 hex)
[13-02-21.035]BOOTMARK:TFTP_DTB_END
[13-02-21.035]BOOTMARK:KERNEL_START
[13-02-21.035]Kernel image @ 0x80800000 [ 0x000000 - 0x55d4a0 ]
[13-02-21.046]## Flattened Device Tree blob at 83000000
[13-02-21.046]   Booting using the fdt blob at 0x83000000
[13-02-21.056]   Using Device Tree in place at 83000000, end 8300cdb1
[13-02-21.072]
[13-02-21.072]Starting kernel ...
[13-02-21.072]
[13-02-21.970]Booting Linux on physical CPU 0x0
[13-02-21.982]Linux version 4.1.15+ (lzy@lzy) (gcc version 4.9.4 (Linaro GCC 4.9-2017.01) ) #9 SMP PREEMPT Thu Sep 17 18:47:51 CST 2026
[13-02-21.982]CPU: ARMv7 Processor [410fc075] revision 5 (ARMv7), cr=10c5387d
[13-02-21.992]CPU: PIPT / VIPT nonaliasing data cache, VIPT aliasing instruction cache
[13-02-21.993]Machine model: Freescale i.MX6 ULL 14x14 EVK Board
[13-02-22.001]Reserved memory: created CMA memory pool at 0x98000000, size 128 MiB
[13-02-22.012]Reserved memory: initialized node linux,cma, compatible id shared-dma-pool
[13-02-22.012]Memory policy: Data cache writealloc
[13-02-22.012]PERCPU: Embedded 12 pages/cpu @97b8e000 s16768 r8192 d24192 u49152
[13-02-22.023]Built 1 zonelists in Zone order, mobility grouping on.  Total pages: 130048
[13-02-22.043]Kernel command line: console=tty1 console=ttymxc0,115200 root=/dev/nfs rw nfsroot=192.168.10.111:/home/lzy/linux/nfs/rootfs,proto=tcp,nfsvers=3 ip=192.168.10.11:192.168.10.111:192.168.10.1:255.255.255.0::eth0:off
[13-02-22.044]PID hash table entries: 2048 (order: 1, 8192 bytes)
[13-02-22.054]Dentry cache hash table entries: 65536 (order: 6, 262144 bytes)
[13-02-22.063]Inode-cache hash table entries: 32768 (order: 5, 131072 bytes)
[13-02-22.074]Memory: 377612K/524288K available (7002K kernel code, 327K rwdata, 2412K rodata, 432K init, 426K bss, 15604K reserved, 131072K cma-reserved, 0K highmem)
[13-02-22.074]Virtual kernel memory layout:
[13-02-22.074]    vector  : 0xffff0000 - 0xffff1000   (   4 kB)
[13-02-22.085]    fixmap  : 0xffc00000 - 0xfff00000   (3072 kB)
[13-02-22.093]    vmalloc : 0xa0800000 - 0xff000000   (1512 MB)
[13-02-22.093]    lowmem  : 0x80000000 - 0xa0000000   ( 512 MB)
[13-02-22.093]    pkmap   : 0x7fe00000 - 0x80000000   (   2 MB)
[13-02-22.104]    modules : 0x7f000000 - 0x7fe00000   (  14 MB)
[13-02-22.105]      .text : 0x80008000 - 0x80939bac   (9415 kB)
[13-02-22.115]      .init : 0x8093a000 - 0x809a6000   ( 432 kB)
[13-02-22.115]      .data : 0x809a6000 - 0x809f7ec0   ( 328 kB)
[13-02-22.124]       .bss : 0x809fa000 - 0x80a64ab4   ( 427 kB)
[13-02-22.124]SLUB: HWalign=64, Order=0-3, MinObjects=0, CPUs=1, Nodes=1
[13-02-22.124]Preemptible hierarchical RCU implementation.
[13-02-22.135]        Additional per-CPU info printed with stalls.
[13-02-22.135]        RCU restricting CPUs from NR_CPUS=4 to nr_cpu_ids=1.
[13-02-22.147]RCU: Adjusting geometry for rcu_fanout_leaf=16, nr_cpu_ids=1
[13-02-22.147]NR_IRQS:16 nr_irqs:16 16
[13-02-22.147]mxc_clocksource_init 3000000
[13-02-22.158]Switching to timer-based delay loop, resolution 333ns
[13-02-22.158]sched_clock: 32 bits at 3000kHz, resolution 333ns, wraps every 715827882841ns
[13-02-22.169]clocksource mxc_timer1: mask: 0xffffffff max_cycles: 0xffffffff, max_idle_ns: 637086815595 ns
[13-02-22.169]Console: colour dummy device 80x30
[13-02-22.169]console [tty1] enabled
[13-02-22.186]Calibrating delay loop (skipped), value calculated using timer frequency.. 6.00 BogoMIPS (lpj=30000)
[13-02-22.186]pid_max: default: 32768 minimum: 301
[13-02-22.186]Mount-cache hash table entries: 1024 (order: 0, 4096 bytes)
[13-02-22.197]Mountpoint-cache hash table entries: 1024 (order: 0, 4096 bytes)
[13-02-22.197]CPU: Testing write buffer coherency: ok
[13-02-22.208]/cpus/cpu@0 missing clock-frequency property
[13-02-22.208]CPU0: thread -1, cpu 0, socket 0, mpidr 80000000
[13-02-22.208]Setting up static identity map for 0x80008280 - 0x800082d8
[13-02-22.219]Brought up 1 CPUs
[13-02-22.220]SMP: Total of 1 processors activated (6.00 BogoMIPS).
[13-02-22.220]CPU: All CPU(s) started in SVC mode.
[13-02-22.230]devtmpfs: initialized
[13-02-22.230]device-tree: Duplicate name in lcdif@021c8000, renamed to "display#1"
[13-02-22.242]VFP support v0.3: implementor 41 architecture 2 part 30 variant 7 rev 5
[13-02-22.242]clocksource jiffies: mask: 0xffffffff max_cycles: 0xffffffff, max_idle_ns: 19112604462750000 ns
[13-02-22.253]pinctrl core: initialized pinctrl subsystem
[13-02-22.253]NET: Registered protocol family 16
[13-02-22.264]DMA: preallocated 256 KiB pool for atomic coherent allocations
[13-02-22.265]cpuidle: using governor ladder
[13-02-22.265]cpuidle: using governor menu
[13-02-22.276]hw-breakpoint: found 5 (+1 reserved) breakpoint and 4 watchpoint registers.
[13-02-22.276]hw-breakpoint: maximum watchpoint size is 8 bytes.
[13-02-22.292]imx6ul-pinctrl 20e0000.iomuxc: Invalid fsl,pins property in node /soc/aips-bus@02000000/iomuxc@020e0000/imx6ul-evk/gpio-leds
[13-02-22.303]imx6ul-pinctrl 20e0000.iomuxc: Invalid fsl,pins property in node /soc/aips-bus@02000000/iomuxc@020e0000/imx6ul-evk/gpio-keys
[13-02-22.314]imx6ul-pinctrl 20e0000.iomuxc: Invalid fsl,pins property in node /soc/aips-bus@02000000/iomuxc@020e0000/imx6ul-evk/hdmigrp-1
[13-02-22.322]imx6ul-pinctrl 20e0000.iomuxc: Invalid fsl,pins property in node /soc/aips-bus@02000000/iomuxc@020e0000/imx6ul-evk/ts_int_pin_mux
[13-02-22.322]imx6ul-pinctrl 20e0000.iomuxc: initialized IMX pinctrl driver
[13-02-22.334]imx6ul-pinctrl 2290000.iomuxc-snvs: Invalid fsl,pins property in node /soc/aips-bus@02200000/iomuxc-snvs@02290000/imx6ul-evk/lcdifresetgrp
[13-02-22.353]imx6ul-pinctrl 2290000.iomuxc-snvs: Invalid fsl,pins property in node /soc/aips-bus@02200000/iomuxc-snvs@02290000/imx6ul-evk/ts_reset_pin_mux
[13-02-22.353]imx6ul-pinctrl 2290000.iomuxc-snvs: initialized IMX pinctrl driver
[13-02-22.365]mxs-dma 1804000.dma-apbh: initialized
[13-02-22.365]SCSI subsystem initialized
[13-02-22.365]usbcore: registered new interface driver usbfs
[13-02-22.375]usbcore: registered new interface driver hub
[13-02-22.375]usbcore: registered new device driver usb
[13-02-22.375]i2c i2c-0: IMX I2C adapter registered
[13-02-22.384]i2c i2c-0: can't use DMA
[13-02-22.384]i2c i2c-1: IMX I2C adapter registered
[13-02-22.384]i2c i2c-1: can't use DMA
[13-02-22.384]Linux video capture interface: v2.00
[13-02-22.396]pps_core: LinuxPPS API ver. 1 registered
[13-02-22.396]pps_core: Software ver. 5.3.6 - Copyright 2005-2007 Rodolfo Giometti <giometti@linux.it>
[13-02-22.406]PTP clock support registered
[13-02-22.406]Advanced Linux Sound Architecture Driver Initialized.
[13-02-22.415]Switched to clocksource mxc_timer1
[13-02-22.415]NET: Registered protocol family 2
[13-02-22.415]TCP established hash table entries: 4096 (order: 2, 16384 bytes)
[13-02-22.426]TCP bind hash table entries: 4096 (order: 3, 32768 bytes)
[13-02-22.426]TCP: Hash tables configured (established 4096 bind 4096)
[13-02-22.438]UDP hash table entries: 256 (order: 1, 8192 bytes)
[13-02-22.438]UDP-Lite hash table entries: 256 (order: 1, 8192 bytes)
[13-02-22.438]NET: Registered protocol family 1
[13-02-22.449]RPC: Registered named UNIX socket transport module.
[13-02-22.449]RPC: Registered udp transport module.
[13-02-22.460]RPC: Registered tcp transport module.
[13-02-22.460]RPC: Registered tcp NFSv4.1 backchannel transport module.
[13-02-22.460]imx rpmsg driver is registered.
[13-02-22.460]Bus freq driver module loaded
[13-02-22.471]futex hash table entries: 256 (order: 2, 16384 bytes)
[13-02-22.471]VFS: Disk quotas dquot_6.6.0
[13-02-22.483]VFS: Dquot-cache hash table entries: 1024 (order 0, 4096 bytes)
[13-02-22.483]NFS: Registering the id_resolver key type
[13-02-22.483]Key type id_resolver registered
[13-02-22.483]Key type id_legacy registered
[13-02-22.494]jffs2: version 2.2. (NAND) © 2001-2006 Red Hat, Inc.
[13-02-22.494]fuse init (API version 7.23)
[13-02-22.494]io scheduler noop registered
[13-02-22.499]io scheduler deadline registered
[13-02-22.508]io scheduler cfq registered (default)
[13-02-22.508]imx-weim 21b8000.weim: Driver registered.
[13-02-22.508]backlight supply power not found, using dummy regulator
[13-02-22.519]21c8000.lcdif supply lcd not found, using dummy regulator
[13-02-22.519]mxsfb 21c8000.lcdif: failed to find mxc display driver 
[13-02-22.530]Console: switching to colour frame buffer device 128x37
[13-02-22.530]mxsfb 21c8000.lcdif: initialized
[13-02-22.539]imx-sdma 20ec000.sdma: no event needs to be remapped
[13-02-22.539]imx-sdma 20ec000.sdma: loaded firmware 3.3
[13-02-22.539]imx-sdma 20ec000.sdma: initialized
[13-02-22.552]2020000.serial: ttymxc0 at MMIO 0x2020000 (irq = 19, base_baud = 5000000) is a IMX
[13-02-22.552]console [ttymxc0] enabled
[13-02-22.561]21ec000.serial: ttymxc2 at MMIO 0x21ec000 (irq = 233, base_baud = 5000000) is a IMX
[13-02-22.576]imx sema4 driver is registered.
[13-02-22.576][drm] Initialized drm 1.1.0 20060810
[13-02-22.591][drm] Initialized vivante 1.0.0 20120216 on minor 0
[13-02-22.621]brd: module loaded
[13-02-22.637]loop: module loaded
[13-02-22.653]fsl-quadspi 21e0000.qspi: unrecognized JEDEC id bytes: ff, ff, ff
[13-02-22.668]fsl-quadspi 21e0000.qspi: Freescale QuadSPI probe failed
[13-02-22.669]spi_imx 2010000.ecspi: probed
[13-02-22.683]20b4000.ethernet supply phy not found, using dummy regulator
[13-02-23.066]pps pps0: new PPS source ptp0
[13-02-23.066]libphy: fec_enet_mii_bus: probed
[13-02-23.097]fec 20b4000.ethernet eth0: registered PHC device 0
[13-02-23.097]2188000.ethernet supply phy not found, using dummy regulator
[13-02-23.453]pps pps1: new PPS source ptp1
[13-02-23.477]fec 2188000.ethernet eth1: registered PHC device 1
[13-02-23.477]ehci_hcd: USB 2.0 'Enhanced' Host Controller (EHCI) Driver
[13-02-23.485]ehci-mxc: Freescale On-Chip EHCI Host driver
[13-02-23.500]ohci_hcd: USB 1.1 'Open' Host Controller (OHCI) Driver
[13-02-23.500]usbcore: registered new interface driver usb-storage
[13-02-23.531]2184800.usbmisc supply vbus-wakeup not found, using dummy regulator
[13-02-23.531]2184000.usb supply vbus not found, using dummy regulator
[13-02-23.549]2184200.usb supply vbus not found, using dummy regulator
[13-02-23.549]ci_hdrc ci_hdrc.1: EHCI Host Controller
[13-02-23.561]ci_hdrc ci_hdrc.1: new USB bus registered, assigned bus number 1
[13-02-23.592]ci_hdrc ci_hdrc.1: USB 2.0 started, EHCI 1.00
[13-02-23.592]hub 1-0:1.0: USB hub found
[13-02-23.607]hub 1-0:1.0: 1 port detected
[13-02-23.607]Mass Storage Function, version: 2009/09/11
[13-02-23.626]LUN: removable file: (no medium)
[13-02-23.626]no file given for LUN0
[13-02-23.626]g_mass_storage ci_hdrc.0: failed to start g_mass_storage: -22
[13-02-23.641]mousedev: PS/2 mouse device common for all mice
[13-02-23.655]input: 20cc000.snvs:snvs-powerkey as /devices/platform/soc/2000000.aips-bus/20cc000.snvs/20cc000.snvs:snvs-powerkey/input/input0
[13-02-23.930]usb 1-1: new high-speed USB device number 2 using ci_hdrc
[13-02-23.991]input: edt-ft5426 as /devices/platform/soc/2100000.aips-bus/21a4000.i2c/i2c-1/1-0038/input/input1
[13-02-24.006]snvs_rtc 20cc000.snvs:snvs-rtc-lp: rtc core: registered 20cc000.snvs:snvs-r as rtc0
[13-02-24.028]i2c /dev entries driver
[13-02-24.028]IR NEC protocol handler initialized
[13-02-24.028]IR RC5(x/sz) protocol handler initialized
[13-02-24.050]IR RC6 protocol handler initialized
[13-02-24.050]IR JVC protocol handler initialized
[13-02-24.050]IR Sony protocol handler initialized
[13-02-24.050]IR SANYO protocol handler initialized
[13-02-24.067]IR Sharp protocol handler initialized
[13-02-24.067]IR MCE Keyboard/mouse protocol handler initialized
[13-02-24.093]IR XMP protocol handler initialized
[13-02-24.093]hub 1-1:1.0: USB hub found
[13-02-24.093]pxp-v4l2 pxp_v4l2: initialized
[13-02-24.093]hub 1-1:1.0: 4 ports detected
[13-02-24.113]imx2-wdt 20bc000.wdog: use WDOG_B to reboot.
[13-02-24.134]imx2-wdt 20bc000.wdog: timeout 60 sec (nowayout=0)
[13-02-24.134]sdhci: Secure Digital Host Controller Interface driver
[13-02-24.134]sdhci: Copyright(c) Pierre Ossman
[13-02-24.151]sdhci-pltfm: SDHCI platform and OF driver helper
[13-02-24.151]/soc/aips-bus@02100000/usdhc@02190000: voltage-ranges unspecified
[13-02-24.175]sdhci-esdhc-imx 2190000.usdhc: Got CD GPIO
[13-02-24.175]sdhci-esdhc-imx 2190000.usdhc: No vqmmc regulator found
[13-02-24.220]mmc0: SDHCI controller on 2190000.usdhc [2190000.usdhc] using ADMA
[13-02-24.235]/soc/aips-bus@02100000/usdhc@02194000: voltage-ranges unspecified
[13-02-24.250]sdhci-esdhc-imx 2194000.usdhc: No vmmc regulator found
[13-02-24.266]sdhci-esdhc-imx 2194000.usdhc: No vqmmc regulator found
[13-02-24.310]mmc0: host does not support reading read-only switch, assuming write-enable
[13-02-24.328]mmc1: SDHCI controller on 2194000.usdhc [2194000.usdhc] using ADMA
[13-02-24.328]mmc0: new high speed SDHC card at address 0001
[13-02-24.358]usbcore: registered new interface driver usbhid
[13-02-24.358]mmcblk0: mmc0:0001 SD 29.1 GiB 
[13-02-24.358]usbhid: USB HID core driver
[13-02-24.358] mmcblk0: p1
[13-02-24.389]wm8960 1-001a: Failed to issue reset
[13-02-24.404]wm8960: probe of 1-001a failed with error -5
[13-02-24.434]fsl-asrc 2034000.asrc: driver registered
[13-02-24.450]imx-wm8960 sound: wm8960-hifi <-> 202c000.sai mapping ok
[13-02-24.472]imx-wm8960 sound: snd-soc-dummy-dai <-> 2034000.asrc mapping ok
[13-02-24.472]imx-wm8960 sound: wm8960-hifi <-> 202c000.sai mapping ok
[13-02-24.481]mmc1: MAN_BKOPS_EN bit is not set
[13-02-24.512]mmc1: new DDR MMC card at address 0001
[13-02-24.512]mmcblk1: mmc1:0001 8GTF4R 7.28 GiB 
[13-02-24.527]mmcblk1boot0: mmc1:0001 8GTF4R partition 1 4.00 MiB
[13-02-24.527]mmcblk1boot1: mmc1:0001 8GTF4R partition 2 4.00 MiB
[13-02-24.541]mmcblk1rpmb: mmc1:0001 8GTF4R partition 3 512 KiB
[13-02-24.541] mmcblk1: p1 p2
[13-02-24.619]NET: Registered protocol family 10
[13-02-24.619]sit: IPv6 over IPv4 tunneling driver
[13-02-24.634]NET: Registered protocol family 17
[13-02-24.634]lib80211: common routines for IEEE802.11 drivers
[13-02-24.649]Key type dns_resolver registered
[13-02-24.664]Registering SWP/SWPB emulation handler
[13-02-24.679]gpio-keys gpio_keys@0: Found button without gpios or irqs
[13-02-24.680]gpio-keys: probe of gpio_keys@0 failed with error -22
[13-02-24.694]snvs_rtc 20cc000.snvs:snvs-rtc-lp: setting system clock to 1970-01-01 01:48:39 UTC (6519)
[13-02-24.802]fec 20b4000.ethernet eth0: Freescale FEC PHY driver [Generic PHY] (mii_bus:phy_addr=20b4000.ethernet:01, irq=-1)
[13-02-24.832]IPv6: ADDRCONF(NETDEV_UP): eth0: link is not ready
[13-02-28.787]fec 20b4000.ethernet eth0: Link is Up - 100Mbps/Full - flow control rx/tx
[13-02-28.818]IPv6: ADDRCONF(NETDEV_CHANGE): eth0: link becomes ready
[13-02-28.832]IP-Config: Complete:
[13-02-28.832]     device=eth0, hwaddr=b8:ae:1d:01:00:00, ipaddr=192.168.10.11, mask=255.255.255.0, gw=192.168.10.1
[13-02-28.848]     host=192.168.10.11, domain=, nis-domain=(none)
[13-02-28.848]     bootserver=192.168.10.111, rootserver=192.168.10.111, rootpath=
[13-02-28.865]audio-pwr: disabling
[13-02-28.865]can-3v3: disabling
[13-02-28.865]ALSA device list:
[13-02-28.865]  #0: wm8960-audio
[13-02-28.896]VFS: Mounted root (nfs filesystem) on device 0:15.
[13-02-28.896]devtmpfs: mounted
[13-02-28.911]Freeing unused kernel memory: 432K (8093a000 - 809a6000)
[13-02-29.251]cut: /proc/uptime: No such file or directory
[13-02-29.251]BOOTMARK:USERSPACE_START uptime=
[13-02-29.467]ALSA: Restoring mixer setting......
[13-02-29.498]BOOTMARK:CONSOLE_READY uptime=8.07
[13-02-29.527]
[13-03-25.734]Please press Enter to activate this console. random: nonblocking pool is initialized
[13-04-40.375]
[13-04-40.375]
