[13-11-12.042]U-Boot 2016.03 (Jul 31 2026 - 17:18:08 +0800)
[13-11-12.042]
[13-11-12.042]CPU:   Freescale i.MX6ULL rev1.1 69 MHz (running at 396 MHz)
[13-11-12.064]CPU:   Industrial temperature grade (-40C to 105C) at 51C
[13-11-12.064]Reset cause: POR
[13-11-12.064]Board: MX6ULL EMMC LZY
[13-11-12.064]I2C:   ready
[13-11-12.064]DRAM:  512 MiB
[13-11-12.140]MMC:   FSL_SDHC: 0, FSL_SDHC: 1
[13-11-12.247]Display: TFT7016 (1024x600)
[13-11-12.247]Video: 1024x600x24
[13-11-12.262]In:    serial
[13-11-12.262]Out:   serial
[13-11-12.262]Err:   serial
[13-11-12.355]switch to partitions #0, OK
[13-11-12.355]mmc0 is current device
[13-11-12.554]Net:   FEC1
[13-11-12.554]Normal Boot
[13-11-15.560]Hit any key to stop autoboot:  0 
[13-11-15.560]BOOTMARK:TFTP_KERNEL_START
[13-11-15.713]FEC1 Waiting for PHY auto negotiation to complete. done
[13-11-15.810]Using FEC1 device
[13-11-15.810]TFTP from server 192.168.10.111; our IP address is 192.168.10.11
[13-11-15.810]Filename 'zImage'.
[13-11-15.822]Load address: 0x80800000
[13-11-21.214]Loading: #################################################################
[13-11-21.614]         #################################################################
[13-11-21.924]         #################################################################
[13-11-22.326]         #################################################################
[13-11-22.649]         #################################################################
[13-11-22.926]         ###########################################################
[13-11-22.927]         773.4 KiB/s
[13-11-22.927]done
[13-11-22.927]Bytes transferred = 5624992 (55d4a0 hex)
[13-11-22.927]BOOTMARK:TFTP_KERNEL_END
[13-11-22.941]BOOTMARK:TFTP_DTB_START
[13-11-23.034]Using FEC1 device
[13-11-23.051]TFTP from server 192.168.10.111; our IP address is 192.168.10.11
[13-11-23.051]Filename 'imx6ull-emmc-lzy.dtb'.
[13-11-23.051]Load address: 0x83000000
[13-11-23.069]Loading: ###
[13-11-23.069]         2 MiB/s
[13-11-23.069]done
[13-11-23.069]Bytes transferred = 40370 (9db2 hex)
[13-11-23.069]BOOTMARK:TFTP_DTB_END
[13-11-23.069]BOOTMARK:KERNEL_START
[13-11-23.080]Kernel image @ 0x80800000 [ 0x000000 - 0x55d4a0 ]
[13-11-23.080]## Flattened Device Tree blob at 83000000
[13-11-23.095]   Booting using the fdt blob at 0x83000000
[13-11-23.095]   Using Device Tree in place at 83000000, end 8300cdb1
[13-11-23.095]
[13-11-23.095]Starting kernel ...
[13-11-23.095]
[13-11-24.003]Booting Linux on physical CPU 0x0
[13-11-24.015]Linux version 4.1.15+ (lzy@lzy) (gcc version 4.9.4 (Linaro GCC 4.9-2017.01) ) #9 SMP PREEMPT Thu Sep 17 18:47:51 CST 2026
[13-11-24.015]CPU: ARMv7 Processor [410fc075] revision 5 (ARMv7), cr=10c5387d
[13-11-24.026]CPU: PIPT / VIPT nonaliasing data cache, VIPT aliasing instruction cache
[13-11-24.026]Machine model: Freescale i.MX6 ULL 14x14 EVK Board
[13-11-24.032]Reserved memory: created CMA memory pool at 0x98000000, size 128 MiB
[13-11-24.043]Reserved memory: initialized node linux,cma, compatible id shared-dma-pool
[13-11-24.043]Memory policy: Data cache writealloc
[13-11-24.054]PERCPU: Embedded 12 pages/cpu @97b8e000 s16768 r8192 d24192 u49152
[13-11-24.054]Built 1 zonelists in Zone order, mobility grouping on.  Total pages: 130048
[13-11-24.076]Kernel command line: console=tty1 console=ttymxc0,115200 root=/dev/nfs rw nfsroot=192.168.10.111:/home/lzy/linux/nfs/rootfs,proto=tcp,nfsvers=3 ip=192.168.10.11:192.168.10.111:192.168.10.1:255.255.255.0::eth0:off
[13-11-24.076]PID hash table entries: 2048 (order: 1, 8192 bytes)
[13-11-24.087]Dentry cache hash table entries: 65536 (order: 6, 262144 bytes)
[13-11-24.087]Inode-cache hash table entries: 32768 (order: 5, 131072 bytes)
[13-11-24.110]Memory: 377612K/524288K available (7002K kernel code, 327K rwdata, 2412K rodata, 432K init, 426K bss, 15604K reserved, 131072K cma-reserved, 0K highmem)
[13-11-24.110]Virtual kernel memory layout:
[13-11-24.110]    vector  : 0xffff0000 - 0xffff1000   (   4 kB)
[13-11-24.118]    fixmap  : 0xffc00000 - 0xfff00000   (3072 kB)
[13-11-24.118]    vmalloc : 0xa0800000 - 0xff000000   (1512 MB)
[13-11-24.129]    lowmem  : 0x80000000 - 0xa0000000   ( 512 MB)
[13-11-24.129]    pkmap   : 0x7fe00000 - 0x80000000   (   2 MB)
[13-11-24.129]    modules : 0x7f000000 - 0x7fe00000   (  14 MB)
[13-11-24.141]      .text : 0x80008000 - 0x80939bac   (9415 kB)
[13-11-24.149]      .init : 0x8093a000 - 0x809a6000   ( 432 kB)
[13-11-24.149]      .data : 0x809a6000 - 0x809f7ec0   ( 328 kB)
[13-11-24.149]       .bss : 0x809fa000 - 0x80a64ab4   ( 427 kB)
[13-11-24.160]SLUB: HWalign=64, Order=0-3, MinObjects=0, CPUs=1, Nodes=1
[13-11-24.160]Preemptible hierarchical RCU implementation.
[13-11-24.170]        Additional per-CPU info printed with stalls.
[13-11-24.170]        RCU restricting CPUs from NR_CPUS=4 to nr_cpu_ids=1.
[13-11-24.179]RCU: Adjusting geometry for rcu_fanout_leaf=16, nr_cpu_ids=1
[13-11-24.180]NR_IRQS:16 nr_irqs:16 16
[13-11-24.180]mxc_clocksource_init 3000000
[13-11-24.191]Switching to timer-based delay loop, resolution 333ns
[13-11-24.191]sched_clock: 32 bits at 3000kHz, resolution 333ns, wraps every 715827882841ns
[13-11-24.202]clocksource mxc_timer1: mask: 0xffffffff max_cycles: 0xffffffff, max_idle_ns: 637086815595 ns
[13-11-24.202]Console: colour dummy device 80x30
[13-11-24.211]console [tty1] enabled
[13-11-24.211]Calibrating delay loop (skipped), value calculated using timer frequency.. 6.00 BogoMIPS (lpj=30000)
[13-11-24.222]pid_max: default: 32768 minimum: 301
[13-11-24.222]Mount-cache hash table entries: 1024 (order: 0, 4096 bytes)
[13-11-24.233]Mountpoint-cache hash table entries: 1024 (order: 0, 4096 bytes)
[13-11-24.233]CPU: Testing write buffer coherency: ok
[13-11-24.241]/cpus/cpu@0 missing clock-frequency property
[13-11-24.241]CPU0: thread -1, cpu 0, socket 0, mpidr 80000000
[13-11-24.241]Setting up static identity map for 0x80008280 - 0x800082d8
[13-11-24.253]Brought up 1 CPUs
[13-11-24.253]SMP: Total of 1 processors activated (6.00 BogoMIPS).
[13-11-24.253]CPU: All CPU(s) started in SVC mode.
[13-11-24.263]devtmpfs: initialized
[13-11-24.263]device-tree: Duplicate name in lcdif@021c8000, renamed to "display#1"
[13-11-24.272]VFP support v0.3: implementor 41 architecture 2 part 30 variant 7 rev 5
[13-11-24.283]clocksource jiffies: mask: 0xffffffff max_cycles: 0xffffffff, max_idle_ns: 19112604462750000 ns
[13-11-24.283]pinctrl core: initialized pinctrl subsystem
[13-11-24.283]NET: Registered protocol family 16
[13-11-24.294]DMA: preallocated 256 KiB pool for atomic coherent allocations
[13-11-24.294]cpuidle: using governor ladder
[13-11-24.294]cpuidle: using governor menu
[13-11-24.306]hw-breakpoint: found 5 (+1 reserved) breakpoint and 4 watchpoint registers.
[13-11-24.306]hw-breakpoint: maximum watchpoint size is 8 bytes.
[13-11-24.317]imx6ul-pinctrl 20e0000.iomuxc: Invalid fsl,pins property in node /soc/aips-bus@02000000/iomuxc@020e0000/imx6ul-evk/gpio-leds
[13-11-24.328]imx6ul-pinctrl 20e0000.iomuxc: Invalid fsl,pins property in node /soc/aips-bus@02000000/iomuxc@020e0000/imx6ul-evk/gpio-keys
[13-11-24.340]imx6ul-pinctrl 20e0000.iomuxc: Invalid fsl,pins property in node /soc/aips-bus@02000000/iomuxc@020e0000/imx6ul-evk/hdmigrp-1
[13-11-24.351]imx6ul-pinctrl 20e0000.iomuxc: Invalid fsl,pins property in node /soc/aips-bus@02000000/iomuxc@020e0000/imx6ul-evk/ts_int_pin_mux
[13-11-24.362]imx6ul-pinctrl 20e0000.iomuxc: initialized IMX pinctrl driver
[13-11-24.373]imx6ul-pinctrl 2290000.iomuxc-snvs: Invalid fsl,pins property in node /soc/aips-bus@02200000/iomuxc-snvs@02290000/imx6ul-evk/lcdifresetgrp
[13-11-24.383]imx6ul-pinctrl 2290000.iomuxc-snvs: Invalid fsl,pins property in node /soc/aips-bus@02200000/iomuxc-snvs@02290000/imx6ul-evk/ts_reset_pin_mux
[13-11-24.395]imx6ul-pinctrl 2290000.iomuxc-snvs: initialized IMX pinctrl driver
[13-11-24.395]mxs-dma 1804000.dma-apbh: initialized
[13-11-24.395]SCSI subsystem initialized
[13-11-24.395]usbcore: registered new interface driver usbfs
[13-11-24.407]usbcore: registered new interface driver hub
[13-11-24.407]usbcore: registered new device driver usb
[13-11-24.407]i2c i2c-0: IMX I2C adapter registered
[13-11-24.417]i2c i2c-0: can't use DMA
[13-11-24.417]i2c i2c-1: IMX I2C adapter registered
[13-11-24.417]i2c i2c-1: can't use DMA
[13-11-24.417]Linux video capture interface: v2.00
[13-11-24.429]pps_core: LinuxPPS API ver. 1 registered
[13-11-24.429]pps_core: Software ver. 5.3.6 - Copyright 2005-2007 Rodolfo Giometti <giometti@linux.it>
[13-11-24.440]PTP clock support registered
[13-11-24.440]Advanced Linux Sound Architecture Driver Initialized.
[13-11-24.440]Switched to clocksource mxc_timer1
[13-11-24.448]NET: Registered protocol family 2
[13-11-24.457]TCP established hash table entries: 4096 (order: 2, 16384 bytes)
[13-11-24.457]TCP bind hash table entries: 4096 (order: 3, 32768 bytes)
[13-11-24.468]TCP: Hash tables configured (established 4096 bind 4096)
[13-11-24.468]UDP hash table entries: 256 (order: 1, 8192 bytes)
[13-11-24.468]UDP-Lite hash table entries: 256 (order: 1, 8192 bytes)
[13-11-24.479]NET: Registered protocol family 1
[13-11-24.479]RPC: Registered named UNIX socket transport module.
[13-11-24.488]RPC: Registered udp transport module.
[13-11-24.488]RPC: Registered tcp transport module.
[13-11-24.488]RPC: Registered tcp NFSv4.1 backchannel transport module.
[13-11-24.499]imx rpmsg driver is registered.
[13-11-24.499]Bus freq driver module loaded
[13-11-24.499]futex hash table entries: 256 (order: 2, 16384 bytes)
[13-11-24.511]VFS: Disk quotas dquot_6.6.0
[13-11-24.511]VFS: Dquot-cache hash table entries: 1024 (order 0, 4096 bytes)
[13-11-24.511]NFS: Registering the id_resolver key type
[13-11-24.521]Key type id_resolver registered
[13-11-24.521]Key type id_legacy registered
[13-11-24.521]jffs2: version 2.2. (NAND) © 2001-2006 Red Hat, Inc.
[13-11-24.533]fuse init (API version 7.23)
[13-11-24.533]io scheduler noop registered
[13-11-24.533]io scheduler deadline registered
[13-11-24.533]io scheduler cfq registered (default)
[13-11-24.544]imx-weim 21b8000.weim: Driver registered.
[13-11-24.544]backlight supply power not found, using dummy regulator
[13-11-24.555]21c8000.lcdif supply lcd not found, using dummy regulator
[13-11-24.555]mxsfb 21c8000.lcdif: failed to find mxc display driver 
[13-11-24.566]Console: switching to colour frame buffer device 128x37
[13-11-24.566]mxsfb 21c8000.lcdif: initialized
[13-11-24.566]imx-sdma 20ec000.sdma: no event needs to be remapped
[13-11-24.577]imx-sdma 20ec000.sdma: loaded firmware 3.3
[13-11-24.577]imx-sdma 20ec000.sdma: initialized
[13-11-24.598]2020000.serial: ttymxc0 at MMIO 0x2020000 (irq = 19, base_baud = 5000000) is a IMX
[13-11-24.598]console [ttymxc0] enabled
[13-11-24.598]21ec000.serial: ttymxc2 at MMIO 0x21ec000 (irq = 233, base_baud = 5000000) is a IMX
[13-11-24.633]imx sema4 driver is registered.
[13-11-24.633][drm] Initialized drm 1.1.0 20060810
[13-11-24.633][drm] Initialized vivante 1.0.0 20120216 on minor 0
[13-11-24.663]brd: module loaded
[13-11-24.686]loop: module loaded
[13-11-24.687]fsl-quadspi 21e0000.qspi: unrecognized JEDEC id bytes: ff, ff, ff
[13-11-24.693]fsl-quadspi 21e0000.qspi: Freescale QuadSPI probe failed
[13-11-24.710]spi_imx 2010000.ecspi: probed
[13-11-24.725]20b4000.ethernet supply phy not found, using dummy regulator
[13-11-25.108]pps pps0: new PPS source ptp0
[13-11-25.108]libphy: fec_enet_mii_bus: probed
[13-11-25.108]fec 20b4000.ethernet eth0: registered PHC device 0
[13-11-25.123]2188000.ethernet supply phy not found, using dummy regulator
[13-11-25.494]pps pps1: new PPS source ptp1
[13-11-25.511]fec 2188000.ethernet eth1: registered PHC device 1
[13-11-25.511]ehci_hcd: USB 2.0 'Enhanced' Host Controller (EHCI) Driver
[13-11-25.526]ehci-mxc: Freescale On-Chip EHCI Host driver
[13-11-25.526]ohci_hcd: USB 1.1 'Open' Host Controller (OHCI) Driver
[13-11-25.547]usbcore: registered new interface driver usb-storage
[13-11-25.547]2184800.usbmisc supply vbus-wakeup not found, using dummy regulator
[13-11-25.558]2184000.usb supply vbus not found, using dummy regulator
[13-11-25.573]2184200.usb supply vbus not found, using dummy regulator
[13-11-25.603]ci_hdrc ci_hdrc.1: EHCI Host Controller
[13-11-25.603]ci_hdrc ci_hdrc.1: new USB bus registered, assigned bus number 1
[13-11-25.619]ci_hdrc ci_hdrc.1: USB 2.0 started, EHCI 1.00
[13-11-25.640]hub 1-0:1.0: USB hub found
[13-11-25.640]hub 1-0:1.0: 1 port detected
[13-11-25.640]Mass Storage Function, version: 2009/09/11
[13-11-25.651]LUN: removable file: (no medium)
[13-11-25.651]no file given for LUN0
[13-11-25.666]g_mass_storage ci_hdrc.0: failed to start g_mass_storage: -22
[13-11-25.666]mousedev: PS/2 mouse device common for all mice
[13-11-25.681]input: 20cc000.snvs:snvs-powerkey as /devices/platform/soc/2000000.aips-bus/20cc000.snvs/20cc000.snvs:snvs-powerkey/input/input0
[13-11-25.957]usb 1-1: new high-speed USB device number 2 using ci_hdrc
[13-11-26.028]input: edt-ft5426 as /devices/platform/soc/2100000.aips-bus/21a4000.i2c/i2c-1/1-0038/input/input1
[13-11-26.050]snvs_rtc 20cc000.snvs:snvs-rtc-lp: rtc core: registered 20cc000.snvs:snvs-r as rtc0
[13-11-26.050]i2c /dev entries driver
[13-11-26.075]IR NEC protocol handler initialized
[13-11-26.075]IR RC5(x/sz) protocol handler initialized
[13-11-26.075]IR RC6 protocol handler initialized
[13-11-26.075]IR JVC protocol handler initialized
[13-11-26.081]IR Sony protocol handler initialized
[13-11-26.098]IR SANYO protocol handler initialized
[13-11-26.098]IR Sharp protocol handler initialized
[13-11-26.111]IR MCE Keyboard/mouse protocol handler initialized
[13-11-26.111]IR XMP protocol handler initialized
[13-11-26.127]hub 1-1:1.0: USB hub found
[13-11-26.127]pxp-v4l2 pxp_v4l2: initialized
[13-11-26.142]hub 1-1:1.0: 4 ports detected
[13-11-26.142]imx2-wdt 20bc000.wdog: use WDOG_B to reboot.
[13-11-26.161]imx2-wdt 20bc000.wdog: timeout 60 sec (nowayout=0)
[13-11-26.161]sdhci: Secure Digital Host Controller Interface driver
[13-11-26.173]sdhci: Copyright(c) Pierre Ossman
[13-11-26.173]sdhci-pltfm: SDHCI platform and OF driver helper
[13-11-26.192]/soc/aips-bus@02100000/usdhc@02190000: voltage-ranges unspecified
[13-11-26.192]sdhci-esdhc-imx 2190000.usdhc: Got CD GPIO
[13-11-26.204]sdhci-esdhc-imx 2190000.usdhc: No vqmmc regulator found
[13-11-26.250]mmc0: SDHCI controller on 2190000.usdhc [2190000.usdhc] using ADMA
[13-11-26.281]/soc/aips-bus@02100000/usdhc@02194000: voltage-ranges unspecified
[13-11-26.296]sdhci-esdhc-imx 2194000.usdhc: No vmmc regulator found
[13-11-26.296]sdhci-esdhc-imx 2194000.usdhc: No vqmmc regulator found
[13-11-26.343]mmc0: host does not support reading read-only switch, assuming write-enable
[13-11-26.374]mmc1: SDHCI controller on 2194000.usdhc [2194000.usdhc] using ADMA
[13-11-26.374]mmc0: new high speed SDHC card at address 0001
[13-11-26.374]usbcore: registered new interface driver usbhid
[13-11-26.389]mmcblk0: mmc0:0001 SD 29.1 GiB 
[13-11-26.389]usbhid: USB HID core driver
[13-11-26.389] mmcblk0: p1
[13-11-26.419]wm8960 1-001a: Failed to issue reset
[13-11-26.435]wm8960: probe of 1-001a failed with error -5
[13-11-26.465]fsl-asrc 2034000.asrc: driver registered
[13-11-26.497]imx-wm8960 sound: wm8960-hifi <-> 202c000.sai mapping ok
[13-11-26.497]imx-wm8960 sound: snd-soc-dummy-dai <-> 2034000.asrc mapping ok
[13-11-26.512]imx-wm8960 sound: wm8960-hifi <-> 202c000.sai mapping ok
[13-11-26.512]mmc1: MAN_BKOPS_EN bit is not set
[13-11-26.549]mmc1: new DDR MMC card at address 0001
[13-11-26.549]mmcblk1: mmc1:0001 8GTF4R 7.28 GiB 
[13-11-26.574]mmcblk1boot0: mmc1:0001 8GTF4R partition 1 4.00 MiB
[13-11-26.574]mmcblk1boot1: mmc1:0001 8GTF4R partition 2 4.00 MiB
[13-11-26.574]mmcblk1rpmb: mmc1:0001 8GTF4R partition 3 512 KiB
[13-11-26.574] mmcblk1: p1 p2
[13-11-26.660]NET: Registered protocol family 10
[13-11-26.661]sit: IPv6 over IPv4 tunneling driver
[13-11-26.661]NET: Registered protocol family 17
[13-11-26.681]lib80211: common routines for IEEE802.11 drivers
[13-11-26.681]Key type dns_resolver registered
[13-11-26.696]Registering SWP/SWPB emulation handler
[13-11-26.713]gpio-keys gpio_keys@0: Found button without gpios or irqs
[13-11-26.713]gpio-keys: probe of gpio_keys@0 failed with error -22
[13-11-26.726]snvs_rtc 20cc000.snvs:snvs-rtc-lp: setting system clock to 1970-01-01 01:57:42 UTC (7062)
[13-11-26.834]fec 20b4000.ethernet eth0: Freescale FEC PHY driver [Generic PHY] (mii_bus:phy_addr=20b4000.ethernet:01, irq=-1)
[13-11-26.864]IPv6: ADDRCONF(NETDEV_UP): eth0: link is not ready
[13-11-30.824]fec 20b4000.ethernet eth0: Link is Up - 100Mbps/Full - flow control rx/tx
[13-11-30.840]IPv6: ADDRCONF(NETDEV_CHANGE): eth0: link becomes ready
[13-11-30.866]IP-Config: Complete:
[13-11-30.866]     device=eth0, hwaddr=b8:ae:1d:01:00:00, ipaddr=192.168.10.11, mask=255.255.255.0, gw=192.168.10.1
[13-11-30.871]     host=192.168.10.11, domain=, nis-domain=(none)
[13-11-30.887]     bootserver=192.168.10.111, rootserver=192.168.10.111, rootpath=
[13-11-30.887]audio-pwr: disabling
[13-11-30.887]can-3v3: disabling
[13-11-30.903]ALSA device list:
[13-11-30.903]  #0: wm8960-audio
[13-11-30.924]VFS: Mounted root (nfs filesystem) on device 0:15.
[13-11-30.924]devtmpfs: mounted
[13-11-30.933]Freeing unused kernel memory: 432K (8093a000 - 809a6000)
[13-11-31.211]cut: /proc/uptime: No such file or directory
[13-11-31.226]BOOTMARK:USERSPACE_START uptime=
[13-11-31.441]ALSA: Restoring mixer setting......
[13-11-31.473]BOOTMARK:CONSOLE_READY uptime=8.02
[13-11-31.517]
[13-12-28.816]Please press Enter to activate this console. random: nonblocking pool is initialized
[13-12-48.498]
[13-12-48.498]
