[13-05-27.644]U-Boot 2016.03 (Jul 31 2026 - 17:18:08 +0800)
[13-05-27.644]
[13-05-27.644]CPU:   Freescale i.MX6ULL rev1.1 69 MHz (running at 396 MHz)
[13-05-27.661]CPU:   Industrial temperature grade (-40C to 105C) at 47C
[13-05-27.661]Reset cause: POR
[13-05-27.677]Board: MX6ULL EMMC LZY
[13-05-27.677]I2C:   ready
[13-05-27.677]DRAM:  512 MiB
[13-05-27.754]MMC:   FSL_SDHC: 0, FSL_SDHC: 1
[13-05-27.846]Display: TFT7016 (1024x600)
[13-05-27.862]Video: 1024x600x24
[13-05-27.862]In:    serial
[13-05-27.862]Out:   serial
[13-05-27.862]Err:   serial
[13-05-27.954]switch to partitions #0, OK
[13-05-27.954]mmc0 is current device
[13-05-28.154]Net:   FEC1
[13-05-28.154]Normal Boot
[13-05-29.153]Hit any key to stop autoboot:  0 
[13-05-29.153]BOOTMARK:TFTP_KERNEL_START
[13-05-31.333]FEC1 Waiting for PHY auto negotiation to complete..... done
[13-05-31.427]Using FEC1 device
[13-05-31.427]TFTP from server 192.168.10.111; our IP address is 192.168.10.11
[13-05-31.443]Filename 'zImage'.
[13-05-31.443]Load address: 0x80800000
[13-05-31.996]Loading: #################################################################
[13-05-32.430]         #################################################################
[13-05-32.939]         #################################################################
[13-05-33.341]         #################################################################
[13-05-33.756]         #################################################################
[13-05-34.066]         ##########################################
[13-05-34.066]         2 MiB/s
[13-05-34.066]done
[13-05-34.066]Bytes transferred = 5386080 (522f60 hex)
[13-05-34.082]BOOTMARK:TFTP_KERNEL_END
[13-05-34.082]BOOTMARK:TFTP_DTB_START
[13-05-34.179]Using FEC1 device
[13-05-34.179]TFTP from server 192.168.10.111; our IP address is 192.168.10.11
[13-05-34.179]Filename 'imx6ull-emmc-lzy.dtb'.
[13-05-34.190]Load address: 0x83000000
[13-05-34.210]Loading: ###
[13-05-34.210]         2.3 MiB/s
[13-05-34.210]done
[13-05-34.210]Bytes transferred = 40314 (9d7a hex)
[13-05-34.210]BOOTMARK:TFTP_DTB_END
[13-05-34.210]BOOTMARK:KERNEL_START
[13-05-34.221]Kernel image @ 0x80800000 [ 0x000000 - 0x522f60 ]
[13-05-34.221]## Flattened Device Tree blob at 83000000
[13-05-34.236]   Booting using the fdt blob at 0x83000000
[13-05-34.236]   Using Device Tree in place at 83000000, end 8300cd79
[13-05-34.252]
[13-05-34.252]Starting kernel ...
[13-05-34.252]
[13-05-35.126]Booting Linux on physical CPU 0x0
[13-05-35.138]Linux version 4.1.15+ (lzy@lzy) (gcc version 4.9.4 (Linaro GCC 4.9-2017.01) ) #12 SMP PREEMPT Thu Oct 1 20:00:21 CST 2026
[13-05-35.138]CPU: ARMv7 Processor [410fc075] revision 5 (ARMv7), cr=10c5387d
[13-05-35.150]CPU: PIPT / VIPT nonaliasing data cache, VIPT aliasing instruction cache
[13-05-35.150]Machine model: Freescale i.MX6 ULL 14x14 EVK Board
[13-05-35.161]Reserved memory: created CMA memory pool at 0x98000000, size 128 MiB
[13-05-35.161]Reserved memory: initialized node linux,cma, compatible id shared-dma-pool
[13-05-35.172]Memory policy: Data cache writealloc
[13-05-35.172]PERCPU: Embedded 12 pages/cpu @97b8f000 s16768 r8192 d24192 u49152
[13-05-35.183]Built 1 zonelists in Zone order, mobility grouping on.  Total pages: 130048
[13-05-35.194]Kernel command line: console=tty1 console=ttymxc0,115200 root=/dev/nfs rw nfsroot=192.168.10.111:/home/lzy/linux/nfs/rootfs,proto=tcp,nfsvers=3 ip=192.168.10.11:192.168.10.111:192.168.10.1:255.255.255.0::eth0:off
[13-05-35.206]PID hash table entries: 2048 (order: 1, 8192 bytes)
[13-05-35.206]Dentry cache hash table entries: 65536 (order: 6, 262144 bytes)
[13-05-35.219]Inode-cache hash table entries: 32768 (order: 5, 131072 bytes)
[13-05-35.231]Memory: 378088K/524288K available (6714K kernel code, 302K rwdata, 2252K rodata, 432K init, 424K bss, 15128K reserved, 131072K cma-reserved, 0K highmem)
[13-05-35.231]Virtual kernel memory layout:
[13-05-35.231]    vector  : 0xffff0000 - 0xffff1000   (   4 kB)
[13-05-35.241]    fixmap  : 0xffc00000 - 0xfff00000   (3072 kB)
[13-05-35.250]    vmalloc : 0xa0800000 - 0xff000000   (1512 MB)
[13-05-35.251]    lowmem  : 0x80000000 - 0xa0000000   ( 512 MB)
[13-05-35.251]    pkmap   : 0x7fe00000 - 0x80000000   (   2 MB)
[13-05-35.261]    modules : 0x7f000000 - 0x7fe00000   (  14 MB)
[13-05-35.261]      .text : 0x80008000 - 0x808c9d44   (8968 kB)
[13-05-35.272]      .init : 0x808ca000 - 0x80936000   ( 432 kB)
[13-05-35.272]      .data : 0x80936000 - 0x80981940   ( 303 kB)
[13-05-35.285]       .bss : 0x80984000 - 0x809ee174   ( 425 kB)
[13-05-35.286]SLUB: HWalign=64, Order=0-3, MinObjects=0, CPUs=1, Nodes=1
[13-05-35.286]Preemptible hierarchical RCU implementation.
[13-05-35.292]        Additional per-CPU info printed with stalls.
[13-05-35.292]        RCU restricting CPUs from NR_CPUS=4 to nr_cpu_ids=1.
[13-05-35.303]RCU: Adjusting geometry for rcu_fanout_leaf=16, nr_cpu_ids=1
[13-05-35.303]NR_IRQS:16 nr_irqs:16 16
[13-05-35.303]mxc_clocksource_init 3000000
[13-05-35.311]Switching to timer-based delay loop, resolution 333ns
[13-05-35.311]sched_clock: 32 bits at 3000kHz, resolution 333ns, wraps every 715827882841ns
[13-05-35.323]clocksource mxc_timer1: mask: 0xffffffff max_cycles: 0xffffffff, max_idle_ns: 637086815595 ns
[13-05-35.323]Console: colour dummy device 80x30
[13-05-35.335]console [tty1] enabled
[13-05-35.335]Calibrating delay loop (skipped), value calculated using timer frequency.. 6.00 BogoMIPS (lpj=30000)
[13-05-35.346]pid_max: default: 32768 minimum: 301
[13-05-35.346]Mount-cache hash table entries: 1024 (order: 0, 4096 bytes)
[13-05-35.357]Mountpoint-cache hash table entries: 1024 (order: 0, 4096 bytes)
[13-05-35.357]CPU: Testing write buffer coherency: ok
[13-05-35.357]/cpus/cpu@0 missing clock-frequency property
[13-05-35.367]CPU0: thread -1, cpu 0, socket 0, mpidr 80000000
[13-05-35.368]Setting up static identity map for 0x80008280 - 0x800082d8
[13-05-35.368]Brought up 1 CPUs
[13-05-35.379]SMP: Total of 1 processors activated (6.00 BogoMIPS).
[13-05-35.379]CPU: All CPU(s) started in SVC mode.
[13-05-35.379]devtmpfs: initialized
[13-05-35.390]device-tree: Duplicate name in lcdif@021c8000, renamed to "display#1"
[13-05-35.390]VFP support v0.3: implementor 41 architecture 2 part 30 variant 7 rev 5
[13-05-35.401]clocksource jiffies: mask: 0xffffffff max_cycles: 0xffffffff, max_idle_ns: 19112604462750000 ns
[13-05-35.413]pinctrl core: initialized pinctrl subsystem
[13-05-35.413]NET: Registered protocol family 16
[13-05-35.413]DMA: preallocated 256 KiB pool for atomic coherent allocations
[13-05-35.424]cpuidle: using governor ladder
[13-05-35.424]cpuidle: using governor menu
[13-05-35.424]hw-breakpoint: found 5 (+1 reserved) breakpoint and 4 watchpoint registers.
[13-05-35.435]hw-breakpoint: maximum watchpoint size is 8 bytes.
[13-05-35.435]imx6ul-pinctrl 20e0000.iomuxc: initialized IMX pinctrl driver
[13-05-35.446]imx6ul-pinctrl 2290000.iomuxc-snvs: initialized IMX pinctrl driver
[13-05-35.446]mxs-dma 1804000.dma-apbh: initialized
[13-05-35.446]SCSI subsystem initialized
[13-05-35.457]usbcore: registered new interface driver usbfs
[13-05-35.457]usbcore: registered new interface driver hub
[13-05-35.457]usbcore: registered new device driver usb
[13-05-35.469]i2c i2c-0: IMX I2C adapter registered
[13-05-35.469]i2c i2c-0: can't use DMA
[13-05-35.469]i2c i2c-1: IMX I2C adapter registered
[13-05-35.469]i2c i2c-1: can't use DMA
[13-05-35.480]Linux video capture interface: v2.00
[13-05-35.480]pps_core: LinuxPPS API ver. 1 registered
[13-05-35.488]pps_core: Software ver. 5.3.6 - Copyright 2005-2007 Rodolfo Giometti <giometti@linux.it>
[13-05-35.497]PTP clock support registered
[13-05-35.497]Switched to clocksource mxc_timer1
[13-05-35.497]NET: Registered protocol family 2
[13-05-35.508]TCP established hash table entries: 4096 (order: 2, 16384 bytes)
[13-05-35.508]TCP bind hash table entries: 4096 (order: 3, 32768 bytes)
[13-05-35.508]TCP: Hash tables configured (established 4096 bind 4096)
[13-05-35.519]UDP hash table entries: 256 (order: 1, 8192 bytes)
[13-05-35.528]UDP-Lite hash table entries: 256 (order: 1, 8192 bytes)
[13-05-35.528]NET: Registered protocol family 1
[13-05-35.528]RPC: Registered named UNIX socket transport module.
[13-05-35.539]RPC: Registered udp transport module.
[13-05-35.539]RPC: Registered tcp transport module.
[13-05-35.539]RPC: Registered tcp NFSv4.1 backchannel transport module.
[13-05-35.551]imx rpmsg driver is registered.
[13-05-35.551]Bus freq driver module loaded
[13-05-35.559]futex hash table entries: 256 (order: 2, 16384 bytes)
[13-05-35.559]VFS: Disk quotas dquot_6.6.0
[13-05-35.559]VFS: Dquot-cache hash table entries: 1024 (order 0, 4096 bytes)
[13-05-35.570]NFS: Registering the id_resolver key type
[13-05-35.570]Key type id_resolver registered
[13-05-35.570]Key type id_legacy registered
[13-05-35.582]jffs2: version 2.2. (NAND) © 2001-2006 Red Hat, Inc.
[13-05-35.582]fuse init (API version 7.23)
[13-05-35.582]io scheduler noop registered
[13-05-35.582]io scheduler deadline registered
[13-05-35.592]io scheduler cfq registered (default)
[13-05-35.592]imx-weim 21b8000.weim: Driver registered.
[13-05-35.592]backlight supply power not found, using dummy regulator
[13-05-35.603]21c8000.lcdif supply lcd not found, using dummy regulator
[13-05-35.604]mxsfb 21c8000.lcdif: failed to find mxc display driver 
[13-05-35.615]Console: switching to colour frame buffer device 128x37
[13-05-35.615]mxsfb 21c8000.lcdif: initialized
[13-05-35.615]imx-sdma 20ec000.sdma: no event needs to be remapped
[13-05-35.626]imx-sdma 20ec000.sdma: loaded firmware 3.3
[13-05-35.626]imx-sdma 20ec000.sdma: initialized
[13-05-35.641]2020000.serial: ttymxc0 at MMIO 0x2020000 (irq = 19, base_baud = 5000000) is a IMX
[13-05-35.641]console [ttymxc0] enabled
[13-05-35.646]21ec000.serial: ttymxc2 at MMIO 0x21ec000 (irq = 228, base_baud = 5000000) is a IMX
[13-05-35.660]imx sema4 driver is registered.
[13-05-35.660][drm] Initialized drm 1.1.0 20060810
[13-05-35.674][drm] Initialized vivante 1.0.0 20120216 on minor 0
[13-05-35.705]brd: module loaded
[13-05-35.722]loop: module loaded
[13-05-35.737]spi_imx 2010000.ecspi: probed
[13-05-35.753]20b4000.ethernet supply phy not found, using dummy regulator
[13-05-36.124]pps pps0: new PPS source ptp0
[13-05-36.140]libphy: fec_enet_mii_bus: probed
[13-05-36.140]fec 20b4000.ethernet eth0: registered PHC device 0
[13-05-36.161]ehci_hcd: USB 2.0 'Enhanced' Host Controller (EHCI) Driver
[13-05-36.161]ehci-mxc: Freescale On-Chip EHCI Host driver
[13-05-36.172]ohci_hcd: USB 1.1 'Open' Host Controller (OHCI) Driver
[13-05-36.186]usbcore: registered new interface driver usb-storage
[13-05-36.186]2184800.usbmisc supply vbus-wakeup not found, using dummy regulator
[13-05-36.202]2184000.usb supply vbus not found, using dummy regulator
[13-05-36.216]2184200.usb supply vbus not found, using dummy regulator
[13-05-36.232]ci_hdrc ci_hdrc.1: EHCI Host Controller
[13-05-36.232]ci_hdrc ci_hdrc.1: new USB bus registered, assigned bus number 1
[13-05-36.263]ci_hdrc ci_hdrc.1: USB 2.0 started, EHCI 1.00
[13-05-36.286]hub 1-0:1.0: USB hub found
[13-05-36.286]hub 1-0:1.0: 1 port detected
[13-05-36.286]mousedev: PS/2 mouse device common for all mice
[13-05-36.310]input: 20cc000.snvs:snvs-powerkey as /devices/platform/soc/2000000.aips-bus/20cc000.snvs/20cc000.snvs:snvs-powerkey/input/input0
[13-05-36.604]usb 1-1: new high-speed USB device number 2 using ci_hdrc
[13-05-36.642]input: edt-ft5426 as /devices/platform/soc/2100000.aips-bus/21a4000.i2c/i2c-1/1-0038/input/input1
[13-05-36.650]snvs_rtc 20cc000.snvs:snvs-rtc-lp: rtc core: registered 20cc000.snvs:snvs-r as rtc0
[13-05-36.676]i2c /dev entries driver
[13-05-36.677]IR NEC protocol handler initialized
[13-05-36.677]IR RC5(x/sz) protocol handler initialized
[13-05-36.681]IR RC6 protocol handler initialized
[13-05-36.702]IR JVC protocol handler initialized
[13-05-36.702]IR Sony protocol handler initialized
[13-05-36.702]IR SANYO protocol handler initialized
[13-05-36.725]IR Sharp protocol handler initialized
[13-05-36.725]IR MCE Keyboard/mouse protocol handler initialized
[13-05-36.725]IR XMP protocol handler initialized
[13-05-36.752]pxp-v4l2 pxp_v4l2: initialized
[13-05-36.752]imx2-wdt 20bc000.wdog: use WDOG_B to reboot.
[13-05-36.752]imx2-wdt 20bc000.wdog: timeout 60 sec (nowayout=0)
[13-05-36.758]hub 1-1:1.0: USB hub found
[13-05-36.774]sdhci: Secure Digital Host Controller Interface driver
[13-05-36.774]sdhci: Copyright(c) Pierre Ossman
[13-05-36.788]hub 1-1:1.0: 4 ports detected
[13-05-36.788]sdhci-pltfm: SDHCI platform and OF driver helper
[13-05-36.804]/soc/aips-bus@02100000/usdhc@02190000: voltage-ranges unspecified
[13-05-36.804]sdhci-esdhc-imx 2190000.usdhc: Got CD GPIO
[13-05-36.819]sdhci-esdhc-imx 2190000.usdhc: No vqmmc regulator found
[13-05-36.866]mmc0: SDHCI controller on 2190000.usdhc [2190000.usdhc] using ADMA
[13-05-36.881]/soc/aips-bus@02100000/usdhc@02194000: voltage-ranges unspecified
[13-05-36.911]sdhci-esdhc-imx 2194000.usdhc: No vmmc regulator found
[13-05-36.911]sdhci-esdhc-imx 2194000.usdhc: No vqmmc regulator found
[13-05-36.958]mmc0: host does not support reading read-only switch, assuming write-enable
[13-05-36.973]mmc1: SDHCI controller on 2194000.usdhc [2194000.usdhc] using ADMA
[13-05-36.973]mmc0: new high speed SDHC card at address 0001
[13-05-37.004]usbcore: registered new interface driver usbhid
[13-05-37.004]mmcblk0: mmc0:0001 SD 29.1 GiB 
[13-05-37.004]usbhid: USB HID core driver
[13-05-37.004] mmcblk0: p1
[13-05-37.035]NET: Registered protocol family 10
[13-05-37.035]sit: IPv6 over IPv4 tunneling driver
[13-05-37.051]NET: Registered protocol family 17
[13-05-37.051]lib80211: common routines for IEEE802.11 drivers
[13-05-37.066]Key type dns_resolver registered
[13-05-37.111]Registering SWP/SWPB emulation handler
[13-05-37.131]snvs_rtc 20cc000.snvs:snvs-rtc-lp: setting system clock to 1970-01-01 00:06:39 UTC (399)
[13-05-37.145]mmc1: MAN_BKOPS_EN bit is not set
[13-05-37.160]fec 20b4000.ethernet eth0: Freescale FEC PHY driver [RTL8201F Fast Ethernet] (mii_bus:phy_addr=20b4000.ethernet:01, irq=169)
[13-05-37.182]mmc1: new DDR MMC card at address 0001
[13-05-37.182]mmcblk1: mmc1:0001 8GTF4R 7.28 GiB 
[13-05-37.191]IPv6: ADDRCONF(NETDEV_UP): eth0: link is not ready
[13-05-37.191]mmcblk1boot0: mmc1:0001 8GTF4R partition 1 4.00 MiB
[13-05-37.222]mmcblk1boot1: mmc1:0001 8GTF4R partition 2 4.00 MiB
[13-05-37.222]mmcblk1rpmb: mmc1:0001 8GTF4R partition 3 512 KiB
[13-05-37.222] mmcblk1: p1 p2
[13-05-40.994]fec 20b4000.ethernet eth0: Link is Up - 100Mbps/Full - flow control rx/tx
[13-05-41.004]IPv6: ADDRCONF(NETDEV_CHANGE): eth0: link becomes ready
[13-05-41.020]IP-Config: Complete:
[13-05-41.020]     device=eth0, hwaddr=b8:ae:1d:01:00:00, ipaddr=192.168.10.11, mask=255.255.255.0, gw=192.168.10.1
[13-05-41.034]     host=192.168.10.11, domain=, nis-domain=(none)
[13-05-41.034]     bootserver=192.168.10.111, rootserver=192.168.10.111, rootpath=
[13-05-41.036]can-3v3: disabling
[13-05-42.070]VFS: Mounted root (nfs filesystem) on device 0:14.
[13-05-42.070]devtmpfs: mounted
[13-05-42.087]Freeing unused kernel memory: 432K (808ca000 - 80936000)
[13-05-42.612]BOOTMARK:USERSPACE_START
[13-05-42.612]BOOTMARK:CONSOLE_READY
[13-05-42.627]
[13-06-14.443]Please press Enter to activate this console. 
[13-06-14.443]
