[18-46-30.734]U-Boot 2016.03 (Jul 31 2026 - 17:18:08 +0800)
[18-46-30.734]
[18-46-30.749]CPU:   Freescale i.MX6ULL rev1.1 69 MHz (running at 396 MHz)
[18-46-30.765]CPU:   Industrial temperature grade (-40C to 105C) at 50C
[18-46-30.765]Reset cause: POR
[18-46-30.765]Board: MX6ULL EMMC LZY
[18-46-30.765]I2C:   ready
[18-46-30.765]DRAM:  512 MiB
[18-46-30.842]MMC:   FSL_SDHC: 0, FSL_SDHC: 1
[18-46-30.934]Display: TFT7016 (1024x600)
[18-46-30.965]Video: 1024x600x24
[18-46-30.965]In:    serial
[18-46-30.965]Out:   serial
[18-46-30.965]Err:   serial
[18-46-31.058]switch to partitions #0, OK
[18-46-31.058]mmc0 is current device
[18-46-31.244]Net:   FEC1
[18-46-31.244]Normal Boot
[18-46-32.247]Hit any key to stop autoboot:  0 
[18-46-32.247]BOOTMARK:TFTP_KERNEL_START
[18-46-34.395]FEC1 Waiting for PHY auto negotiation to complete..... done
[18-46-34.495]Using FEC1 device
[18-46-34.495]TFTP from server 192.168.10.111; our IP address is 192.168.10.11
[18-46-34.495]Filename 'zImage'.
[18-46-34.504]Load address: 0x80800000
[18-46-39.876]Loading: #################################################################
[18-46-40.229]         #################################################################
[18-46-40.583]         #################################################################
[18-46-40.967]         #################################################################
[18-46-41.290]         #################################################################
[18-46-41.521]         ##########################################
[18-46-41.521]         750 KiB/s
[18-46-41.522]done
[18-46-41.522]Bytes transferred = 5386080 (522f60 hex)
[18-46-41.522]BOOTMARK:TFTP_KERNEL_END
[18-46-41.522]BOOTMARK:TFTP_DTB_START
[18-46-41.629]Using FEC1 device
[18-46-41.629]TFTP from server 192.168.10.111; our IP address is 192.168.10.11
[18-46-41.629]Filename 'imx6ull-emmc-lzy.dtb'.
[18-46-41.646]Load address: 0x83000000
[18-46-41.661]Loading: ###
[18-46-41.661]         2.1 MiB/s
[18-46-41.661]done
[18-46-41.661]Bytes transferred = 40314 (9d7a hex)
[18-46-41.661]BOOTMARK:TFTP_DTB_END
[18-46-41.670]BOOTMARK:KERNEL_START
[18-46-41.670]Kernel image @ 0x80800000 [ 0x000000 - 0x522f60 ]
[18-46-41.670]## Flattened Device Tree blob at 83000000
[18-46-41.692]   Booting using the fdt blob at 0x83000000
[18-46-41.692]   Using Device Tree in place at 83000000, end 8300cd79
[18-46-41.692]
[18-46-41.692]Starting kernel ...
[18-46-41.692]
[18-46-42.573]Booting Linux on physical CPU 0x0
[18-46-42.584]Linux version 4.1.15+ (lzy@lzy) (gcc version 4.9.4 (Linaro GCC 4.9-2017.01) ) #12 SMP PREEMPT Thu Oct 1 20:00:21 CST 2026
[18-46-42.584]CPU: ARMv7 Processor [410fc075] revision 5 (ARMv7), cr=10c5387d
[18-46-42.595]CPU: PIPT / VIPT nonaliasing data cache, VIPT aliasing instruction cache
[18-46-42.595]Machine model: Freescale i.MX6 ULL 14x14 EVK Board
[18-46-42.606]Reserved memory: created CMA memory pool at 0x98000000, size 128 MiB
[18-46-42.615]Reserved memory: initialized node linux,cma, compatible id shared-dma-pool
[18-46-42.615]Memory policy: Data cache writealloc
[18-46-42.615]PERCPU: Embedded 12 pages/cpu @97b8f000 s16768 r8192 d24192 u49152
[18-46-42.626]Built 1 zonelists in Zone order, mobility grouping on.  Total pages: 130048
[18-46-42.646]Kernel command line: console=tty1 console=ttymxc0,115200 root=/dev/nfs rw nfsroot=192.168.10.111:/home/lzy/linux/nfs/rootfs,proto=tcp,nfsvers=3 ip=192.168.10.11:192.168.10.111:192.168.10.1:255.255.255.0::eth0:off
[18-46-42.646]PID hash table entries: 2048 (order: 1, 8192 bytes)
[18-46-42.657]Dentry cache hash table entries: 65536 (order: 6, 262144 bytes)
[18-46-42.657]Inode-cache hash table entries: 32768 (order: 5, 131072 bytes)
[18-46-42.677]Memory: 378088K/524288K available (6714K kernel code, 302K rwdata, 2252K rodata, 432K init, 424K bss, 15128K reserved, 131072K cma-reserved, 0K highmem)
[18-46-42.677]Virtual kernel memory layout:
[18-46-42.677]    vector  : 0xffff0000 - 0xffff1000   (   4 kB)
[18-46-42.688]    fixmap  : 0xffc00000 - 0xfff00000   (3072 kB)
[18-46-42.688]    vmalloc : 0xa0800000 - 0xff000000   (1512 MB)
[18-46-42.698]    lowmem  : 0x80000000 - 0xa0000000   ( 512 MB)
[18-46-42.698]    pkmap   : 0x7fe00000 - 0x80000000   (   2 MB)
[18-46-42.707]    modules : 0x7f000000 - 0x7fe00000   (  14 MB)
[18-46-42.707]      .text : 0x80008000 - 0x808c9d44   (8968 kB)
[18-46-42.718]      .init : 0x808ca000 - 0x80936000   ( 432 kB)
[18-46-42.718]      .data : 0x80936000 - 0x80981940   ( 303 kB)
[18-46-42.718]       .bss : 0x80984000 - 0x809ee174   ( 425 kB)
[18-46-42.729]SLUB: HWalign=64, Order=0-3, MinObjects=0, CPUs=1, Nodes=1
[18-46-42.729]Preemptible hierarchical RCU implementation.
[18-46-42.738]        Additional per-CPU info printed with stalls.
[18-46-42.738]        RCU restricting CPUs from NR_CPUS=4 to nr_cpu_ids=1.
[18-46-42.749]RCU: Adjusting geometry for rcu_fanout_leaf=16, nr_cpu_ids=1
[18-46-42.749]NR_IRQS:16 nr_irqs:16 16
[18-46-42.749]mxc_clocksource_init 3000000
[18-46-42.760]Switching to timer-based delay loop, resolution 333ns
[18-46-42.761]sched_clock: 32 bits at 3000kHz, resolution 333ns, wraps every 715827882841ns
[18-46-42.772]clocksource mxc_timer1: mask: 0xffffffff max_cycles: 0xffffffff, max_idle_ns: 637086815595 ns
[18-46-42.772]Console: colour dummy device 80x30
[18-46-42.772]console [tty1] enabled
[18-46-42.782]Calibrating delay loop (skipped), value calculated using timer frequency.. 6.00 BogoMIPS (lpj=30000)
[18-46-42.782]pid_max: default: 32768 minimum: 301
[18-46-42.794]Mount-cache hash table entries: 1024 (order: 0, 4096 bytes)
[18-46-42.794]Mountpoint-cache hash table entries: 1024 (order: 0, 4096 bytes)
[18-46-42.805]CPU: Testing write buffer coherency: ok
[18-46-42.805]/cpus/cpu@0 missing clock-frequency property
[18-46-42.816]CPU0: thread -1, cpu 0, socket 0, mpidr 80000000
[18-46-42.816]Setting up static identity map for 0x80008280 - 0x800082d8
[18-46-42.816]Brought up 1 CPUs
[18-46-42.821]SMP: Total of 1 processors activated (6.00 BogoMIPS).
[18-46-42.830]CPU: All CPU(s) started in SVC mode.
[18-46-42.830]devtmpfs: initialized
[18-46-42.830]device-tree: Duplicate name in lcdif@021c8000, renamed to "display#1"
[18-46-42.841]VFP support v0.3: implementor 41 architecture 2 part 30 variant 7 rev 5
[18-46-42.853]clocksource jiffies: mask: 0xffffffff max_cycles: 0xffffffff, max_idle_ns: 19112604462750000 ns
[18-46-42.853]pinctrl core: initialized pinctrl subsystem
[18-46-42.861]NET: Registered protocol family 16
[18-46-42.861]DMA: preallocated 256 KiB pool for atomic coherent allocations
[18-46-42.861]cpuidle: using governor ladder
[18-46-42.872]cpuidle: using governor menu
[18-46-42.872]hw-breakpoint: found 5 (+1 reserved) breakpoint and 4 watchpoint registers.
[18-46-42.883]hw-breakpoint: maximum watchpoint size is 8 bytes.
[18-46-42.883]imx6ul-pinctrl 20e0000.iomuxc: initialized IMX pinctrl driver
[18-46-42.892]imx6ul-pinctrl 2290000.iomuxc-snvs: initialized IMX pinctrl driver
[18-46-42.892]mxs-dma 1804000.dma-apbh: initialized
[18-46-42.892]SCSI subsystem initialized
[18-46-42.903]usbcore: registered new interface driver usbfs
[18-46-42.903]usbcore: registered new interface driver hub
[18-46-42.903]usbcore: registered new device driver usb
[18-46-42.914]i2c i2c-0: IMX I2C adapter registered
[18-46-42.914]i2c i2c-0: can't use DMA
[18-46-42.915]i2c i2c-1: IMX I2C adapter registered
[18-46-42.924]i2c i2c-1: can't use DMA
[18-46-42.924]Linux video capture interface: v2.00
[18-46-42.924]pps_core: LinuxPPS API ver. 1 registered
[18-46-42.934]pps_core: Software ver. 5.3.6 - Copyright 2005-2007 Rodolfo Giometti <giometti@linux.it>
[18-46-42.934]PTP clock support registered
[18-46-42.945]Switched to clocksource mxc_timer1
[18-46-42.945]NET: Registered protocol family 2
[18-46-42.954]TCP established hash table entries: 4096 (order: 2, 16384 bytes)
[18-46-42.954]TCP bind hash table entries: 4096 (order: 3, 32768 bytes)
[18-46-42.954]TCP: Hash tables configured (established 4096 bind 4096)
[18-46-42.965]UDP hash table entries: 256 (order: 1, 8192 bytes)
[18-46-42.965]UDP-Lite hash table entries: 256 (order: 1, 8192 bytes)
[18-46-42.977]NET: Registered protocol family 1
[18-46-42.977]RPC: Registered named UNIX socket transport module.
[18-46-42.984]RPC: Registered udp transport module.
[18-46-42.984]RPC: Registered tcp transport module.
[18-46-42.985]RPC: Registered tcp NFSv4.1 backchannel transport module.
[18-46-42.996]imx rpmsg driver is registered.
[18-46-42.996]Bus freq driver module loaded
[18-46-42.996]futex hash table entries: 256 (order: 2, 16384 bytes)
[18-46-43.007]VFS: Disk quotas dquot_6.6.0
[18-46-43.007]VFS: Dquot-cache hash table entries: 1024 (order 0, 4096 bytes)
[18-46-43.016]NFS: Registering the id_resolver key type
[18-46-43.016]Key type id_resolver registered
[18-46-43.016]Key type id_legacy registered
[18-46-43.027]jffs2: version 2.2. (NAND) © 2001-2006 Red Hat, Inc.
[18-46-43.027]fuse init (API version 7.23)
[18-46-43.027]io scheduler noop registered
[18-46-43.027]io scheduler deadline registered
[18-46-43.038]io scheduler cfq registered (default)
[18-46-43.038]imx-weim 21b8000.weim: Driver registered.
[18-46-43.046]backlight supply power not found, using dummy regulator
[18-46-43.046]21c8000.lcdif supply lcd not found, using dummy regulator
[18-46-43.057]mxsfb 21c8000.lcdif: failed to find mxc display driver 
[18-46-43.057]Console: switching to colour frame buffer device 128x37
[18-46-43.057]mxsfb 21c8000.lcdif: initialized
[18-46-43.068]imx-sdma 20ec000.sdma: no event needs to be remapped
[18-46-43.068]imx-sdma 20ec000.sdma: loaded firmware 3.3
[18-46-43.081]imx-sdma 20ec000.sdma: initialized
[18-46-43.081]2020000.serial: ttymxc0 at MMIO 0x2020000 (irq = 19, base_baud = 5000000) is a IMX
[18-46-43.081]console [ttymxc0] enabled
[18-46-43.099]21ec000.serial: ttymxc2 at MMIO 0x21ec000 (irq = 228, base_baud = 5000000) is a IMX
[18-46-43.099]imx sema4 driver is registered.
[18-46-43.115][drm] Initialized drm 1.1.0 20060810
[18-46-43.115][drm] Initialized vivante 1.0.0 20120216 on minor 0
[18-46-43.145]brd: module loaded
[18-46-43.175]loop: module loaded
[18-46-43.190]spi_imx 2010000.ecspi: probed
[18-46-43.190]20b4000.ethernet supply phy not found, using dummy regulator
[18-46-43.577]pps pps0: new PPS source ptp0
[18-46-43.578]libphy: fec_enet_mii_bus: probed
[18-46-43.593]fec 20b4000.ethernet eth0: registered PHC device 0
[18-46-43.608]ehci_hcd: USB 2.0 'Enhanced' Host Controller (EHCI) Driver
[18-46-43.608]ehci-mxc: Freescale On-Chip EHCI Host driver
[18-46-43.623]ohci_hcd: USB 1.1 'Open' Host Controller (OHCI) Driver
[18-46-43.623]usbcore: registered new interface driver usb-storage
[18-46-43.640]2184800.usbmisc supply vbus-wakeup not found, using dummy regulator
[18-46-43.655]2184000.usb supply vbus not found, using dummy regulator
[18-46-43.670]2184200.usb supply vbus not found, using dummy regulator
[18-46-43.670]ci_hdrc ci_hdrc.1: EHCI Host Controller
[18-46-43.686]ci_hdrc ci_hdrc.1: new USB bus registered, assigned bus number 1
[18-46-43.716]ci_hdrc ci_hdrc.1: USB 2.0 started, EHCI 1.00
[18-46-43.716]hub 1-0:1.0: USB hub found
[18-46-43.732]hub 1-0:1.0: 1 port detected
[18-46-43.732]mousedev: PS/2 mouse device common for all mice
[18-46-43.747]input: 20cc000.snvs:snvs-powerkey as /devices/platform/soc/2000000.aips-bus/20cc000.snvs/20cc000.snvs:snvs-powerkey/input/input0
[18-46-44.054]usb 1-1: new high-speed USB device number 2 using ci_hdrc
[18-46-44.085]input: edt-ft5426 as /devices/platform/soc/2100000.aips-bus/21a4000.i2c/i2c-1/1-0038/input/input1
[18-46-44.107]snvs_rtc 20cc000.snvs:snvs-rtc-lp: rtc core: registered 20cc000.snvs:snvs-r as rtc0
[18-46-44.107]i2c /dev entries driver
[18-46-44.116]IR NEC protocol handler initialized
[18-46-44.132]IR RC5(x/sz) protocol handler initialized
[18-46-44.132]IR RC6 protocol handler initialized
[18-46-44.132]IR JVC protocol handler initialized
[18-46-44.147]IR Sony protocol handler initialized
[18-46-44.148]IR SANYO protocol handler initialized
[18-46-44.163]IR Sharp protocol handler initialized
[18-46-44.163]IR MCE Keyboard/mouse protocol handler initialized
[18-46-44.163]IR XMP protocol handler initialized
[18-46-44.178]pxp-v4l2 pxp_v4l2: initialized
[18-46-44.193]imx2-wdt 20bc000.wdog: use WDOG_B to reboot.
[18-46-44.193]imx2-wdt 20bc000.wdog: timeout 60 sec (nowayout=0)
[18-46-44.219]hub 1-1:1.0: USB hub found
[18-46-44.219]sdhci: Secure Digital Host Controller Interface driver
[18-46-44.219]sdhci: Copyright(c) Pierre Ossman
[18-46-44.238]hub 1-1:1.0: 4 ports detected
[18-46-44.238]sdhci-pltfm: SDHCI platform and OF driver helper
[18-46-44.271]/soc/aips-bus@02100000/usdhc@02190000: voltage-ranges unspecified
[18-46-44.271]sdhci-esdhc-imx 2190000.usdhc: Got CD GPIO
[18-46-44.271]sdhci-esdhc-imx 2190000.usdhc: No vqmmc regulator found
[18-46-44.316]mmc0: SDHCI controller on 2190000.usdhc [2190000.usdhc] using ADMA
[18-46-44.331]/soc/aips-bus@02100000/usdhc@02194000: voltage-ranges unspecified
[18-46-44.347]sdhci-esdhc-imx 2194000.usdhc: No vmmc regulator found
[18-46-44.362]sdhci-esdhc-imx 2194000.usdhc: No vqmmc regulator found
[18-46-44.409]mmc0: host does not support reading read-only switch, assuming write-enable
[18-46-44.409]mmc1: SDHCI controller on 2194000.usdhc [2194000.usdhc] using ADMA
[18-46-44.424]mmc0: new high speed SDHC card at address 0001
[18-46-44.439]usbcore: registered new interface driver usbhid
[18-46-44.439]mmcblk0: mmc0:0001 SD 29.1 GiB 
[18-46-44.470]usbhid: USB HID core driver
[18-46-44.470] mmcblk0: p1
[18-46-44.470]NET: Registered protocol family 10
[18-46-44.470]sit: IPv6 over IPv4 tunneling driver
[18-46-44.517]NET: Registered protocol family 17
[18-46-44.517]lib80211: common routines for IEEE802.11 drivers
[18-46-44.517]Key type dns_resolver registered
[18-46-44.547]Registering SWP/SWPB emulation handler
[18-46-44.566]snvs_rtc 20cc000.snvs:snvs-rtc-lp: setting system clock to 1970-01-01 01:15:54 UTC (4554)
[18-46-44.590]mmc1: MAN_BKOPS_EN bit is not set
[18-46-44.609]fec 20b4000.ethernet eth0: Freescale FEC PHY driver [RTL8201F Fast Ethernet] (mii_bus:phy_addr=20b4000.ethernet:01, irq=169)
[18-46-44.628]mmc1: new DDR MMC card at address 0001
[18-46-44.628]mmcblk1: mmc1:0001 8GTF4R 7.28 GiB 
[18-46-44.641]IPv6: ADDRCONF(NETDEV_UP): eth0: link is not ready
[18-46-44.641]mmcblk1boot0: mmc1:0001 8GTF4R partition 1 4.00 MiB
[18-46-44.657]mmcblk1boot1: mmc1:0001 8GTF4R partition 2 4.00 MiB
[18-46-44.657]mmcblk1rpmb: mmc1:0001 8GTF4R partition 3 512 KiB
[18-46-44.657] mmcblk1: p1 p2
[18-46-47.974]fec 20b4000.ethernet eth0: Link is Up - 100Mbps/Full - flow control rx/tx
[18-46-47.977]IPv6: ADDRCONF(NETDEV_CHANGE): eth0: link becomes ready
[18-46-48.005]IP-Config: Complete:
[18-46-48.005]     device=eth0, hwaddr=b8:ae:1d:01:00:00, ipaddr=192.168.10.11, mask=255.255.255.0, gw=192.168.10.1
[18-46-48.021]     host=192.168.10.11, domain=, nis-domain=(none)
[18-46-48.021]     bootserver=192.168.10.111, rootserver=192.168.10.111, rootpath=
[18-46-48.022]can-3v3: disabling
[18-46-49.048]VFS: Mounted root (nfs filesystem) on device 0:14.
[18-46-49.048]devtmpfs: mounted
[18-46-49.056]Freeing unused kernel memory: 432K (808ca000 - 80936000)
[18-46-49.333]cut: /proc/uptime: No such file or directory
[18-46-49.348]BOOTMARK:USERSPACE_START uptime=
[18-46-49.578]/etc/init.d/rcS: line 18: ：: not found
[18-46-49.578]BOOTMARK:CONSOLE_READY uptime=7.53
[18-46-49.578]
[18-47-06.177]Please press Enter to activate this console. 
[18-47-06.177]
