[13-15-40.640]U-Boot 2016.03 (Jul 31 2026 - 17:18:08 +0800)
[13-15-40.640]
[13-15-40.640]CPU:   Freescale i.MX6ULL rev1.1 69 MHz (running at 396 MHz)
[13-15-40.669]CPU:   Industrial temperature grade (-40C to 105C) at 48C
[13-15-40.669]Reset cause: POR
[13-15-40.669]Board: MX6ULL EMMC LZY
[13-15-40.669]I2C:   ready
[13-15-40.669]DRAM:  512 MiB
[13-15-40.745]MMC:   FSL_SDHC: 0, FSL_SDHC: 1
[13-15-40.853]Display: TFT7016 (1024x600)
[13-15-40.853]Video: 1024x600x24
[13-15-40.868]In:    serial
[13-15-40.868]Out:   serial
[13-15-40.868]Err:   serial
[13-15-40.946]switch to partitions #0, OK
[13-15-40.961]mmc0 is current device
[13-15-41.146]Net:   FEC1
[13-15-41.146]Normal Boot
[13-15-42.149]Hit any key to stop autoboot:  0 
[13-15-42.149]BOOTMARK:TFTP_KERNEL_START
[13-15-44.448]FEC1 Waiting for PHY auto negotiation to complete..... done
[13-15-44.548]Using FEC1 device
[13-15-44.548]TFTP from server 192.168.10.111; our IP address is 192.168.10.11
[13-15-44.548]Filename 'zImage'.
[13-15-44.556]Load address: 0x80800000
[13-15-50.087]Loading: #################################################################
[13-15-50.563]         #################################################################
[13-15-50.997]         #################################################################
[13-15-51.397]         #################################################################
[13-15-51.799]         #################################################################
[13-15-52.062]         ##########################################
[13-15-52.062]         702.1 KiB/s
[13-15-52.062]done
[13-15-52.062]Bytes transferred = 5386080 (522f60 hex)
[13-15-52.062]BOOTMARK:TFTP_KERNEL_END
[13-15-52.062]BOOTMARK:TFTP_DTB_START
[13-15-52.165]Using FEC1 device
[13-15-52.165]TFTP from server 192.168.10.111; our IP address is 192.168.10.11
[13-15-52.165]Filename 'imx6ull-emmc-lzy.dtb'.
[13-15-52.184]Load address: 0x83000000
[13-15-52.214]Loading: ###
[13-15-52.214]         1.1 MiB/s
[13-15-52.214]done
[13-15-52.214]Bytes transferred = 40314 (9d7a hex)
[13-15-52.214]BOOTMARK:TFTP_DTB_END
[13-15-52.215]BOOTMARK:KERNEL_START
[13-15-52.225]Kernel image @ 0x80800000 [ 0x000000 - 0x522f60 ]
[13-15-52.225]## Flattened Device Tree blob at 83000000
[13-15-52.225]   Booting using the fdt blob at 0x83000000
[13-15-52.247]   Using Device Tree in place at 83000000, end 8300cd79
[13-15-52.247]
[13-15-52.247]Starting kernel ...
[13-15-52.247]
[13-15-53.127]Booting Linux on physical CPU 0x0
[13-15-53.136]Linux version 4.1.15+ (lzy@lzy) (gcc version 4.9.4 (Linaro GCC 4.9-2017.01) ) #12 SMP PREEMPT Thu Oct 1 20:00:21 CST 2026
[13-15-53.136]CPU: ARMv7 Processor [410fc075] revision 5 (ARMv7), cr=10c5387d
[13-15-53.148]CPU: PIPT / VIPT nonaliasing data cache, VIPT aliasing instruction cache
[13-15-53.148]Machine model: Freescale i.MX6 ULL 14x14 EVK Board
[13-15-53.158]Reserved memory: created CMA memory pool at 0x98000000, size 128 MiB
[13-15-53.167]Reserved memory: initialized node linux,cma, compatible id shared-dma-pool
[13-15-53.167]Memory policy: Data cache writealloc
[13-15-53.178]PERCPU: Embedded 12 pages/cpu @97b8f000 s16768 r8192 d24192 u49152
[13-15-53.178]Built 1 zonelists in Zone order, mobility grouping on.  Total pages: 130048
[13-15-53.197]Kernel command line: console=tty1 console=ttymxc0,115200 root=/dev/nfs rw nfsroot=192.168.10.111:/home/lzy/linux/nfs/rootfs,proto=tcp,nfsvers=3 ip=192.168.10.11:192.168.10.111:192.168.10.1:255.255.255.0::eth0:off
[13-15-53.209]PID hash table entries: 2048 (order: 1, 8192 bytes)
[13-15-53.209]Dentry cache hash table entries: 65536 (order: 6, 262144 bytes)
[13-15-53.219]Inode-cache hash table entries: 32768 (order: 5, 131072 bytes)
[13-15-53.229]Memory: 378088K/524288K available (6714K kernel code, 302K rwdata, 2252K rodata, 432K init, 424K bss, 15128K reserved, 131072K cma-reserved, 0K highmem)
[13-15-53.229]Virtual kernel memory layout:
[13-15-53.239]    vector  : 0xffff0000 - 0xffff1000   (   4 kB)
[13-15-53.239]    fixmap  : 0xffc00000 - 0xfff00000   (3072 kB)
[13-15-53.251]    vmalloc : 0xa0800000 - 0xff000000   (1512 MB)
[13-15-53.251]    lowmem  : 0x80000000 - 0xa0000000   ( 512 MB)
[13-15-53.259]    pkmap   : 0x7fe00000 - 0x80000000   (   2 MB)
[13-15-53.259]    modules : 0x7f000000 - 0x7fe00000   (  14 MB)
[13-15-53.259]      .text : 0x80008000 - 0x808c9d44   (8968 kB)
[13-15-53.270]      .init : 0x808ca000 - 0x80936000   ( 432 kB)
[13-15-53.271]      .data : 0x80936000 - 0x80981940   ( 303 kB)
[13-15-53.285]       .bss : 0x80984000 - 0x809ee174   ( 425 kB)
[13-15-53.285]SLUB: HWalign=64, Order=0-3, MinObjects=0, CPUs=1, Nodes=1
[13-15-53.290]Preemptible hierarchical RCU implementation.
[13-15-53.290]        Additional per-CPU info printed with stalls.
[13-15-53.290]        RCU restricting CPUs from NR_CPUS=4 to nr_cpu_ids=1.
[13-15-53.301]RCU: Adjusting geometry for rcu_fanout_leaf=16, nr_cpu_ids=1
[13-15-53.301]NR_IRQS:16 nr_irqs:16 16
[13-15-53.301]mxc_clocksource_init 3000000
[13-15-53.313]Switching to timer-based delay loop, resolution 333ns
[13-15-53.321]sched_clock: 32 bits at 3000kHz, resolution 333ns, wraps every 715827882841ns
[13-15-53.321]clocksource mxc_timer1: mask: 0xffffffff max_cycles: 0xffffffff, max_idle_ns: 637086815595 ns
[13-15-53.332]Console: colour dummy device 80x30
[13-15-53.332]console [tty1] enabled
[13-15-53.343]Calibrating delay loop (skipped), value calculated using timer frequency.. 6.00 BogoMIPS (lpj=30000)
[13-15-53.344]pid_max: default: 32768 minimum: 301
[13-15-53.351]Mount-cache hash table entries: 1024 (order: 0, 4096 bytes)
[13-15-53.352]Mountpoint-cache hash table entries: 1024 (order: 0, 4096 bytes)
[13-15-53.362]CPU: Testing write buffer coherency: ok
[13-15-53.362]/cpus/cpu@0 missing clock-frequency property
[13-15-53.362]CPU0: thread -1, cpu 0, socket 0, mpidr 80000000
[13-15-53.374]Setting up static identity map for 0x80008280 - 0x800082d8
[13-15-53.374]Brought up 1 CPUs
[13-15-53.383]SMP: Total of 1 processors activated (6.00 BogoMIPS).
[13-15-53.383]CPU: All CPU(s) started in SVC mode.
[13-15-53.383]devtmpfs: initialized
[13-15-53.394]device-tree: Duplicate name in lcdif@021c8000, renamed to "display#1"
[13-15-53.394]VFP support v0.3: implementor 41 architecture 2 part 30 variant 7 rev 5
[13-15-53.405]clocksource jiffies: mask: 0xffffffff max_cycles: 0xffffffff, max_idle_ns: 19112604462750000 ns
[13-15-53.413]pinctrl core: initialized pinctrl subsystem
[13-15-53.413]NET: Registered protocol family 16
[13-15-53.413]DMA: preallocated 256 KiB pool for atomic coherent allocations
[13-15-53.425]cpuidle: using governor ladder
[13-15-53.425]cpuidle: using governor menu
[13-15-53.425]hw-breakpoint: found 5 (+1 reserved) breakpoint and 4 watchpoint registers.
[13-15-53.436]hw-breakpoint: maximum watchpoint size is 8 bytes.
[13-15-53.436]imx6ul-pinctrl 20e0000.iomuxc: initialized IMX pinctrl driver
[13-15-53.447]imx6ul-pinctrl 2290000.iomuxc-snvs: initialized IMX pinctrl driver
[13-15-53.447]mxs-dma 1804000.dma-apbh: initialized
[13-15-53.447]SCSI subsystem initialized
[13-15-53.458]usbcore: registered new interface driver usbfs
[13-15-53.458]usbcore: registered new interface driver hub
[13-15-53.458]usbcore: registered new device driver usb
[13-15-53.467]i2c i2c-0: IMX I2C adapter registered
[13-15-53.467]i2c i2c-0: can't use DMA
[13-15-53.475]i2c i2c-1: IMX I2C adapter registered
[13-15-53.475]i2c i2c-1: can't use DMA
[13-15-53.475]Linux video capture interface: v2.00
[13-15-53.486]pps_core: LinuxPPS API ver. 1 registered
[13-15-53.486]pps_core: Software ver. 5.3.6 - Copyright 2005-2007 Rodolfo Giometti <giometti@linux.it>
[13-15-53.498]PTP clock support registered
[13-15-53.498]Switched to clocksource mxc_timer1
[13-15-53.498]NET: Registered protocol family 2
[13-15-53.506]TCP established hash table entries: 4096 (order: 2, 16384 bytes)
[13-15-53.506]TCP bind hash table entries: 4096 (order: 3, 32768 bytes)
[13-15-53.517]TCP: Hash tables configured (established 4096 bind 4096)
[13-15-53.517]UDP hash table entries: 256 (order: 1, 8192 bytes)
[13-15-53.529]UDP-Lite hash table entries: 256 (order: 1, 8192 bytes)
[13-15-53.529]NET: Registered protocol family 1
[13-15-53.537]RPC: Registered named UNIX socket transport module.
[13-15-53.537]RPC: Registered udp transport module.
[13-15-53.537]RPC: Registered tcp transport module.
[13-15-53.544]RPC: Registered tcp NFSv4.1 backchannel transport module.
[13-15-53.544]imx rpmsg driver is registered.
[13-15-53.554]Bus freq driver module loaded
[13-15-53.554]futex hash table entries: 256 (order: 2, 16384 bytes)
[13-15-53.554]VFS: Disk quotas dquot_6.6.0
[13-15-53.565]VFS: Dquot-cache hash table entries: 1024 (order 0, 4096 bytes)
[13-15-53.565]NFS: Registering the id_resolver key type
[13-15-53.565]Key type id_resolver registered
[13-15-53.576]Key type id_legacy registered
[13-15-53.576]jffs2: version 2.2. (NAND) © 2001-2006 Red Hat, Inc.
[13-15-53.576]fuse init (API version 7.23)
[13-15-53.587]io scheduler noop registered
[13-15-53.587]io scheduler deadline registered
[13-15-53.587]io scheduler cfq registered (default)
[13-15-53.587]imx-weim 21b8000.weim: Driver registered.
[13-15-53.598]backlight supply power not found, using dummy regulator
[13-15-53.598]21c8000.lcdif supply lcd not found, using dummy regulator
[13-15-53.609]mxsfb 21c8000.lcdif: failed to find mxc display driver 
[13-15-53.609]Console: switching to colour frame buffer device 128x37
[13-15-53.609]mxsfb 21c8000.lcdif: initialized
[13-15-53.621]imx-sdma 20ec000.sdma: no event needs to be remapped
[13-15-53.621]imx-sdma 20ec000.sdma: loaded firmware 3.3
[13-15-53.636]imx-sdma 20ec000.sdma: initialized
[13-15-53.636]2020000.serial: ttymxc0 at MMIO 0x2020000 (irq = 19, base_baud = 5000000) is a IMX
[13-15-53.636]console [ttymxc0] enabled
[13-15-53.654]21ec000.serial: ttymxc2 at MMIO 0x21ec000 (irq = 228, base_baud = 5000000) is a IMX
[13-15-53.654]imx sema4 driver is registered.
[13-15-53.682][drm] Initialized drm 1.1.0 20060810
[13-15-53.682][drm] Initialized vivante 1.0.0 20120216 on minor 0
[13-15-53.714]brd: module loaded
[13-15-53.728]loop: module loaded
[13-15-53.744]spi_imx 2010000.ecspi: probed
[13-15-53.744]20b4000.ethernet supply phy not found, using dummy regulator
[13-15-54.132]pps pps0: new PPS source ptp0
[13-15-54.132]libphy: fec_enet_mii_bus: probed
[13-15-54.147]fec 20b4000.ethernet eth0: registered PHC device 0
[13-15-54.164]ehci_hcd: USB 2.0 'Enhanced' Host Controller (EHCI) Driver
[13-15-54.164]ehci-mxc: Freescale On-Chip EHCI Host driver
[13-15-54.179]ohci_hcd: USB 1.1 'Open' Host Controller (OHCI) Driver
[13-15-54.179]usbcore: registered new interface driver usb-storage
[13-15-54.208]2184800.usbmisc supply vbus-wakeup not found, using dummy regulator
[13-15-54.208]2184000.usb supply vbus not found, using dummy regulator
[13-15-54.227]2184200.usb supply vbus not found, using dummy regulator
[13-15-54.227]ci_hdrc ci_hdrc.1: EHCI Host Controller
[13-15-54.242]ci_hdrc ci_hdrc.1: new USB bus registered, assigned bus number 1
[13-15-54.278]ci_hdrc ci_hdrc.1: USB 2.0 started, EHCI 1.00
[13-15-54.278]hub 1-0:1.0: USB hub found
[13-15-54.278]hub 1-0:1.0: 1 port detected
[13-15-54.296]mousedev: PS/2 mouse device common for all mice
[13-15-54.304]input: 20cc000.snvs:snvs-powerkey as /devices/platform/soc/2000000.aips-bus/20cc000.snvs/20cc000.snvs:snvs-powerkey/input/input0
[13-15-54.611]usb 1-1: new high-speed USB device number 2 using ci_hdrc
[13-15-54.642]input: edt-ft5426 as /devices/platform/soc/2100000.aips-bus/21a4000.i2c/i2c-1/1-0038/input/input1
[13-15-54.659]snvs_rtc 20cc000.snvs:snvs-rtc-lp: rtc core: registered 20cc000.snvs:snvs-r as rtc0
[13-15-54.659]i2c /dev entries driver
[13-15-54.674]IR NEC protocol handler initialized
[13-15-54.674]IR RC5(x/sz) protocol handler initialized
[13-15-54.689]IR RC6 protocol handler initialized
[13-15-54.689]IR JVC protocol handler initialized
[13-15-54.708]IR Sony protocol handler initialized
[13-15-54.708]IR SANYO protocol handler initialized
[13-15-54.708]IR Sharp protocol handler initialized
[13-15-54.734]IR MCE Keyboard/mouse protocol handler initialized
[13-15-54.734]IR XMP protocol handler initialized
[13-15-54.734]pxp-v4l2 pxp_v4l2: initialized
[13-15-54.751]imx2-wdt 20bc000.wdog: use WDOG_B to reboot.
[13-15-54.751]imx2-wdt 20bc000.wdog: timeout 60 sec (nowayout=0)
[13-15-54.766]hub 1-1:1.0: USB hub found
[13-15-54.766]sdhci: Secure Digital Host Controller Interface driver
[13-15-54.789]sdhci: Copyright(c) Pierre Ossman
[13-15-54.789]hub 1-1:1.0: 4 ports detected
[13-15-54.789]sdhci-pltfm: SDHCI platform and OF driver helper
[13-15-54.797]/soc/aips-bus@02100000/usdhc@02190000: voltage-ranges unspecified
[13-15-54.813]sdhci-esdhc-imx 2190000.usdhc: Got CD GPIO
[13-15-54.813]sdhci-esdhc-imx 2190000.usdhc: No vqmmc regulator found
[13-15-54.890]mmc0: SDHCI controller on 2190000.usdhc [2190000.usdhc] using ADMA
[13-15-54.890]/soc/aips-bus@02100000/usdhc@02194000: voltage-ranges unspecified
[13-15-54.921]sdhci-esdhc-imx 2194000.usdhc: No vmmc regulator found
[13-15-54.921]sdhci-esdhc-imx 2194000.usdhc: No vqmmc regulator found
[13-15-54.958]mmc0: host does not support reading read-only switch, assuming write-enable
[13-15-54.967]mmc1: SDHCI controller on 2194000.usdhc [2194000.usdhc] using ADMA
[13-15-54.988]mmc0: new high speed SDHC card at address 0001
[13-15-54.988]usbcore: registered new interface driver usbhid
[13-15-54.998]mmcblk0: mmc0:0001 SD 29.1 GiB 
[13-15-54.998]usbhid: USB HID core driver
[13-15-55.014] mmcblk0: p1
[13-15-55.014]NET: Registered protocol family 10
[13-15-55.028]sit: IPv6 over IPv4 tunneling driver
[13-15-55.060]NET: Registered protocol family 17
[13-15-55.060]lib80211: common routines for IEEE802.11 drivers
[13-15-55.060]Key type dns_resolver registered
[13-15-55.111]Registering SWP/SWPB emulation handler
[13-15-55.122]snvs_rtc 20cc000.snvs:snvs-rtc-lp: setting system clock to 1970-01-01 00:16:58 UTC (1018)
[13-15-55.138]mmc1: MAN_BKOPS_EN bit is not set
[13-15-55.153]fec 20b4000.ethernet eth0: Freescale FEC PHY driver [RTL8201F Fast Ethernet] (mii_bus:phy_addr=20b4000.ethernet:01, irq=169)
[13-15-55.182]mmc1: new DDR MMC card at address 0001
[13-15-55.182]mmcblk1: mmc1:0001 8GTF4R 7.28 GiB 
[13-15-55.199]IPv6: ADDRCONF(NETDEV_UP): eth0: link is not ready
[13-15-55.199]mmcblk1boot0: mmc1:0001 8GTF4R partition 1 4.00 MiB
[13-15-55.199]mmcblk1boot1: mmc1:0001 8GTF4R partition 2 4.00 MiB
[13-15-55.215]mmcblk1rpmb: mmc1:0001 8GTF4R partition 3 512 KiB
[13-15-55.215] mmcblk1: p1 p2
[13-15-58.642]fec 20b4000.ethernet eth0: Link is Up - 100Mbps/Full - flow control rx/tx
[13-15-58.658]IPv6: ADDRCONF(NETDEV_CHANGE): eth0: link becomes ready
[13-15-58.674]IP-Config: Complete:
[13-15-58.690]     device=eth0, hwaddr=b8:ae:1d:01:00:00, ipaddr=192.168.10.11, mask=255.255.255.0, gw=192.168.10.1
[13-15-58.690]     host=192.168.10.11, domain=, nis-domain=(none)
[13-15-58.705]     bootserver=192.168.10.111, rootserver=192.168.10.111, rootpath=
[13-15-58.705]can-3v3: disabling
[13-15-59.723]VFS: Mounted root (nfs filesystem) on device 0:14.
[13-15-59.738]devtmpfs: mounted
[13-15-59.738]Freeing unused kernel memory: 432K (808ca000 - 80936000)
[13-16-00.314]BOOTMARK:USERSPACE_START
[13-16-00.314]BOOTMARK:CONSOLE_READY
[13-16-00.329]
[13-17-01.946]Please press Enter to activate this console. 
[13-17-01.946]
