[18-50-23.359]U-Boot 2016.03 (Jul 31 2026 - 17:18:08 +0800)
[18-50-23.359]
[18-50-23.359]CPU:   Freescale i.MX6ULL rev1.1 69 MHz (running at 396 MHz)
[18-50-23.392]CPU:   Industrial temperature grade (-40C to 105C) at 49C
[18-50-23.392]Reset cause: POR
[18-50-23.392]Board: MX6ULL EMMC LZY
[18-50-23.392]I2C:   ready
[18-50-23.392]DRAM:  512 MiB
[18-50-23.469]MMC:   FSL_SDHC: 0, FSL_SDHC: 1
[18-50-23.561]Display: TFT7016 (1024x600)
[18-50-23.593]Video: 1024x600x24
[18-50-23.593]In:    serial
[18-50-23.593]Out:   serial
[18-50-23.593]Err:   serial
[18-50-23.670]switch to partitions #0, OK
[18-50-23.670]mmc0 is current device
[18-50-23.871]Net:   FEC1
[18-50-23.871]Normal Boot
[18-50-24.873]Hit any key to stop autoboot:  0 
[18-50-24.873]BOOTMARK:TFTP_KERNEL_START
[18-50-27.035]FEC1 Waiting for PHY auto negotiation to complete..... done
[18-50-27.128]Using FEC1 device
[18-50-27.143]TFTP from server 192.168.10.111; our IP address is 192.168.10.11
[18-50-27.143]Filename 'zImage'.
[18-50-27.143]Load address: 0x80800000
[18-50-32.548]Loading: #################################################################
[18-50-32.901]         #################################################################
[18-50-33.256]         #################################################################
[18-50-33.610]         #################################################################
[18-50-33.950]         #################################################################
[18-50-34.179]         ##########################################
[18-50-34.179]         748 KiB/s
[18-50-34.179]done
[18-50-34.179]Bytes transferred = 5386080 (522f60 hex)
[18-50-34.179]BOOTMARK:TFTP_KERNEL_END
[18-50-34.179]BOOTMARK:TFTP_DTB_START
[18-50-34.283]Using FEC1 device
[18-50-34.283]TFTP from server 192.168.10.111; our IP address is 192.168.10.11
[18-50-34.283]Filename 'imx6ull-emmc-lzy.dtb'.
[18-50-34.304]Load address: 0x83000000
[18-50-34.314]Loading: ###
[18-50-34.314]         2.1 MiB/s
[18-50-34.314]done
[18-50-34.314]Bytes transferred = 40314 (9d7a hex)
[18-50-34.314]BOOTMARK:TFTP_DTB_END
[18-50-34.314]BOOTMARK:KERNEL_START
[18-50-34.325]Kernel image @ 0x80800000 [ 0x000000 - 0x522f60 ]
[18-50-34.325]## Flattened Device Tree blob at 83000000
[18-50-34.325]   Booting using the fdt blob at 0x83000000
[18-50-34.334]   Using Device Tree in place at 83000000, end 8300cd79
[18-50-34.350]
[18-50-34.350]Starting kernel ...
[18-50-34.350]
[18-50-35.229]Booting Linux on physical CPU 0x0
[18-50-35.238]Linux version 4.1.15+ (lzy@lzy) (gcc version 4.9.4 (Linaro GCC 4.9-2017.01) ) #12 SMP PREEMPT Thu Oct 1 20:00:21 CST 2026
[18-50-35.249]CPU: ARMv7 Processor [410fc075] revision 5 (ARMv7), cr=10c5387d
[18-50-35.249]CPU: PIPT / VIPT nonaliasing data cache, VIPT aliasing instruction cache
[18-50-35.261]Machine model: Freescale i.MX6 ULL 14x14 EVK Board
[18-50-35.269]Reserved memory: created CMA memory pool at 0x98000000, size 128 MiB
[18-50-35.269]Reserved memory: initialized node linux,cma, compatible id shared-dma-pool
[18-50-35.269]Memory policy: Data cache writealloc
[18-50-35.280]PERCPU: Embedded 12 pages/cpu @97b8f000 s16768 r8192 d24192 u49152
[18-50-35.292]Built 1 zonelists in Zone order, mobility grouping on.  Total pages: 130048
[18-50-35.300]Kernel command line: console=tty1 console=ttymxc0,115200 root=/dev/nfs rw nfsroot=192.168.10.111:/home/lzy/linux/nfs/rootfs,proto=tcp,nfsvers=3 ip=192.168.10.11:192.168.10.111:192.168.10.1:255.255.255.0::eth0:off
[18-50-35.311]PID hash table entries: 2048 (order: 1, 8192 bytes)
[18-50-35.311]Dentry cache hash table entries: 65536 (order: 6, 262144 bytes)
[18-50-35.322]Inode-cache hash table entries: 32768 (order: 5, 131072 bytes)
[18-50-35.333]Memory: 378088K/524288K available (6714K kernel code, 302K rwdata, 2252K rodata, 432K init, 424K bss, 15128K reserved, 131072K cma-reserved, 0K highmem)
[18-50-35.333]Virtual kernel memory layout:
[18-50-35.338]    vector  : 0xffff0000 - 0xffff1000   (   4 kB)
[18-50-35.347]    fixmap  : 0xffc00000 - 0xfff00000   (3072 kB)
[18-50-35.347]    vmalloc : 0xa0800000 - 0xff000000   (1512 MB)
[18-50-35.358]    lowmem  : 0x80000000 - 0xa0000000   ( 512 MB)
[18-50-35.358]    pkmap   : 0x7fe00000 - 0x80000000   (   2 MB)
[18-50-35.358]    modules : 0x7f000000 - 0x7fe00000   (  14 MB)
[18-50-35.369]      .text : 0x80008000 - 0x808c9d44   (8968 kB)
[18-50-35.378]      .init : 0x808ca000 - 0x80936000   ( 432 kB)
[18-50-35.378]      .data : 0x80936000 - 0x80981940   ( 303 kB)
[18-50-35.378]       .bss : 0x80984000 - 0x809ee174   ( 425 kB)
[18-50-35.389]SLUB: HWalign=64, Order=0-3, MinObjects=0, CPUs=1, Nodes=1
[18-50-35.389]Preemptible hierarchical RCU implementation.
[18-50-35.400]        Additional per-CPU info printed with stalls.
[18-50-35.400]        RCU restricting CPUs from NR_CPUS=4 to nr_cpu_ids=1.
[18-50-35.408]RCU: Adjusting geometry for rcu_fanout_leaf=16, nr_cpu_ids=1
[18-50-35.408]NR_IRQS:16 nr_irqs:16 16
[18-50-35.409]mxc_clocksource_init 3000000
[18-50-35.420]Switching to timer-based delay loop, resolution 333ns
[18-50-35.420]sched_clock: 32 bits at 3000kHz, resolution 333ns, wraps every 715827882841ns
[18-50-35.431]clocksource mxc_timer1: mask: 0xffffffff max_cycles: 0xffffffff, max_idle_ns: 637086815595 ns
[18-50-35.431]Console: colour dummy device 80x30
[18-50-35.431]console [tty1] enabled
[18-50-35.443]Calibrating delay loop (skipped), value calculated using timer frequency.. 6.00 BogoMIPS (lpj=30000)
[18-50-35.443]pid_max: default: 32768 minimum: 301
[18-50-35.456]Mount-cache hash table entries: 1024 (order: 0, 4096 bytes)
[18-50-35.456]Mountpoint-cache hash table entries: 1024 (order: 0, 4096 bytes)
[18-50-35.468]CPU: Testing write buffer coherency: ok
[18-50-35.468]/cpus/cpu@0 missing clock-frequency property
[18-50-35.468]CPU0: thread -1, cpu 0, socket 0, mpidr 80000000
[18-50-35.478]Setting up static identity map for 0x80008280 - 0x800082d8
[18-50-35.478]Brought up 1 CPUs
[18-50-35.487]SMP: Total of 1 processors activated (6.00 BogoMIPS).
[18-50-35.487]CPU: All CPU(s) started in SVC mode.
[18-50-35.487]devtmpfs: initialized
[18-50-35.498]device-tree: Duplicate name in lcdif@021c8000, renamed to "display#1"
[18-50-35.499]VFP support v0.3: implementor 41 architecture 2 part 30 variant 7 rev 5
[18-50-35.509]clocksource jiffies: mask: 0xffffffff max_cycles: 0xffffffff, max_idle_ns: 19112604462750000 ns
[18-50-35.518]pinctrl core: initialized pinctrl subsystem
[18-50-35.518]NET: Registered protocol family 16
[18-50-35.518]DMA: preallocated 256 KiB pool for atomic coherent allocations
[18-50-35.529]cpuidle: using governor ladder
[18-50-35.529]cpuidle: using governor menu
[18-50-35.529]hw-breakpoint: found 5 (+1 reserved) breakpoint and 4 watchpoint registers.
[18-50-35.540]hw-breakpoint: maximum watchpoint size is 8 bytes.
[18-50-35.549]imx6ul-pinctrl 20e0000.iomuxc: initialized IMX pinctrl driver
[18-50-35.549]imx6ul-pinctrl 2290000.iomuxc-snvs: initialized IMX pinctrl driver
[18-50-35.549]mxs-dma 1804000.dma-apbh: initialized
[18-50-35.560]SCSI subsystem initialized
[18-50-35.560]usbcore: registered new interface driver usbfs
[18-50-35.560]usbcore: registered new interface driver hub
[18-50-35.571]usbcore: registered new device driver usb
[18-50-35.572]i2c i2c-0: IMX I2C adapter registered
[18-50-35.572]i2c i2c-0: can't use DMA
[18-50-35.580]i2c i2c-1: IMX I2C adapter registered
[18-50-35.580]i2c i2c-1: can't use DMA
[18-50-35.580]Linux video capture interface: v2.00
[18-50-35.591]pps_core: LinuxPPS API ver. 1 registered
[18-50-35.591]pps_core: Software ver. 5.3.6 - Copyright 2005-2007 Rodolfo Giometti <giometti@linux.it>
[18-50-35.603]PTP clock support registered
[18-50-35.603]Switched to clocksource mxc_timer1
[18-50-35.603]NET: Registered protocol family 2
[18-50-35.611]TCP established hash table entries: 4096 (order: 2, 16384 bytes)
[18-50-35.611]TCP bind hash table entries: 4096 (order: 3, 32768 bytes)
[18-50-35.622]TCP: Hash tables configured (established 4096 bind 4096)
[18-50-35.622]UDP hash table entries: 256 (order: 1, 8192 bytes)
[18-50-35.633]UDP-Lite hash table entries: 256 (order: 1, 8192 bytes)
[18-50-35.633]NET: Registered protocol family 1
[18-50-35.642]RPC: Registered named UNIX socket transport module.
[18-50-35.642]RPC: Registered udp transport module.
[18-50-35.642]RPC: Registered tcp transport module.
[18-50-35.653]RPC: Registered tcp NFSv4.1 backchannel transport module.
[18-50-35.653]imx rpmsg driver is registered.
[18-50-35.653]Bus freq driver module loaded
[18-50-35.665]futex hash table entries: 256 (order: 2, 16384 bytes)
[18-50-35.665]VFS: Disk quotas dquot_6.6.0
[18-50-35.665]VFS: Dquot-cache hash table entries: 1024 (order 0, 4096 bytes)
[18-50-35.675]NFS: Registering the id_resolver key type
[18-50-35.675]Key type id_resolver registered
[18-50-35.675]Key type id_legacy registered
[18-50-35.686]jffs2: version 2.2. (NAND) © 2001-2006 Red Hat, Inc.
[18-50-35.686]fuse init (API version 7.23)
[18-50-35.686]io scheduler noop registered
[18-50-35.687]io scheduler deadline registered
[18-50-35.698]io scheduler cfq registered (default)
[18-50-35.698]imx-weim 21b8000.weim: Driver registered.
[18-50-35.698]backlight supply power not found, using dummy regulator
[18-50-35.709]21c8000.lcdif supply lcd not found, using dummy regulator
[18-50-35.709]mxsfb 21c8000.lcdif: failed to find mxc display driver 
[18-50-35.720]Console: switching to colour frame buffer device 128x37
[18-50-35.720]mxsfb 21c8000.lcdif: initialized
[18-50-35.720]imx-sdma 20ec000.sdma: no event needs to be remapped
[18-50-35.731]imx-sdma 20ec000.sdma: loaded firmware 3.3
[18-50-35.731]imx-sdma 20ec000.sdma: initialized
[18-50-35.747]2020000.serial: ttymxc0 at MMIO 0x2020000 (irq = 19, base_baud = 5000000) is a IMX
[18-50-35.747]console [ttymxc0] enabled
[18-50-35.757]21ec000.serial: ttymxc2 at MMIO 0x21ec000 (irq = 228, base_baud = 5000000) is a IMX
[18-50-35.757]imx sema4 driver is registered.
[18-50-35.773][drm] Initialized drm 1.1.0 20060810
[18-50-35.773][drm] Initialized vivante 1.0.0 20120216 on minor 0
[18-50-35.804]brd: module loaded
[18-50-35.834]loop: module loaded
[18-50-35.850]spi_imx 2010000.ecspi: probed
[18-50-35.850]20b4000.ethernet supply phy not found, using dummy regulator
[18-50-36.237]pps pps0: new PPS source ptp0
[18-50-36.237]libphy: fec_enet_mii_bus: probed
[18-50-36.252]fec 20b4000.ethernet eth0: registered PHC device 0
[18-50-36.268]ehci_hcd: USB 2.0 'Enhanced' Host Controller (EHCI) Driver
[18-50-36.268]ehci-mxc: Freescale On-Chip EHCI Host driver
[18-50-36.283]ohci_hcd: USB 1.1 'Open' Host Controller (OHCI) Driver
[18-50-36.283]usbcore: registered new interface driver usb-storage
[18-50-36.299]2184800.usbmisc supply vbus-wakeup not found, using dummy regulator
[18-50-36.315]2184000.usb supply vbus not found, using dummy regulator
[18-50-36.330]2184200.usb supply vbus not found, using dummy regulator
[18-50-36.330]ci_hdrc ci_hdrc.1: EHCI Host Controller
[18-50-36.346]ci_hdrc ci_hdrc.1: new USB bus registered, assigned bus number 1
[18-50-36.382]ci_hdrc ci_hdrc.1: USB 2.0 started, EHCI 1.00
[18-50-36.382]hub 1-0:1.0: USB hub found
[18-50-36.382]hub 1-0:1.0: 1 port detected
[18-50-36.400]mousedev: PS/2 mouse device common for all mice
[18-50-36.408]input: 20cc000.snvs:snvs-powerkey as /devices/platform/soc/2000000.aips-bus/20cc000.snvs/20cc000.snvs:snvs-powerkey/input/input0
[18-50-36.717]usb 1-1: new high-speed USB device number 2 using ci_hdrc
[18-50-36.748]input: edt-ft5426 as /devices/platform/soc/2100000.aips-bus/21a4000.i2c/i2c-1/1-0038/input/input1
[18-50-36.764]snvs_rtc 20cc000.snvs:snvs-rtc-lp: rtc core: registered 20cc000.snvs:snvs-r as rtc0
[18-50-36.764]i2c /dev entries driver
[18-50-36.779]IR NEC protocol handler initialized
[18-50-36.779]IR RC5(x/sz) protocol handler initialized
[18-50-36.794]IR RC6 protocol handler initialized
[18-50-36.794]IR JVC protocol handler initialized
[18-50-36.813]IR Sony protocol handler initialized
[18-50-36.813]IR SANYO protocol handler initialized
[18-50-36.813]IR Sharp protocol handler initialized
[18-50-36.825]IR MCE Keyboard/mouse protocol handler initialized
[18-50-36.826]IR XMP protocol handler initialized
[18-50-36.841]pxp-v4l2 pxp_v4l2: initialized
[18-50-36.856]imx2-wdt 20bc000.wdog: use WDOG_B to reboot.
[18-50-36.856]imx2-wdt 20bc000.wdog: timeout 60 sec (nowayout=0)
[18-50-36.871]hub 1-1:1.0: USB hub found
[18-50-36.871]sdhci: Secure Digital Host Controller Interface driver
[18-50-36.894]sdhci: Copyright(c) Pierre Ossman
[18-50-36.894]hub 1-1:1.0: 4 ports detected
[18-50-36.894]sdhci-pltfm: SDHCI platform and OF driver helper
[18-50-36.903]/soc/aips-bus@02100000/usdhc@02190000: voltage-ranges unspecified
[18-50-36.919]sdhci-esdhc-imx 2190000.usdhc: Got CD GPIO
[18-50-36.919]sdhci-esdhc-imx 2190000.usdhc: No vqmmc regulator found
[18-50-36.981]mmc0: SDHCI controller on 2190000.usdhc [2190000.usdhc] using ADMA
[18-50-36.996]/soc/aips-bus@02100000/usdhc@02194000: voltage-ranges unspecified
[18-50-37.012]sdhci-esdhc-imx 2194000.usdhc: No vmmc regulator found
[18-50-37.027]sdhci-esdhc-imx 2194000.usdhc: No vqmmc regulator found
[18-50-37.063]mmc0: host does not support reading read-only switch, assuming write-enable
[18-50-37.074]mmc1: SDHCI controller on 2194000.usdhc [2194000.usdhc] using ADMA
[18-50-37.093]mmc0: new high speed SDHC card at address 0001
[18-50-37.093]usbcore: registered new interface driver usbhid
[18-50-37.104]mmcblk0: mmc0:0001 SD 29.1 GiB 
[18-50-37.104]usbhid: USB HID core driver
[18-50-37.120] mmcblk0: p1
[18-50-37.120]NET: Registered protocol family 10
[18-50-37.134]sit: IPv6 over IPv4 tunneling driver
[18-50-37.151]NET: Registered protocol family 17
[18-50-37.166]lib80211: common routines for IEEE802.11 drivers
[18-50-37.166]Key type dns_resolver registered
[18-50-37.213]Registering SWP/SWPB emulation handler
[18-50-37.228]snvs_rtc 20cc000.snvs:snvs-rtc-lp: setting system clock to 1970-01-01 01:19:47 UTC (4787)
[18-50-37.244]mmc1: MAN_BKOPS_EN bit is not set
[18-50-37.259]fec 20b4000.ethernet eth0: Freescale FEC PHY driver [RTL8201F Fast Ethernet] (mii_bus:phy_addr=20b4000.ethernet:01, irq=169)
[18-50-37.287]mmc1: new DDR MMC card at address 0001
[18-50-37.287]mmcblk1: mmc1:0001 8GTF4R 7.28 GiB 
[18-50-37.289]IPv6: ADDRCONF(NETDEV_UP): eth0: link is not ready
[18-50-37.304]mmcblk1boot0: mmc1:0001 8GTF4R partition 1 4.00 MiB
[18-50-37.304]mmcblk1boot1: mmc1:0001 8GTF4R partition 2 4.00 MiB
[18-50-37.321]mmcblk1rpmb: mmc1:0001 8GTF4R partition 3 512 KiB
[18-50-37.321] mmcblk1: p1 p2
[18-50-40.966]fec 20b4000.ethernet eth0: Link is Up - 100Mbps/Full - flow control rx/tx
[18-50-40.981]IPv6: ADDRCONF(NETDEV_CHANGE): eth0: link becomes ready
[18-50-40.997]IP-Config: Complete:
[18-50-41.012]     device=eth0, hwaddr=b8:ae:1d:01:00:00, ipaddr=192.168.10.11, mask=255.255.255.0, gw=192.168.10.1
[18-50-41.012]     host=192.168.10.11, domain=, nis-domain=(none)
[18-50-41.028]     bootserver=192.168.10.111, rootserver=192.168.10.111, rootpath=
[18-50-41.028]can-3v3: disabling
[18-50-42.046]VFS: Mounted root (nfs filesystem) on device 0:14.
[18-50-42.046]devtmpfs: mounted
[18-50-42.062]Freeing unused kernel memory: 432K (808ca000 - 80936000)
[18-50-42.339]cut: /proc/uptime: No such file or directory
[18-50-42.339]BOOTMARK:USERSPACE_START uptime=
[18-50-42.558]/etc/init.d/rcS: line 18: ：: not found
[18-50-42.571]BOOTMARK:CONSOLE_READY uptime=7.88
[18-50-42.587]
[18-52-02.211]Please press Enter to activate this console. random: nonblocking pool is initialized
[18-52-38.320]
[18-52-38.320]
