[13-24-45.584]U-Boot 2016.03 (Jul 31 2026 - 17:18:08 +0800)
[13-24-45.584]
[13-24-45.584]CPU:   Freescale i.MX6ULL rev1.1 69 MHz (running at 396 MHz)
[13-24-45.608]CPU:   Industrial temperature grade (-40C to 105C) at 48C
[13-24-45.608]Reset cause: POR
[13-24-45.608]Board: MX6ULL EMMC LZY
[13-24-45.608]I2C:   ready
[13-24-45.608]DRAM:  512 MiB
[13-24-45.684]MMC:   FSL_SDHC: 0, FSL_SDHC: 1
[13-24-45.793]Display: TFT7016 (1024x600)
[13-24-45.793]Video: 1024x600x24
[13-24-47.183]In:    serial
[13-24-47.184]Out:   serial
[13-24-47.184]Err:   serial
[13-24-47.275]switch to partitions #0, OK
[13-24-47.275]mmc0 is current device
[13-24-47.475]Net:   FEC1
[13-24-47.475]Normal Boot
[13-24-48.478]Hit any key to stop autoboot:  0 
[13-24-48.478]BOOTMARK:TFTP_KERNEL_START
[13-24-50.402]FEC1 Waiting for PHY auto negotiation to complete.... done
[13-24-50.510]Using FEC1 device
[13-24-50.510]TFTP from server 192.168.10.111; our IP address is 192.168.10.11
[13-24-50.527]Filename 'zImage'.
[13-24-50.527]Load address: 0x80800000
[13-24-56.108]Loading: #################################################################
[13-24-56.632]         #################################################################
[13-24-57.095]         #################################################################
[13-24-57.573]         #################################################################
[13-24-58.036]         #################################################################
[13-24-58.361]         ##########################################
[13-24-58.361]         670.9 KiB/s
[13-24-58.361]done
[13-24-58.361]Bytes transferred = 5386080 (522f60 hex)
[13-24-58.376]BOOTMARK:TFTP_KERNEL_END
[13-24-58.376]BOOTMARK:TFTP_DTB_START
[13-24-58.468]Using FEC1 device
[13-24-58.499]TFTP from server 192.168.10.111; our IP address is 192.168.10.11
[13-24-58.499]Filename 'imx6ull-emmc-lzy.dtb'.
[13-24-58.499]Load address: 0x83000000
[13-24-58.512]Loading: ###
[13-24-58.512]         1.6 MiB/s
[13-24-58.512]done
[13-24-58.512]Bytes transferred = 40314 (9d7a hex)
[13-24-58.512]BOOTMARK:TFTP_DTB_END
[13-24-58.512]BOOTMARK:KERNEL_START
[13-24-58.523]Kernel image @ 0x80800000 [ 0x000000 - 0x522f60 ]
[13-24-58.523]## Flattened Device Tree blob at 83000000
[13-24-58.524]   Booting using the fdt blob at 0x83000000
[13-24-58.530]   Using Device Tree in place at 83000000, end 8300cd79
[13-25-01.273]
[13-25-01.273]Starting kernel ...
[13-25-01.273]
[13-25-03.138]Booting Linux on physical CPU 0x0
[13-25-03.148]Linux version 4.1.15+ (lzy@lzy) (gcc version 4.9.4 (Linaro GCC 4.9-2017.01) ) #12 SMP PREEMPT Thu Oct 1 20:00:21 CST 2026
[13-25-03.159]CPU: ARMv7 Processor [410fc075] revision 5 (ARMv7), cr=10c5387d
[13-25-03.159]CPU: PIPT / VIPT nonaliasing data cache, VIPT aliasing instruction cache
[13-25-03.171]Machine model: Freescale i.MX6 ULL 14x14 EVK Board
[13-25-03.171]Reserved memory: created CMA memory pool at 0x98000000, size 128 MiB
[13-25-03.181]Reserved memory: initialized node linux,cma, compatible id shared-dma-pool
[13-25-03.181]Memory policy: Data cache writealloc
[13-25-03.192]PERCPU: Embedded 12 pages/cpu @97b8f000 s16768 r8192 d24192 u49152
[13-25-03.192]Built 1 zonelists in Zone order, mobility grouping on.  Total pages: 130048
[13-25-03.216]Kernel command line: console=tty1 console=ttymxc0,115200 root=/dev/nfs rw nfsroot=192.168.10.111:/home/lzy/linux/nfs/rootfs,proto=tcp,nfsvers=3 ip=192.168.10.11:192.168.10.111:192.168.10.1:255.255.255.0::eth0:off
[13-25-03.216]PID hash table entries: 2048 (order: 1, 8192 bytes)
[13-25-03.226]Dentry cache hash table entries: 65536 (order: 6, 262144 bytes)
[13-25-03.226]Inode-cache hash table entries: 32768 (order: 5, 131072 bytes)
[13-25-03.247]Memory: 378088K/524288K available (6714K kernel code, 302K rwdata, 2252K rodata, 432K init, 424K bss, 15128K reserved, 131072K cma-reserved, 0K highmem)
[13-25-03.247]Virtual kernel memory layout:
[13-25-03.254]    vector  : 0xffff0000 - 0xffff1000   (   4 kB)
[13-25-03.254]    fixmap  : 0xffc00000 - 0xfff00000   (3072 kB)
[13-25-03.266]    vmalloc : 0xa0800000 - 0xff000000   (1512 MB)
[13-25-03.266]    lowmem  : 0x80000000 - 0xa0000000   ( 512 MB)
[13-25-03.266]    pkmap   : 0x7fe00000 - 0x80000000   (   2 MB)
[13-25-03.281]    modules : 0x7f000000 - 0x7fe00000   (  14 MB)
[13-25-03.281]      .text : 0x80008000 - 0x808c9d44   (8968 kB)
[13-25-03.288]      .init : 0x808ca000 - 0x80936000   ( 432 kB)
[13-25-03.288]      .data : 0x80936000 - 0x80981940   ( 303 kB)
[13-25-03.288]       .bss : 0x80984000 - 0x809ee174   ( 425 kB)
[13-25-03.299]SLUB: HWalign=64, Order=0-3, MinObjects=0, CPUs=1, Nodes=1
[13-25-03.299]Preemptible hierarchical RCU implementation.
[13-25-03.308]        Additional per-CPU info printed with stalls.
[13-25-03.308]        RCU restricting CPUs from NR_CPUS=4 to nr_cpu_ids=1.
[13-25-03.316]RCU: Adjusting geometry for rcu_fanout_leaf=16, nr_cpu_ids=1
[13-25-03.316]NR_IRQS:16 nr_irqs:16 16
[13-25-03.316]mxc_clocksource_init 3000000
[13-25-03.324]Switching to timer-based delay loop, resolution 333ns
[13-25-03.333]sched_clock: 32 bits at 3000kHz, resolution 333ns, wraps every 715827882841ns
[13-25-03.344]clocksource mxc_timer1: mask: 0xffffffff max_cycles: 0xffffffff, max_idle_ns: 637086815595 ns
[13-25-03.344]Console: colour dummy device 80x30
[13-25-03.344]console [tty1] enabled
[13-25-03.354]Calibrating delay loop (skipped), value calculated using timer frequency.. 6.00 BogoMIPS (lpj=30000)
[13-25-03.354]pid_max: default: 32768 minimum: 301
[13-25-03.364]Mount-cache hash table entries: 1024 (order: 0, 4096 bytes)
[13-25-03.364]Mountpoint-cache hash table entries: 1024 (order: 0, 4096 bytes)
[13-25-03.374]CPU: Testing write buffer coherency: ok
[13-25-03.374]/cpus/cpu@0 missing clock-frequency property
[13-25-03.385]CPU0: thread -1, cpu 0, socket 0, mpidr 80000000
[13-25-03.385]Setting up static identity map for 0x80008280 - 0x800082d8
[13-25-03.385]Brought up 1 CPUs
[13-25-03.394]SMP: Total of 1 processors activated (6.00 BogoMIPS).
[13-25-03.394]CPU: All CPU(s) started in SVC mode.
[13-25-03.394]devtmpfs: initialized
[13-25-03.406]device-tree: Duplicate name in lcdif@021c8000, renamed to "display#1"
[13-25-03.406]VFP support v0.3: implementor 41 architecture 2 part 30 variant 7 rev 5
[13-25-03.416]clocksource jiffies: mask: 0xffffffff max_cycles: 0xffffffff, max_idle_ns: 19112604462750000 ns
[13-25-03.425]pinctrl core: initialized pinctrl subsystem
[13-25-03.425]NET: Registered protocol family 16
[13-25-03.437]DMA: preallocated 256 KiB pool for atomic coherent allocations
[13-25-03.437]cpuidle: using governor ladder
[13-25-03.437]cpuidle: using governor menu
[13-25-03.447]hw-breakpoint: found 5 (+1 reserved) breakpoint and 4 watchpoint registers.
[13-25-03.447]hw-breakpoint: maximum watchpoint size is 8 bytes.
[13-25-03.456]imx6ul-pinctrl 20e0000.iomuxc: initialized IMX pinctrl driver
[13-25-03.456]imx6ul-pinctrl 2290000.iomuxc-snvs: initialized IMX pinctrl driver
[13-25-03.467]mxs-dma 1804000.dma-apbh: initialized
[13-25-03.467]SCSI subsystem initialized
[13-25-03.467]usbcore: registered new interface driver usbfs
[13-25-03.478]usbcore: registered new interface driver hub
[13-25-03.478]usbcore: registered new device driver usb
[13-25-03.478]i2c i2c-0: IMX I2C adapter registered
[13-25-03.487]i2c i2c-0: can't use DMA
[13-25-03.487]i2c i2c-1: IMX I2C adapter registered
[13-25-03.487]i2c i2c-1: can't use DMA
[13-25-03.487]Linux video capture interface: v2.00
[13-25-03.498]pps_core: LinuxPPS API ver. 1 registered
[13-25-03.509]pps_core: Software ver. 5.3.6 - Copyright 2005-2007 Rodolfo Giometti <giometti@linux.it>
[13-25-03.509]PTP clock support registered
[13-25-03.509]Switched to clocksource mxc_timer1
[13-25-03.518]NET: Registered protocol family 2
[13-25-03.518]TCP established hash table entries: 4096 (order: 2, 16384 bytes)
[13-25-03.529]TCP bind hash table entries: 4096 (order: 3, 32768 bytes)
[13-25-03.529]TCP: Hash tables configured (established 4096 bind 4096)
[13-25-03.529]UDP hash table entries: 256 (order: 1, 8192 bytes)
[13-25-03.540]UDP-Lite hash table entries: 256 (order: 1, 8192 bytes)
[13-25-03.540]NET: Registered protocol family 1
[13-25-03.549]RPC: Registered named UNIX socket transport module.
[13-25-03.549]RPC: Registered udp transport module.
[13-25-03.549]RPC: Registered tcp transport module.
[13-25-03.560]RPC: Registered tcp NFSv4.1 backchannel transport module.
[13-25-03.560]imx rpmsg driver is registered.
[13-25-03.560]Bus freq driver module loaded
[13-25-03.570]futex hash table entries: 256 (order: 2, 16384 bytes)
[13-25-03.570]VFS: Disk quotas dquot_6.6.0
[13-25-03.579]VFS: Dquot-cache hash table entries: 1024 (order 0, 4096 bytes)
[13-25-03.579]NFS: Registering the id_resolver key type
[13-25-03.579]Key type id_resolver registered
[13-25-03.591]Key type id_legacy registered
[13-25-03.591]jffs2: version 2.2. (NAND) © 2001-2006 Red Hat, Inc.
[13-25-03.591]fuse init (API version 7.23)
[13-25-03.602]io scheduler noop registered
[13-25-03.602]io scheduler deadline registered
[13-25-03.602]io scheduler cfq registered (default)
[13-25-03.610]imx-weim 21b8000.weim: Driver registered.
[13-25-03.610]backlight supply power not found, using dummy regulator
[13-25-03.622]21c8000.lcdif supply lcd not found, using dummy regulator
[13-25-03.622]mxsfb 21c8000.lcdif: failed to find mxc display driver 
[13-25-03.622]mxsfb 21c8000.lcdif: mxs wait for pan flip timeout
[13-25-03.632]Console: switching to colour frame buffer device 128x37
[13-25-03.641]mxsfb 21c8000.lcdif: mxs wait for pan flip timeout
[13-25-03.641]mxsfb 21c8000.lcdif: initialized
[13-25-03.641]imx-sdma 20ec000.sdma: no event needs to be remapped
[13-25-03.653]imx-sdma 20ec000.sdma: loaded firmware 3.3
[13-25-03.653]imx-sdma 20ec000.sdma: initialized
[13-25-03.653]2020000.serial: ttymxc0 at MMIO 0x2020000 (irq = 19, base_baud = 5000000) is a IMX
[13-25-03.675]console [ttymxc0] enabled
[13-25-03.675]21ec000.serial: ttymxc2 at MMIO 0x21ec000 (irq = 228, base_baud = 5000000) is a IMX
[13-25-03.694]imx sema4 driver is registered.
[13-25-03.694][drm] Initialized drm 1.1.0 20060810
[13-25-03.694][drm] Initialized vivante 1.0.0 20120216 on minor 0
[13-25-03.740]brd: module loaded
[13-25-03.755]loop: module loaded
[13-25-03.786]spi_imx 2010000.ecspi: probed
[13-25-03.786]20b4000.ethernet supply phy not found, using dummy regulator
[13-25-04.143]pps pps0: new PPS source ptp0
[13-25-04.162]libphy: fec_enet_mii_bus: probed
[13-25-04.175]fec 20b4000.ethernet eth0: registered PHC device 0
[13-25-04.175]ehci_hcd: USB 2.0 'Enhanced' Host Controller (EHCI) Driver
[13-25-04.190]ehci-mxc: Freescale On-Chip EHCI Host driver
[13-25-04.190]ohci_hcd: USB 1.1 'Open' Host Controller (OHCI) Driver
[13-25-04.212]usbcore: registered new interface driver usb-storage
[13-25-04.212]2184800.usbmisc supply vbus-wakeup not found, using dummy regulator
[13-25-04.220]2184000.usb supply vbus not found, using dummy regulator
[13-25-04.236]2184200.usb supply vbus not found, using dummy regulator
[13-25-04.267]ci_hdrc ci_hdrc.1: EHCI Host Controller
[13-25-04.267]ci_hdrc ci_hdrc.1: new USB bus registered, assigned bus number 1
[13-25-04.282]ci_hdrc ci_hdrc.1: USB 2.0 started, EHCI 1.00
[13-25-04.298]hub 1-0:1.0: USB hub found
[13-25-04.298]hub 1-0:1.0: 1 port detected
[13-25-04.314]mousedev: PS/2 mouse device common for all mice
[13-25-04.330]input: 20cc000.snvs:snvs-powerkey as /devices/platform/soc/2000000.aips-bus/20cc000.snvs/20cc000.snvs:snvs-powerkey/input/input0
[13-25-04.624]usb 1-1: new high-speed USB device number 2 using ci_hdrc
[13-25-04.664]input: edt-ft5426 as /devices/platform/soc/2100000.aips-bus/21a4000.i2c/i2c-1/1-0038/input/input1
[13-25-04.698]snvs_rtc 20cc000.snvs:snvs-rtc-lp: rtc core: registered 20cc000.snvs:snvs-r as rtc0
[13-25-04.698]i2c /dev entries driver
[13-25-04.698]IR NEC protocol handler initialized
[13-25-04.698]IR RC5(x/sz) protocol handler initialized
[13-25-04.717]IR RC6 protocol handler initialized
[13-25-04.717]IR JVC protocol handler initialized
[13-25-04.717]IR Sony protocol handler initialized
[13-25-04.733]IR SANYO protocol handler initialized
[13-25-04.734]IR Sharp protocol handler initialized
[13-25-04.748]IR MCE Keyboard/mouse protocol handler initialized
[13-25-04.748]IR XMP protocol handler initialized
[13-25-04.762]pxp-v4l2 pxp_v4l2: initialized
[13-25-04.762]imx2-wdt 20bc000.wdog: use WDOG_B to reboot.
[13-25-04.784]imx2-wdt 20bc000.wdog: timeout 60 sec (nowayout=0)
[13-25-04.784]hub 1-1:1.0: USB hub found
[13-25-04.793]sdhci: Secure Digital Host Controller Interface driver
[13-25-04.793]sdhci: Copyright(c) Pierre Ossman
[13-25-04.809]hub 1-1:1.0: 4 ports detected
[13-25-04.809]sdhci-pltfm: SDHCI platform and OF driver helper
[13-25-04.828]/soc/aips-bus@02100000/usdhc@02190000: voltage-ranges unspecified
[13-25-04.828]sdhci-esdhc-imx 2190000.usdhc: Got CD GPIO
[13-25-04.840]sdhci-esdhc-imx 2190000.usdhc: No vqmmc regulator found
[13-25-04.885]mmc0: SDHCI controller on 2190000.usdhc [2190000.usdhc] using ADMA
[13-25-04.917]/soc/aips-bus@02100000/usdhc@02194000: voltage-ranges unspecified
[13-25-04.931]sdhci-esdhc-imx 2194000.usdhc: No vmmc regulator found
[13-25-04.931]sdhci-esdhc-imx 2194000.usdhc: No vqmmc regulator found
[13-25-04.979]mmc0: host does not support reading read-only switch, assuming write-enable
[13-25-04.994]mmc1: SDHCI controller on 2194000.usdhc [2194000.usdhc] using ADMA
[13-25-05.010]usbcore: registered new interface driver usbhid
[13-25-05.010]mmc0: new high speed SDHC card at address 0001
[13-25-05.026]usbhid: USB HID core driver
[13-25-05.026]mmcblk0: mmc0:0001 SD 29.1 GiB 
[13-25-05.039] mmcblk0: p1
[13-25-05.039]NET: Registered protocol family 10
[13-25-05.055]sit: IPv6 over IPv4 tunneling driver
[13-25-05.086]NET: Registered protocol family 17
[13-25-05.086]lib80211: common routines for IEEE802.11 drivers
[13-25-05.086]Key type dns_resolver registered
[13-25-05.133]Registering SWP/SWPB emulation handler
[13-25-05.146]snvs_rtc 20cc000.snvs:snvs-rtc-lp: setting system clock to 1970-01-01 00:26:08 UTC (1568)
[13-25-05.162]mmc1: MAN_BKOPS_EN bit is not set
[13-25-05.177]fec 20b4000.ethernet eth0: Freescale FEC PHY driver [RTL8201F Fast Ethernet] (mii_bus:phy_addr=20b4000.ethernet:01, irq=169)
[13-25-05.205]mmc1: new DDR MMC card at address 0001
[13-25-05.205]mmcblk1: mmc1:0001 8GTF4R 7.28 GiB 
[13-25-05.208]mmcblk1boot0: mmc1:0001 8GTF4R partition 1 4.00 MiB
[13-25-05.222]IPv6: ADDRCONF(NETDEV_UP): eth0: link is not ready
[13-25-05.222]mmcblk1boot1: mmc1:0001 8GTF4R partition 2 4.00 MiB
[13-25-05.239]mmcblk1rpmb: mmc1:0001 8GTF4R partition 3 512 KiB
[13-25-05.239] mmcblk1: p1 p2
[13-25-08.629]fec 20b4000.ethernet eth0: Link is Up - 100Mbps/Full - flow control rx/tx
[13-25-08.645]IPv6: ADDRCONF(NETDEV_CHANGE): eth0: link becomes ready
[13-25-08.661]IP-Config: Complete:
[13-25-08.661]     device=eth0, hwaddr=b8:ae:1d:01:00:00, ipaddr=192.168.10.11, mask=255.255.255.0, gw=192.168.10.1
[13-25-08.676]     host=192.168.10.11, domain=, nis-domain=(none)
[13-25-08.676]     bootserver=192.168.10.111, rootserver=192.168.10.111, rootpath=
[13-25-08.691]can-3v3: disabling
[13-25-09.728]VFS: Mounted root (nfs filesystem) on device 0:14.
[13-25-09.728]devtmpfs: mounted
[13-25-09.741]Freeing unused kernel memory: 432K (808ca000 - 80936000)
[13-25-10.311]BOOTMARK:USERSPACE_START
[13-25-10.311]BOOTMARK:CONSOLE_READY
[13-25-10.327]
[13-25-15.836]Please press Enter to activate this console. 
[13-25-15.836]
