[19-00-23.831]U-Boot 2016.03 (Jul 31 2026 - 17:18:08 +0800)
[19-00-23.831]
[19-00-23.846]CPU:   Freescale i.MX6ULL rev1.1 69 MHz (running at 396 MHz)
[19-00-23.862]CPU:   Industrial temperature grade (-40C to 105C) at 50C
[19-00-23.862]Reset cause: POR
[19-00-23.862]Board: MX6ULL EMMC LZY
[19-00-23.862]I2C:   ready
[19-00-23.862]DRAM:  512 MiB
[19-00-23.939]MMC:   FSL_SDHC: 0, FSL_SDHC: 1
[19-00-24.031]Display: TFT7016 (1024x600)
[19-00-24.062]Video: 1024x600x24
[19-00-24.062]In:    serial
[19-00-24.062]Out:   serial
[19-00-24.062]Err:   serial
[19-00-24.154]switch to partitions #0, OK
[19-00-24.154]mmc0 is current device
[19-00-24.340]Net:   FEC1
[19-00-24.340]Normal Boot
[19-00-25.341]Hit any key to stop autoboot:  0 
[19-00-25.342]BOOTMARK:TFTP_KERNEL_START
[19-00-27.693]FEC1 Waiting for PHY auto negotiation to complete..... done
[19-00-27.790]Using FEC1 device
[19-00-27.790]TFTP from server 192.168.10.111; our IP address is 192.168.10.11
[19-00-27.790]Filename 'zImage'.
[19-00-27.801]Load address: 0x80800000
[19-00-33.167]Loading: #################################################################
[19-00-33.519]         #################################################################
[19-00-33.936]         #################################################################
[19-00-34.196]         #################################################################
[19-00-34.554]         #################################################################
[19-00-34.781]         ##########################################
[19-00-34.781]         754.9 KiB/s
[19-00-34.781]done
[19-00-34.781]Bytes transferred = 5386080 (522f60 hex)
[19-00-34.781]BOOTMARK:TFTP_KERNEL_END
[19-00-34.781]BOOTMARK:TFTP_DTB_START
[19-00-34.883]Using FEC1 device
[19-00-34.883]TFTP from server 192.168.10.111; our IP address is 192.168.10.11
[19-00-34.883]Filename 'imx6ull-emmc-lzy.dtb'.
[19-00-34.890]Load address: 0x83000000
[19-00-34.915]Loading: ###
[19-00-34.915]         2.1 MiB/s
[19-00-34.915]done
[19-00-34.915]Bytes transferred = 40314 (9d7a hex)
[19-00-34.915]BOOTMARK:TFTP_DTB_END
[19-00-34.915]BOOTMARK:KERNEL_START
[19-00-34.926]Kernel image @ 0x80800000 [ 0x000000 - 0x522f60 ]
[19-00-34.926]## Flattened Device Tree blob at 83000000
[19-00-34.926]   Booting using the fdt blob at 0x83000000
[19-00-34.936]   Using Device Tree in place at 83000000, end 8300cd79
[19-00-34.967]
[19-00-34.967]Starting kernel ...
[19-00-34.967]
[19-00-35.840]Booting Linux on physical CPU 0x0
[19-00-35.848]Linux version 4.1.15+ (lzy@lzy) (gcc version 4.9.4 (Linaro GCC 4.9-2017.01) ) #12 SMP PREEMPT Thu Oct 1 20:00:21 CST 2026
[19-00-35.857]CPU: ARMv7 Processor [410fc075] revision 5 (ARMv7), cr=10c5387d
[19-00-35.857]CPU: PIPT / VIPT nonaliasing data cache, VIPT aliasing instruction cache
[19-00-35.868]Machine model: Freescale i.MX6 ULL 14x14 EVK Board
[19-00-35.868]Reserved memory: created CMA memory pool at 0x98000000, size 128 MiB
[19-00-35.880]Reserved memory: initialized node linux,cma, compatible id shared-dma-pool
[19-00-35.880]Memory policy: Data cache writealloc
[19-00-35.888]PERCPU: Embedded 12 pages/cpu @97b8f000 s16768 r8192 d24192 u49152
[19-00-35.899]Built 1 zonelists in Zone order, mobility grouping on.  Total pages: 130048
[19-00-35.910]Kernel command line: console=tty1 console=ttymxc0,115200 root=/dev/nfs rw nfsroot=192.168.10.111:/home/lzy/linux/nfs/rootfs,proto=tcp,nfsvers=3 ip=192.168.10.11:192.168.10.111:192.168.10.1:255.255.255.0::eth0:off
[19-00-35.918]PID hash table entries: 2048 (order: 1, 8192 bytes)
[19-00-35.918]Dentry cache hash table entries: 65536 (order: 6, 262144 bytes)
[19-00-35.930]Inode-cache hash table entries: 32768 (order: 5, 131072 bytes)
[19-00-35.940]Memory: 378088K/524288K available (6714K kernel code, 302K rwdata, 2252K rodata, 432K init, 424K bss, 15128K reserved, 131072K cma-reserved, 0K highmem)
[19-00-35.949]Virtual kernel memory layout:
[19-00-35.949]    vector  : 0xffff0000 - 0xffff1000   (   4 kB)
[19-00-35.949]    fixmap  : 0xffc00000 - 0xfff00000   (3072 kB)
[19-00-35.960]    vmalloc : 0xa0800000 - 0xff000000   (1512 MB)
[19-00-35.960]    lowmem  : 0x80000000 - 0xa0000000   ( 512 MB)
[19-00-35.972]    pkmap   : 0x7fe00000 - 0x80000000   (   2 MB)
[19-00-35.972]    modules : 0x7f000000 - 0x7fe00000   (  14 MB)
[19-00-35.980]      .text : 0x80008000 - 0x808c9d44   (8968 kB)
[19-00-35.980]      .init : 0x808ca000 - 0x80936000   ( 432 kB)
[19-00-35.980]      .data : 0x80936000 - 0x80981940   ( 303 kB)
[19-00-35.992]       .bss : 0x80984000 - 0x809ee174   ( 425 kB)
[19-00-35.992]SLUB: HWalign=64, Order=0-3, MinObjects=0, CPUs=1, Nodes=1
[19-00-36.002]Preemptible hierarchical RCU implementation.
[19-00-36.002]        Additional per-CPU info printed with stalls.
[19-00-36.011]        RCU restricting CPUs from NR_CPUS=4 to nr_cpu_ids=1.
[19-00-36.011]RCU: Adjusting geometry for rcu_fanout_leaf=16, nr_cpu_ids=1
[19-00-36.011]NR_IRQS:16 nr_irqs:16 16
[19-00-36.022]mxc_clocksource_init 3000000
[19-00-36.022]Switching to timer-based delay loop, resolution 333ns
[19-00-36.033]sched_clock: 32 bits at 3000kHz, resolution 333ns, wraps every 715827882841ns
[19-00-36.042]clocksource mxc_timer1: mask: 0xffffffff max_cycles: 0xffffffff, max_idle_ns: 637086815595 ns
[19-00-36.042]Console: colour dummy device 80x30
[19-00-36.042]console [tty1] enabled
[19-00-36.053]Calibrating delay loop (skipped), value calculated using timer frequency.. 6.00 BogoMIPS (lpj=30000)
[19-00-36.053]pid_max: default: 32768 minimum: 301
[19-00-36.063]Mount-cache hash table entries: 1024 (order: 0, 4096 bytes)
[19-00-36.063]Mountpoint-cache hash table entries: 1024 (order: 0, 4096 bytes)
[19-00-36.073]CPU: Testing write buffer coherency: ok
[19-00-36.073]/cpus/cpu@0 missing clock-frequency property
[19-00-36.084]CPU0: thread -1, cpu 0, socket 0, mpidr 80000000
[19-00-36.084]Setting up static identity map for 0x80008280 - 0x800082d8
[19-00-36.084]Brought up 1 CPUs
[19-00-36.094]SMP: Total of 1 processors activated (6.00 BogoMIPS).
[19-00-36.094]CPU: All CPU(s) started in SVC mode.
[19-00-36.094]devtmpfs: initialized
[19-00-36.103]device-tree: Duplicate name in lcdif@021c8000, renamed to "display#1"
[19-00-36.103]VFP support v0.3: implementor 41 architecture 2 part 30 variant 7 rev 5
[19-00-36.114]clocksource jiffies: mask: 0xffffffff max_cycles: 0xffffffff, max_idle_ns: 19112604462750000 ns
[19-00-36.125]pinctrl core: initialized pinctrl subsystem
[19-00-36.125]NET: Registered protocol family 16
[19-00-36.134]DMA: preallocated 256 KiB pool for atomic coherent allocations
[19-00-36.134]cpuidle: using governor ladder
[19-00-36.134]cpuidle: using governor menu
[19-00-36.145]hw-breakpoint: found 5 (+1 reserved) breakpoint and 4 watchpoint registers.
[19-00-36.145]hw-breakpoint: maximum watchpoint size is 8 bytes.
[19-00-36.156]imx6ul-pinctrl 20e0000.iomuxc: initialized IMX pinctrl driver
[19-00-36.156]imx6ul-pinctrl 2290000.iomuxc-snvs: initialized IMX pinctrl driver
[19-00-36.165]mxs-dma 1804000.dma-apbh: initialized
[19-00-36.165]SCSI subsystem initialized
[19-00-36.165]usbcore: registered new interface driver usbfs
[19-00-36.176]usbcore: registered new interface driver hub
[19-00-36.176]usbcore: registered new device driver usb
[19-00-36.176]i2c i2c-0: IMX I2C adapter registered
[19-00-36.176]i2c i2c-0: can't use DMA
[19-00-36.187]i2c i2c-1: IMX I2C adapter registered
[19-00-36.187]i2c i2c-1: can't use DMA
[19-00-36.187]Linux video capture interface: v2.00
[19-00-36.196]pps_core: LinuxPPS API ver. 1 registered
[19-00-36.207]pps_core: Software ver. 5.3.6 - Copyright 2005-2007 Rodolfo Giometti <giometti@linux.it>
[19-00-36.207]PTP clock support registered
[19-00-36.207]Switched to clocksource mxc_timer1
[19-00-36.207]NET: Registered protocol family 2
[19-00-36.218]TCP established hash table entries: 4096 (order: 2, 16384 bytes)
[19-00-36.227]TCP bind hash table entries: 4096 (order: 3, 32768 bytes)
[19-00-36.227]TCP: Hash tables configured (established 4096 bind 4096)
[19-00-36.227]UDP hash table entries: 256 (order: 1, 8192 bytes)
[19-00-36.238]UDP-Lite hash table entries: 256 (order: 1, 8192 bytes)
[19-00-36.238]NET: Registered protocol family 1
[19-00-36.249]RPC: Registered named UNIX socket transport module.
[19-00-36.260]RPC: Registered udp transport module.
[19-00-36.260]RPC: Registered tcp transport module.
[19-00-36.260]RPC: Registered tcp NFSv4.1 backchannel transport module.
[19-00-36.260]imx rpmsg driver is registered.
[19-00-36.260]Bus freq driver module loaded
[19-00-36.269]futex hash table entries: 256 (order: 2, 16384 bytes)
[19-00-36.269]VFS: Disk quotas dquot_6.6.0
[19-00-36.279]VFS: Dquot-cache hash table entries: 1024 (order 0, 4096 bytes)
[19-00-36.279]NFS: Registering the id_resolver key type
[19-00-36.279]Key type id_resolver registered
[19-00-36.288]Key type id_legacy registered
[19-00-36.288]jffs2: version 2.2. (NAND) © 2001-2006 Red Hat, Inc.
[19-00-36.288]fuse init (API version 7.23)
[19-00-36.300]io scheduler noop registered
[19-00-36.300]io scheduler deadline registered
[19-00-36.300]io scheduler cfq registered (default)
[19-00-36.300]imx-weim 21b8000.weim: Driver registered.
[19-00-36.310]backlight supply power not found, using dummy regulator
[19-00-36.319]21c8000.lcdif supply lcd not found, using dummy regulator
[19-00-36.319]mxsfb 21c8000.lcdif: failed to find mxc display driver 
[19-00-36.319]Console: switching to colour frame buffer device 128x37
[19-00-36.330]mxsfb 21c8000.lcdif: initialized
[19-00-36.330]imx-sdma 20ec000.sdma: no event needs to be remapped
[19-00-36.331]imx-sdma 20ec000.sdma: loaded firmware 3.3
[19-00-36.342]imx-sdma 20ec000.sdma: initialized
[19-00-36.354]2020000.serial: ttymxc0 at MMIO 0x2020000 (irq = 19, base_baud = 5000000) is a IMX
[19-00-36.354]console [ttymxc0] enabled
[19-00-36.357]21ec000.serial: ttymxc2 at MMIO 0x21ec000 (irq = 228, base_baud = 5000000) is a IMX
[19-00-36.373]imx sema4 driver is registered.
[19-00-36.373][drm] Initialized drm 1.1.0 20060810
[19-00-36.388][drm] Initialized vivante 1.0.0 20120216 on minor 0
[19-00-36.420]brd: module loaded
[19-00-36.435]loop: module loaded
[19-00-36.450]spi_imx 2010000.ecspi: probed
[19-00-36.465]20b4000.ethernet supply phy not found, using dummy regulator
[19-00-36.836]pps pps0: new PPS source ptp0
[19-00-36.858]libphy: fec_enet_mii_bus: probed
[19-00-36.858]fec 20b4000.ethernet eth0: registered PHC device 0
[19-00-36.875]ehci_hcd: USB 2.0 'Enhanced' Host Controller (EHCI) Driver
[19-00-36.875]ehci-mxc: Freescale On-Chip EHCI Host driver
[19-00-36.885]ohci_hcd: USB 1.1 'Open' Host Controller (OHCI) Driver
[19-00-36.901]usbcore: registered new interface driver usb-storage
[19-00-36.901]2184800.usbmisc supply vbus-wakeup not found, using dummy regulator
[19-00-36.916]2184000.usb supply vbus not found, using dummy regulator
[19-00-36.931]2184200.usb supply vbus not found, using dummy regulator
[19-00-36.946]ci_hdrc ci_hdrc.1: EHCI Host Controller
[19-00-36.946]ci_hdrc ci_hdrc.1: new USB bus registered, assigned bus number 1
[19-00-36.977]ci_hdrc ci_hdrc.1: USB 2.0 started, EHCI 1.00
[19-00-36.999]hub 1-0:1.0: USB hub found
[19-00-37.000]hub 1-0:1.0: 1 port detected
[19-00-37.000]mousedev: PS/2 mouse device common for all mice
[19-00-37.023]input: 20cc000.snvs:snvs-powerkey as /devices/platform/soc/2000000.aips-bus/20cc000.snvs/20cc000.snvs:snvs-powerkey/input/input0
[19-00-37.316]usb 1-1: new high-speed USB device number 2 using ci_hdrc
[19-00-37.355]input: edt-ft5426 as /devices/platform/soc/2100000.aips-bus/21a4000.i2c/i2c-1/1-0038/input/input1
[19-00-37.382]snvs_rtc 20cc000.snvs:snvs-rtc-lp: rtc core: registered 20cc000.snvs:snvs-r as rtc0
[19-00-37.382]i2c /dev entries driver
[19-00-37.382]IR NEC protocol handler initialized
[19-00-37.393]IR RC5(x/sz) protocol handler initialized
[19-00-37.393]IR RC6 protocol handler initialized
[19-00-37.409]IR JVC protocol handler initialized
[19-00-37.409]IR Sony protocol handler initialized
[19-00-37.423]IR SANYO protocol handler initialized
[19-00-37.423]IR Sharp protocol handler initialized
[19-00-37.449]IR MCE Keyboard/mouse protocol handler initialized
[19-00-37.449]IR XMP protocol handler initialized
[19-00-37.449]pxp-v4l2 pxp_v4l2: initialized
[19-00-37.454]imx2-wdt 20bc000.wdog: use WDOG_B to reboot.
[19-00-37.470]imx2-wdt 20bc000.wdog: timeout 60 sec (nowayout=0)
[19-00-37.470]hub 1-1:1.0: USB hub found
[19-00-37.486]sdhci: Secure Digital Host Controller Interface driver
[19-00-37.486]sdhci: Copyright(c) Pierre Ossman
[19-00-37.500]hub 1-1:1.0: 4 ports detected
[19-00-37.500]sdhci-pltfm: SDHCI platform and OF driver helper
[19-00-37.516]/soc/aips-bus@02100000/usdhc@02190000: voltage-ranges unspecified
[19-00-37.516]sdhci-esdhc-imx 2190000.usdhc: Got CD GPIO
[19-00-37.531]sdhci-esdhc-imx 2190000.usdhc: No vqmmc regulator found
[19-00-37.578]mmc0: SDHCI controller on 2190000.usdhc [2190000.usdhc] using ADMA
[19-00-37.593]/soc/aips-bus@02100000/usdhc@02194000: voltage-ranges unspecified
[19-00-37.624]sdhci-esdhc-imx 2194000.usdhc: No vmmc regulator found
[19-00-37.624]sdhci-esdhc-imx 2194000.usdhc: No vqmmc regulator found
[19-00-37.671]mmc0: host does not support reading read-only switch, assuming write-enable
[19-00-37.686]mmc1: SDHCI controller on 2194000.usdhc [2194000.usdhc] using ADMA
[19-00-37.686]mmc0: new high speed SDHC card at address 0001
[19-00-37.717]usbcore: registered new interface driver usbhid
[19-00-37.717]mmcblk0: mmc0:0001 SD 29.1 GiB 
[19-00-37.717]usbhid: USB HID core driver
[19-00-37.717] mmcblk0: p1
[19-00-37.748]NET: Registered protocol family 10
[19-00-37.748]sit: IPv6 over IPv4 tunneling driver
[19-00-37.763]NET: Registered protocol family 17
[19-00-37.763]lib80211: common routines for IEEE802.11 drivers
[19-00-37.778]Key type dns_resolver registered
[19-00-37.824]Registering SWP/SWPB emulation handler
[19-00-37.841]snvs_rtc 20cc000.snvs:snvs-rtc-lp: setting system clock to 1970-01-01 01:29:48 UTC (5388)
[19-00-37.858]mmc1: MAN_BKOPS_EN bit is not set
[19-00-37.872]fec 20b4000.ethernet eth0: Freescale FEC PHY driver [RTL8201F Fast Ethernet] (mii_bus:phy_addr=20b4000.ethernet:01, irq=169)
[19-00-37.887]mmc1: new DDR MMC card at address 0001
[19-00-37.902]mmcblk1: mmc1:0001 8GTF4R 7.28 GiB 
[19-00-37.902]IPv6: ADDRCONF(NETDEV_UP): eth0: link is not ready
[19-00-37.917]mmcblk1boot0: mmc1:0001 8GTF4R partition 1 4.00 MiB
[19-00-37.917]mmcblk1boot1: mmc1:0001 8GTF4R partition 2 4.00 MiB
[19-00-37.917]mmcblk1rpmb: mmc1:0001 8GTF4R partition 3 512 KiB
[19-00-37.932] mmcblk1: p1 p2
[19-00-41.541]fec 20b4000.ethernet eth0: Link is Up - 100Mbps/Full - flow control rx/tx
[19-00-41.548]IPv6: ADDRCONF(NETDEV_CHANGE): eth0: link becomes ready
[19-00-41.564]IP-Config: Complete:
[19-00-41.579]     device=eth0, hwaddr=b8:ae:1d:01:00:00, ipaddr=192.168.10.11, mask=255.255.255.0, gw=192.168.10.1
[19-00-41.580]     host=192.168.10.11, domain=, nis-domain=(none)
[19-00-41.595]     bootserver=192.168.10.111, rootserver=192.168.10.111, rootpath=
[19-00-41.595]can-3v3: disabling
[19-00-42.614]VFS: Mounted root (nfs filesystem) on device 0:14.
[19-00-42.614]devtmpfs: mounted
[19-00-42.629]Freeing unused kernel memory: 432K (808ca000 - 80936000)
[19-00-42.922]cut: /proc/uptime: No such file or directory
[19-00-42.922]BOOTMARK:USERSPACE_START uptime=
[19-00-43.138]/etc/init.d/rcS: line 18: ：: not found
[19-00-43.138]BOOTMARK:CONSOLE_READY uptime=7.84
[19-00-43.152]
[19-02-02.837]Please press Enter to activate this console. random: nonblocking pool is initialized
[19-07-32.978]
[19-07-32.978]
